******************************************************************************
                  TI ARM Linker PC v20.2.7                     
******************************************************************************
>> Linked Thu Nov 20 15:11:16 2025

OUTPUT FILE NAME:   <group_30_smartwatch.out>
ENTRY POINT SYMBOL: "_c_int00_noargs"  address: 00001bf5


MEMORY CONFIGURATION

         name            origin    length      used     unused   attr    fill
----------------------  --------  ---------  --------  --------  ----  --------
  MAIN                  00000000   00040000  000022ec  0003dd14  R  X
  INFO                  00200000   00004000  00000000  00004000  R  X
  SRAM_CODE             01000000   00010000  0000022e  0000fdd2  RW X
  SRAM_DATA             20000000   00010000  0000022e  0000fdd2  RW  


SEGMENT ALLOCATION MAP

run origin  load origin   length   init length attrs members
----------  ----------- ---------- ----------- ----- -------
00000000    00000000    000022f0   000022f0    r-x
  00000000    00000000    000000e4   000000e4    r-- .intvecs
  000000e4    000000e4    00001d0c   00001d0c    r-x .text
  00001df0    00001df0    000004b4   000004b4    r-- .const
  000022a8    000022a8    00000048   00000048    r-- .cinit
20000000    20000000    0000002e   00000000    rw-
  20000000    20000000    00000024   00000000    rw- .data
  20000024    20000024    0000000a   00000000    rw- .bss
2000fe00    2000fe00    00000200   00000000    rw-
  2000fe00    2000fe00    00000200   00000000    rw- .stack


SECTION ALLOCATION MAP

 output                                  attributes/
section   page    origin      length       input sections
--------  ----  ----------  ----------   ----------------
.intvecs   0    00000000    000000e4     
                  00000000    000000e4     startup_msp432p401r_ccs.obj (.intvecs:retain)

.text      0    000000e4    00001d0c     
                  000000e4    00000680     Crystalfontz128x128_ST7735.obj (.text)
                  00000764    0000047e     grlib.a : string.obj (.text:Graphics_drawString)
                  00000be2    00000002     --HOLE-- [fill = 0]
                  00000be4    00000334     system_msp432p401r.obj (.text)
                  00000f18    000002b4     main.obj (.text)
                  000011cc    00000160     msp432p4xx_driverlib.lib : adc14.o (.text:_getIndexForMemRegister)
                  0000132c    000000fa     grlib.a : string.obj (.text:Graphics_getStringWidth)
                  00001426    00000002     --HOLE-- [fill = 0]
                  00001428    000000cc     HAL_MSP_EXP432P401R_Crystalfontz128x128_ST7735.obj (.text)
                  000014f4    000000b4     msp432p4xx_driverlib.lib : adc14.o (.text:ADC14_configureConversionMemory)
                  000015a8    000000b4                              : adc14.o (.text:ADC14_configureMultiSequenceMode)
                  0000165c    000000b0                              : spi.o (.text:SPI_initMaster)
                  0000170c    0000009c     grlib.a : line.obj (.text:Graphics_drawLineH)
                  000017a8    0000009c     rtsv7M4_T_le_v4SPD16_eabi.lib : memcpy_t2.asm.obj (.text)
                  00001844    00000088     msp432p4xx_driverlib.lib : gpio.o (.text:GPIO_setAsPeripheralModuleFunctionOutputPin)
                  000018cc    0000007a     task_footsteps.obj (.text)
                  00001946    00000002     --HOLE-- [fill = 0]
                  00001948    0000006e     task_clock.obj (.text)
                  000019b6    00000068     rtsv7M4_T_le_v4SPD16_eabi.lib : copy_decompress_lzss.c.obj (.text:decompress:lzss:__TI_decompress_lzss)
                  00001a1e    00000052     grlib.a : context.obj (.text:Graphics_initContext)
                  00001a70    00000048             : string.obj (.text:Graphics_drawStringCentered)
                  00001ab8    00000044     rtsv7M4_T_le_v4SPD16_eabi.lib : autoinit.c.obj (.text:__TI_auto_init_nobinit_nopinit:__TI_auto_init_nobinit_nopinit)
                  00001afc    00000040     msp432p4xx_driverlib.lib : gpio.o (.text:GPIO_setAsOutputPin)
                  00001b3c    00000040     grlib.a : string.obj (.text:Graphics_getNumberOfLeadingZeros)
                  00001b7c    00000040     msp432p4xx_driverlib.lib : spi.o (.text:is_A_Module)
                  00001bbc    00000036     grlib.a : display.obj (.text:Graphics_drawHorizontalLineOnDisplay)
                  00001bf2    00000002     --HOLE-- [fill = 0]
                  00001bf4    00000034     rtsv7M4_T_le_v4SPD16_eabi.lib : boot_cortex_m.c.obj (.text:_c_int00_noargs:_c_int00_noargs)
                  00001c28    0000002c     grlib.a : display.obj (.text:Graphics_drawPixelOnDisplay)
                  00001c54    00000028     msp432p4xx_driverlib.lib : adc14.o (.text:ADC14_getResult)
                  00001c7c    00000028                              : gpio.o (.text:GPIO_setOutputHighOnPin)
                  00001ca4    00000028                              : gpio.o (.text:GPIO_setOutputLowOnPin)
                  00001ccc    0000001c                              : spi.o (.text:SPI_enableModule)
                  00001ce8    0000001c     rtsv7M4_T_le_v4SPD16_eabi.lib : copy_zero_init.c.obj (.text:decompress:ZI:__TI_zero_init_nomemset:__TI_zero_init_nomemset)
                  00001d04    0000001a     grlib.a : display.obj (.text:Graphics_clearDisplayOnDisplay)
                  00001d1e    0000001a             : context.obj (.text:Graphics_setBackgroundColor)
                  00001d38    0000001a             : context.obj (.text:Graphics_setFont)
                  00001d52    00000016     msp432p4xx_driverlib.lib : spi.o (.text:EUSCI_A_SPI_enable)
                  00001d68    00000016                              : spi.o (.text:EUSCI_B_SPI_enable)
                  00001d7e    00000016     grlib.a : context.obj (.text:Graphics_setForegroundColor)
                  00001d94    00000016             : display.obj (.text:Graphics_translateColorOnDisplay)
                  00001daa    00000012             : context.obj (.text:Graphics_clearDisplay)
                  00001dbc    00000010     msp432p4xx_driverlib.lib : adc14.o (.text:ADCIsConversionRunning)
                  00001dcc    0000000e     rtsv7M4_T_le_v4SPD16_eabi.lib : copy_decompress_none.c.obj (.text:decompress:none:__TI_decompress_none)
                  00001dda    0000000e     startup_msp432p401r_ccs.obj (.text)
                  00001de8    00000004     rtsv7M4_T_le_v4SPD16_eabi.lib : pre_init.c.obj (.text:_system_pre_init)
                  00001dec    00000004                                   : exit.c.obj (.text:abort:abort)

.const     0    00001df0    000004b4     
                  00001df0    000002f8     grlib.a : fontfixed6x8.obj (.const:.string:g_pucFontFixed6x8Data)
                  000020e8    000000c8             : fontfixed6x8.obj (.const:g_sFontFixed6x8)
                  000021b0    00000080     msp432p4xx_driverlib.lib : adc14.o (.const:_ctlRegs)
                  00002230    00000030                              : gpio.o (.const:GPIO_PORT_TO_BASE)
                  00002260    00000020     Crystalfontz128x128_ST7735.obj (.const:g_sCrystalfontz128x128_funcs)
                  00002280    0000001c     HAL_MSP_EXP432P401R_Crystalfontz128x128_ST7735.obj (.const:$P$T0$1)
                  0000229c    00000008     Crystalfontz128x128_ST7735.obj (.const:$P$T0$1)

.cinit     0    000022a8    00000048     
                  000022a8    0000001f     (.cinit..data.load) [load image, compression = lzss]
                  000022c7    00000001     --HOLE-- [fill = 0]
                  000022c8    0000000c     (__TI_handler_table)
                  000022d4    00000004     --HOLE-- [fill = 0]
                  000022d8    00000008     (.cinit..bss.load) [load image, compression = zero_init]
                  000022e0    00000010     (__TI_cinit_table)

.init_array 
*          0    00000000    00000000     UNINITIALIZED

.binit     0    00000000    00000000     

.data      0    20000000    00000024     UNINITIALIZED
                  20000000    00000010     Crystalfontz128x128_ST7735.obj (.data:g_sCrystalfontz128x128)
                  20000010    00000008     main.obj (.data)
                  20000018    00000008     main.obj (.data:task_handlers)
                  20000020    00000004     system_msp432p401r.obj (.data)

.bss       0    20000024    0000000a     UNINITIALIZED
                  20000024    00000002     (.common:Lcd_ScreenHeigth)
                  20000026    00000002     (.common:Lcd_ScreenWidth)
                  20000028    00000002     (.common:Lcd_TouchTrim)
                  2000002a    00000001     (.common:Lcd_FlagRead)
                  2000002b    00000001     (.common:Lcd_FontSolid)
                  2000002c    00000001     (.common:Lcd_Orientation)
                  2000002d    00000001     (.common:Lcd_PenSolid)

.stack     0    2000fe00    00000200     UNINITIALIZED
                  2000fe00    00000004     rtsv7M4_T_le_v4SPD16_eabi.lib : boot_cortex_m.c.obj (.stack)
                  2000fe04    000001fc     --HOLE--

__llvm_prf_cnts 
*          0    20000000    00000000     UNINITIALIZED

MODULE SUMMARY

       Module                                               code   ro data   rw data
       ------                                               ----   -------   -------
    .\
       system_msp432p401r.obj                               820    0         8      
       main.obj                                             692    0         32     
       startup_msp432p401r_ccs.obj                          14     228       0      
       task_footsteps.obj                                   122    0         0      
       task_clock.obj                                       110    0         0      
    +--+----------------------------------------------------+------+---------+---------+
       Total:                                               1758   228       40     
                                                                                    
    .\LcdDriver\
       Crystalfontz128x128_ST7735.obj                       1664   40        52     
       HAL_MSP_EXP432P401R_Crystalfontz128x128_ST7735.obj   204    28        0      
    +--+----------------------------------------------------+------+---------+---------+
       Total:                                               1868   68        52     
                                                                                    
    C:/ti/simplelink_msp432p4_sdk_3_40_01_02/source/ti/devices/msp432p4xx/driverlib/ccs/msp432p4xx_driverlib.lib
       adc14.o                                              768    128       0      
       gpio.o                                               280    48        0      
       spi.o                                                312    0         0      
    +--+----------------------------------------------------+------+---------+---------+
       Total:                                               1360   176       0      
                                                                                    
    C:/ti/simplelink_msp432p4_sdk_3_40_01_02/source/ti/grlib/lib/ccs/m4/grlib.a
       string.obj                                           1536   0         0      
       fontfixed6x8.obj                                     0      960       0      
       context.obj                                          174    0         0      
       line.obj                                             156    0         0      
       display.obj                                          146    0         0      
    +--+----------------------------------------------------+------+---------+---------+
       Total:                                               2012   960       0      
                                                                                    
    C:\ti\ccs1280\ccs\tools\compiler\ti-cgt-arm_20.2.7.LTS\lib\rtsv7M4_T_le_v4SPD16_eabi.lib
       memcpy_t2.asm.obj                                    156    0         0      
       copy_decompress_lzss.c.obj                           104    0         0      
       autoinit.c.obj                                       68     0         0      
       boot_cortex_m.c.obj                                  52     0         0      
       copy_zero_init.c.obj                                 28     0         0      
       copy_decompress_none.c.obj                           14     0         0      
       exit.c.obj                                           4      0         0      
       pre_init.c.obj                                       4      0         0      
    +--+----------------------------------------------------+------+---------+---------+
       Total:                                               430    0         0      
                                                                                    
       Stack:                                               0      0         1024   
       Linker Generated:                                    0      67        0      
    +--+----------------------------------------------------+------+---------+---------+
       Grand Total:                                         7428   1499      1116   


LINKER GENERATED COPY TABLES

__TI_cinit_table @ 000022e0 records: 2, size/record: 8, table size: 16
	.data: load addr=000022a8, load size=0000001f bytes, run addr=20000000, run size=00000024 bytes, compression=lzss
	.bss: load addr=000022d8, load size=00000008 bytes, run addr=20000024, run size=0000000a bytes, compression=zero_init


LINKER GENERATED HANDLER TABLE

__TI_handler_table @ 000022c8 records: 3, size/record: 4, table size: 12
	index: 0, handler: __TI_decompress_lzss
	index: 1, handler: __TI_decompress_none
	index: 2, handler: __TI_zero_init


GLOBAL SYMBOLS: SORTED ALPHABETICALLY BY Name 

address   name                                       
-------   ----                                       
000010bf  ADC14_IRQHandler                           
000010bf  ADC14_IRQHandler                           
000014f5  ADC14_configureConversionMemory            
000015a9  ADC14_configureMultiSequenceMode           
00001c55  ADC14_getResult                            
00001de7  AES256_IRQHandler                          
00001de7  BusFault_Handler                           
00001ded  C$$EXIT                                    
00001de7  COMP_E0_IRQHandler                         
00001de7  COMP_E1_IRQHandler                         
00001de7  CS_IRQHandler                              
000000e5  Crystalfontz128x128_Init                   
000001f9  Crystalfontz128x128_SetDrawFrame           
00000327  Crystalfontz128x128_SetOrientation         
00001de7  DMA_ERR_IRQHandler                         
00001de7  DMA_INT0_IRQHandler                        
00001de7  DMA_INT1_IRQHandler                        
00001de7  DMA_INT2_IRQHandler                        
00001de7  DMA_INT3_IRQHandler                        
00001de7  DebugMon_Handler                           
00001de7  Default_Handler                            
00001de7  EUSCIA0_IRQHandler                         
00001de7  EUSCIA1_IRQHandler                         
00001de7  EUSCIA2_IRQHandler                         
00001de7  EUSCIA3_IRQHandler                         
00001de7  EUSCIB0_IRQHandler                         
00001de7  EUSCIB1_IRQHandler                         
00001de7  EUSCIB2_IRQHandler                         
00001de7  EUSCIB3_IRQHandler                         
00001d53  EUSCI_A_SPI_enable                         
00001d69  EUSCI_B_SPI_enable                         
00001de7  FLCTL_IRQHandler                           
00001de7  FPU_IRQHandler                             
00001afd  GPIO_setAsOutputPin                        
00001845  GPIO_setAsPeripheralModuleFunctionOutputPin
00001c7d  GPIO_setOutputHighOnPin                    
00001ca5  GPIO_setOutputLowOnPin                     
00001dab  Graphics_clearDisplay                      
00001d05  Graphics_clearDisplayOnDisplay             
00001bbd  Graphics_drawHorizontalLineOnDisplay       
0000170d  Graphics_drawLineH                         
00001c29  Graphics_drawPixelOnDisplay                
00000765  Graphics_drawString                        
00001a71  Graphics_drawStringCentered                
0000132d  Graphics_getStringWidth                    
00001a1f  Graphics_initContext                       
00001d1f  Graphics_setBackgroundColor                
00001d39  Graphics_setFont                           
00001d7f  Graphics_setForegroundColor                
00001d95  Graphics_translateColorOnDisplay           
00001429  HAL_LCD_PortInit                           
00001459  HAL_LCD_SpiInit                            
0000148f  HAL_LCD_writeCommand                       
000014bf  HAL_LCD_writeData                          
00001de7  HardFault_Handler                          
2000002a  Lcd_FlagRead                               
2000002b  Lcd_FontSolid                              
2000002c  Lcd_Orientation                            
2000002d  Lcd_PenSolid                               
20000024  Lcd_ScreenHeigth                           
20000026  Lcd_ScreenWidth                            
20000028  Lcd_TouchTrim                              
00001de7  MemManage_Handler                          
00001de7  NMI_Handler                                
00001de7  PCM_IRQHandler                             
00001de7  PORT1_IRQHandler                           
00001de7  PORT2_IRQHandler                           
00001de7  PORT3_IRQHandler                           
00001de7  PORT4_IRQHandler                           
00001de7  PORT5_IRQHandler                           
00001de7  PORT6_IRQHandler                           
00001de7  PSS_IRQHandler                             
00001de7  PendSV_Handler                             
00001de7  RTC_C_IRQHandler                           
00001ddb  Reset_Handler                              
00001ccd  SPI_enableModule                           
0000165d  SPI_initMaster                             
00001de7  SVC_Handler                                
00001de7  SysTick_Handler                            
20000020  SystemCoreClock                            
00000be5  SystemCoreClockUpdate                      
00000e5d  SystemInit                                 
00001de7  T32_INT1_IRQHandler                        
00001de7  T32_INT2_IRQHandler                        
00001de7  T32_INTC_IRQHandler                        
00001de7  TA0_0_IRQHandler                           
00001de7  TA0_N_IRQHandler                           
00001de7  TA1_0_IRQHandler                           
00001de7  TA1_N_IRQHandler                           
00001de7  TA2_0_IRQHandler                           
00001de7  TA2_N_IRQHandler                           
00001de7  TA3_0_IRQHandler                           
00001de7  TA3_N_IRQHandler                           
00001de7  UsageFault_Handler                         
4000480c  WDTCTL_SYM                                 
00001de7  WDT_A_IRQHandler                           
20010000  __STACK_END                                
00000200  __STACK_SIZE                               
000022e0  __TI_CINIT_Base                            
000022f0  __TI_CINIT_Limit                           
000022c8  __TI_Handler_Table_Base                    
000022d4  __TI_Handler_Table_Limit                   
00001ab9  __TI_auto_init_nobinit_nopinit             
000019b7  __TI_decompress_lzss                       
00001dcd  __TI_decompress_none                       
ffffffff  __TI_pprof_out_hndl                        
ffffffff  __TI_prof_data_size                        
ffffffff  __TI_prof_data_start                       
00000000  __TI_static_base__                         
00001ce9  __TI_zero_init_nomemset                    
000017a9  __aeabi_memcpy                             
000017a9  __aeabi_memcpy4                            
000017a9  __aeabi_memcpy8                            
ffffffff  __binit__                                  
ffffffff  __c_args__                                 
UNDEFED   __mpu_init                                 
2000fe00  __stack                                    
20000000  __start___llvm_prf_cnts                    
20000000  __stop___llvm_prf_cnts                     
00001bf5  _c_int00_noargs                            
UNDEFED   _system_post_cinit                         
00001de9  _system_pre_init                           
00001ded  abort                                      
ffffffff  binit                                      
20000010  current_task                               
20000000  g_sCrystalfontz128x128                     
00002260  g_sCrystalfontz128x128_funcs               
000020e8  g_sFontFixed6x8                            
00000fe7  initADC                                    
00000f25  initGraphics                               
00000000  interruptVectors                           
00001089  main                                       
000017a9  memcpy                                     
00000f19  reset_device                               
00001949  task_clock                                 
000018cd  task_footsteps                             
20000018  task_handlers                              


GLOBAL SYMBOLS: SORTED BY Symbol Address 

address   name                                       
-------   ----                                       
00000000  __TI_static_base__                         
00000000  interruptVectors                           
000000e5  Crystalfontz128x128_Init                   
000001f9  Crystalfontz128x128_SetDrawFrame           
00000200  __STACK_SIZE                               
00000327  Crystalfontz128x128_SetOrientation         
00000765  Graphics_drawString                        
00000be5  SystemCoreClockUpdate                      
00000e5d  SystemInit                                 
00000f19  reset_device                               
00000f25  initGraphics                               
00000fe7  initADC                                    
00001089  main                                       
000010bf  ADC14_IRQHandler                           
000010bf  ADC14_IRQHandler                           
0000132d  Graphics_getStringWidth                    
00001429  HAL_LCD_PortInit                           
00001459  HAL_LCD_SpiInit                            
0000148f  HAL_LCD_writeCommand                       
000014bf  HAL_LCD_writeData                          
000014f5  ADC14_configureConversionMemory            
000015a9  ADC14_configureMultiSequenceMode           
0000165d  SPI_initMaster                             
0000170d  Graphics_drawLineH                         
000017a9  __aeabi_memcpy                             
000017a9  __aeabi_memcpy4                            
000017a9  __aeabi_memcpy8                            
000017a9  memcpy                                     
00001845  GPIO_setAsPeripheralModuleFunctionOutputPin
000018cd  task_footsteps                             
00001949  task_clock                                 
000019b7  __TI_decompress_lzss                       
00001a1f  Graphics_initContext                       
00001a71  Graphics_drawStringCentered                
00001ab9  __TI_auto_init_nobinit_nopinit             
00001afd  GPIO_setAsOutputPin                        
00001bbd  Graphics_drawHorizontalLineOnDisplay       
00001bf5  _c_int00_noargs                            
00001c29  Graphics_drawPixelOnDisplay                
00001c55  ADC14_getResult                            
00001c7d  GPIO_setOutputHighOnPin                    
00001ca5  GPIO_setOutputLowOnPin                     
00001ccd  SPI_enableModule                           
00001ce9  __TI_zero_init_nomemset                    
00001d05  Graphics_clearDisplayOnDisplay             
00001d1f  Graphics_setBackgroundColor                
00001d39  Graphics_setFont                           
00001d53  EUSCI_A_SPI_enable                         
00001d69  EUSCI_B_SPI_enable                         
00001d7f  Graphics_setForegroundColor                
00001d95  Graphics_translateColorOnDisplay           
00001dab  Graphics_clearDisplay                      
00001dcd  __TI_decompress_none                       
00001ddb  Reset_Handler                              
00001de7  AES256_IRQHandler                          
00001de7  BusFault_Handler                           
00001de7  COMP_E0_IRQHandler                         
00001de7  COMP_E1_IRQHandler                         
00001de7  CS_IRQHandler                              
00001de7  DMA_ERR_IRQHandler                         
00001de7  DMA_INT0_IRQHandler                        
00001de7  DMA_INT1_IRQHandler                        
00001de7  DMA_INT2_IRQHandler                        
00001de7  DMA_INT3_IRQHandler                        
00001de7  DebugMon_Handler                           
00001de7  Default_Handler                            
00001de7  EUSCIA0_IRQHandler                         
00001de7  EUSCIA1_IRQHandler                         
00001de7  EUSCIA2_IRQHandler                         
00001de7  EUSCIA3_IRQHandler                         
00001de7  EUSCIB0_IRQHandler                         
00001de7  EUSCIB1_IRQHandler                         
00001de7  EUSCIB2_IRQHandler                         
00001de7  EUSCIB3_IRQHandler                         
00001de7  FLCTL_IRQHandler                           
00001de7  FPU_IRQHandler                             
00001de7  HardFault_Handler                          
00001de7  MemManage_Handler                          
00001de7  NMI_Handler                                
00001de7  PCM_IRQHandler                             
00001de7  PORT1_IRQHandler                           
00001de7  PORT2_IRQHandler                           
00001de7  PORT3_IRQHandler                           
00001de7  PORT4_IRQHandler                           
00001de7  PORT5_IRQHandler                           
00001de7  PORT6_IRQHandler                           
00001de7  PSS_IRQHandler                             
00001de7  PendSV_Handler                             
00001de7  RTC_C_IRQHandler                           
00001de7  SVC_Handler                                
00001de7  SysTick_Handler                            
00001de7  T32_INT1_IRQHandler                        
00001de7  T32_INT2_IRQHandler                        
00001de7  T32_INTC_IRQHandler                        
00001de7  TA0_0_IRQHandler                           
00001de7  TA0_N_IRQHandler                           
00001de7  TA1_0_IRQHandler                           
00001de7  TA1_N_IRQHandler                           
00001de7  TA2_0_IRQHandler                           
00001de7  TA2_N_IRQHandler                           
00001de7  TA3_0_IRQHandler                           
00001de7  TA3_N_IRQHandler                           
00001de7  UsageFault_Handler                         
00001de7  WDT_A_IRQHandler                           
00001de9  _system_pre_init                           
00001ded  C$$EXIT                                    
00001ded  abort                                      
000020e8  g_sFontFixed6x8                            
00002260  g_sCrystalfontz128x128_funcs               
000022c8  __TI_Handler_Table_Base                    
000022d4  __TI_Handler_Table_Limit                   
000022e0  __TI_CINIT_Base                            
000022f0  __TI_CINIT_Limit                           
20000000  __start___llvm_prf_cnts                    
20000000  __stop___llvm_prf_cnts                     
20000000  g_sCrystalfontz128x128                     
20000010  current_task                               
20000018  task_handlers                              
20000020  SystemCoreClock                            
20000024  Lcd_ScreenHeigth                           
20000026  Lcd_ScreenWidth                            
20000028  Lcd_TouchTrim                              
2000002a  Lcd_FlagRead                               
2000002b  Lcd_FontSolid                              
2000002c  Lcd_Orientation                            
2000002d  Lcd_PenSolid                               
2000fe00  __stack                                    
20010000  __STACK_END                                
4000480c  WDTCTL_SYM                                 
ffffffff  __TI_pprof_out_hndl                        
ffffffff  __TI_prof_data_size                        
ffffffff  __TI_prof_data_start                       
ffffffff  __binit__                                  
ffffffff  __c_args__                                 
ffffffff  binit                                      
UNDEFED   __mpu_init                                 
UNDEFED   _system_post_cinit                         

[137 symbols]
