<?xml version="1.0" encoding="ISO-8859-1" ?>
<link_info>
   <banner>TI ARM Linker PC v20.2.7.LTS</banner>
   <copyright>Copyright (c) 1996-2018 Texas Instruments Incorporated</copyright>
   <link_time>0x6932d535</link_time>
   <link_errors>0x0</link_errors>
   <output_file>MSP432_Smart_Watch.out</output_file>
   <entry_point>
      <name>_c_int00_noargs</name>
      <address>0x4ad5</address>
   </entry_point>
   <input_file_list>
      <input_file id="fl-2">
         <path>.\</path>
         <kind>object</kind>
         <file>activity_tracker.obj</file>
         <name>activity_tracker.obj</name>
      </input_file>
      <input_file id="fl-3">
         <path>.\</path>
         <kind>object</kind>
         <file>main.obj</file>
         <name>main.obj</name>
      </input_file>
      <input_file id="fl-4">
         <path>.\</path>
         <kind>object</kind>
         <file>startup_msp432p401r_ccs.obj</file>
         <name>startup_msp432p401r_ccs.obj</name>
      </input_file>
      <input_file id="fl-5">
         <path>.\</path>
         <kind>object</kind>
         <file>system_msp432p401r.obj</file>
         <name>system_msp432p401r.obj</name>
      </input_file>
      <input_file id="fl-6">
         <path>.\</path>
         <kind>object</kind>
         <file>time display.obj</file>
         <name>time display.obj</name>
      </input_file>
      <input_file id="fl-7">
         <path>.\LcdDriver\</path>
         <kind>object</kind>
         <file>Crystalfontz128x128_ST7735.obj</file>
         <name>Crystalfontz128x128_ST7735.obj</name>
      </input_file>
      <input_file id="fl-8">
         <path>.\LcdDriver\</path>
         <kind>object</kind>
         <file>HAL_MSP_EXP432P401R_Crystalfontz128x128_ST7735.obj</file>
         <name>HAL_MSP_EXP432P401R_Crystalfontz128x128_ST7735.obj</name>
      </input_file>
      <input_file id="fl-e">
         <kind>object</kind>
         <file>&lt;internal&gt;</file>
         <name>&lt;internal&gt;</name>
      </input_file>
      <input_file id="fl-c4">
         <path>C:\ti\ccs1280\ccs\tools\compiler\ti-cgt-arm_20.2.7.LTS\lib\</path>
         <kind>archive</kind>
         <file>rtsv7M4_T_le_v4SPD16_eabi.lib</file>
         <name>e_sqrt.c.obj</name>
      </input_file>
      <input_file id="fl-c5">
         <path>C:\ti\ccs1280\ccs\tools\compiler\ti-cgt-arm_20.2.7.LTS\lib\</path>
         <kind>archive</kind>
         <file>rtsv7M4_T_le_v4SPD16_eabi.lib</file>
         <name>sprintf.c.obj</name>
      </input_file>
      <input_file id="fl-c6">
         <path>C:\ti\ccs1280\ccs\tools\compiler\ti-cgt-arm_20.2.7.LTS\lib\</path>
         <kind>archive</kind>
         <file>rtsv7M4_T_le_v4SPD16_eabi.lib</file>
         <name>fd_add_t2.asm.obj</name>
      </input_file>
      <input_file id="fl-c7">
         <path>C:\ti\ccs1280\ccs\tools\compiler\ti-cgt-arm_20.2.7.LTS\lib\</path>
         <kind>archive</kind>
         <file>rtsv7M4_T_le_v4SPD16_eabi.lib</file>
         <name>fd_cmp_t2.asm.obj</name>
      </input_file>
      <input_file id="fl-c8">
         <path>C:\ti\ccs1280\ccs\tools\compiler\ti-cgt-arm_20.2.7.LTS\lib\</path>
         <kind>archive</kind>
         <file>rtsv7M4_T_le_v4SPD16_eabi.lib</file>
         <name>fd_div_t2.asm.obj</name>
      </input_file>
      <input_file id="fl-c9">
         <path>C:\ti\ccs1280\ccs\tools\compiler\ti-cgt-arm_20.2.7.LTS\lib\</path>
         <kind>archive</kind>
         <file>rtsv7M4_T_le_v4SPD16_eabi.lib</file>
         <name>fd_mul_t2.asm.obj</name>
      </input_file>
      <input_file id="fl-ca">
         <path>C:\ti\ccs1280\ccs\tools\compiler\ti-cgt-arm_20.2.7.LTS\lib\</path>
         <kind>archive</kind>
         <file>rtsv7M4_T_le_v4SPD16_eabi.lib</file>
         <name>fd_toi_t2.asm.obj</name>
      </input_file>
      <input_file id="fl-cb">
         <path>C:\ti\ccs1280\ccs\tools\compiler\ti-cgt-arm_20.2.7.LTS\lib\</path>
         <kind>archive</kind>
         <file>rtsv7M4_T_le_v4SPD16_eabi.lib</file>
         <name>fd_tos_t2.asm.obj</name>
      </input_file>
      <input_file id="fl-cc">
         <path>C:\ti\ccs1280\ccs\tools\compiler\ti-cgt-arm_20.2.7.LTS\lib\</path>
         <kind>archive</kind>
         <file>rtsv7M4_T_le_v4SPD16_eabi.lib</file>
         <name>fs_tod_t2.asm.obj</name>
      </input_file>
      <input_file id="fl-cd">
         <path>C:\ti\ccs1280\ccs\tools\compiler\ti-cgt-arm_20.2.7.LTS\lib\</path>
         <kind>archive</kind>
         <file>rtsv7M4_T_le_v4SPD16_eabi.lib</file>
         <name>memcpy_t2.asm.obj</name>
      </input_file>
      <input_file id="fl-ce">
         <path>C:\ti\ccs1280\ccs\tools\compiler\ti-cgt-arm_20.2.7.LTS\lib\</path>
         <kind>archive</kind>
         <file>rtsv7M4_T_le_v4SPD16_eabi.lib</file>
         <name>u_tofd_t2.asm.obj</name>
      </input_file>
      <input_file id="fl-cf">
         <path>C:\ti\ccs1280\ccs\tools\compiler\ti-cgt-arm_20.2.7.LTS\lib\</path>
         <kind>archive</kind>
         <file>rtsv7M4_T_le_v4SPD16_eabi.lib</file>
         <name>copy_zero_init.c.obj</name>
      </input_file>
      <input_file id="fl-d0">
         <path>C:\ti\ccs1280\ccs\tools\compiler\ti-cgt-arm_20.2.7.LTS\lib\</path>
         <kind>archive</kind>
         <file>rtsv7M4_T_le_v4SPD16_eabi.lib</file>
         <name>copy_decompress_none.c.obj</name>
      </input_file>
      <input_file id="fl-d1">
         <path>C:\ti\ccs1280\ccs\tools\compiler\ti-cgt-arm_20.2.7.LTS\lib\</path>
         <kind>archive</kind>
         <file>rtsv7M4_T_le_v4SPD16_eabi.lib</file>
         <name>copy_decompress_lzss.c.obj</name>
      </input_file>
      <input_file id="fl-d2">
         <path>C:\ti\ccs1280\ccs\tools\compiler\ti-cgt-arm_20.2.7.LTS\lib\</path>
         <kind>archive</kind>
         <file>rtsv7M4_T_le_v4SPD16_eabi.lib</file>
         <name>boot_cortex_m.c.obj</name>
      </input_file>
      <input_file id="fl-d3">
         <path>C:\ti\ccs1280\ccs\tools\compiler\ti-cgt-arm_20.2.7.LTS\lib\</path>
         <kind>archive</kind>
         <file>rtsv7M4_T_le_v4SPD16_eabi.lib</file>
         <name>errno.c.obj</name>
      </input_file>
      <input_file id="fl-d4">
         <path>C:\ti\ccs1280\ccs\tools\compiler\ti-cgt-arm_20.2.7.LTS\lib\</path>
         <kind>archive</kind>
         <file>rtsv7M4_T_le_v4SPD16_eabi.lib</file>
         <name>_printfi.c.obj</name>
      </input_file>
      <input_file id="fl-d5">
         <path>C:\ti\ccs1280\ccs\tools\compiler\ti-cgt-arm_20.2.7.LTS\lib\</path>
         <kind>archive</kind>
         <file>rtsv7M4_T_le_v4SPD16_eabi.lib</file>
         <name>i_tofd_t2.asm.obj</name>
      </input_file>
      <input_file id="fl-d6">
         <path>C:\ti\ccs1280\ccs\tools\compiler\ti-cgt-arm_20.2.7.LTS\lib\</path>
         <kind>archive</kind>
         <file>rtsv7M4_T_le_v4SPD16_eabi.lib</file>
         <name>memset_t2.asm.obj</name>
      </input_file>
      <input_file id="fl-d7">
         <path>C:\ti\ccs1280\ccs\tools\compiler\ti-cgt-arm_20.2.7.LTS\lib\</path>
         <kind>archive</kind>
         <file>rtsv7M4_T_le_v4SPD16_eabi.lib</file>
         <name>ull_div_t2.asm.obj</name>
      </input_file>
      <input_file id="fl-d8">
         <path>C:\ti\ccs1280\ccs\tools\compiler\ti-cgt-arm_20.2.7.LTS\lib\</path>
         <kind>archive</kind>
         <file>rtsv7M4_T_le_v4SPD16_eabi.lib</file>
         <name>autoinit.c.obj</name>
      </input_file>
      <input_file id="fl-d9">
         <path>C:\ti\ccs1280\ccs\tools\compiler\ti-cgt-arm_20.2.7.LTS\lib\</path>
         <kind>archive</kind>
         <file>rtsv7M4_T_le_v4SPD16_eabi.lib</file>
         <name>pre_init.c.obj</name>
      </input_file>
      <input_file id="fl-da">
         <path>C:\ti\ccs1280\ccs\tools\compiler\ti-cgt-arm_20.2.7.LTS\lib\</path>
         <kind>archive</kind>
         <file>rtsv7M4_T_le_v4SPD16_eabi.lib</file>
         <name>cpy_tbl.c.obj</name>
      </input_file>
      <input_file id="fl-db">
         <path>C:\ti\ccs1280\ccs\tools\compiler\ti-cgt-arm_20.2.7.LTS\lib\</path>
         <kind>archive</kind>
         <file>rtsv7M4_T_le_v4SPD16_eabi.lib</file>
         <name>exit.c.obj</name>
      </input_file>
      <input_file id="fl-dc">
         <path>C:\ti\ccs1280\ccs\tools\compiler\ti-cgt-arm_20.2.7.LTS\lib\</path>
         <kind>archive</kind>
         <file>rtsv7M4_T_le_v4SPD16_eabi.lib</file>
         <name>_lock.c.obj</name>
      </input_file>
      <input_file id="fl-dd">
         <path>C:\ti\ccs1280\ccs\tools\compiler\ti-cgt-arm_20.2.7.LTS\lib\</path>
         <kind>archive</kind>
         <file>rtsv7M4_T_le_v4SPD16_eabi.lib</file>
         <name>_ltoa.c.obj</name>
      </input_file>
      <input_file id="fl-de">
         <path>C:\ti\ccs1280\ccs\tools\compiler\ti-cgt-arm_20.2.7.LTS\lib\</path>
         <kind>archive</kind>
         <file>rtsv7M4_T_le_v4SPD16_eabi.lib</file>
         <name>args_main.c.obj</name>
      </input_file>
      <input_file id="fl-df">
         <path>C:\ti\ccs1280\ccs\tools\compiler\ti-cgt-arm_20.2.7.LTS\lib\</path>
         <kind>archive</kind>
         <file>rtsv7M4_T_le_v4SPD16_eabi.lib</file>
         <name>atoi.c.obj</name>
      </input_file>
      <input_file id="fl-e0">
         <path>C:\ti\ccs1280\ccs\tools\compiler\ti-cgt-arm_20.2.7.LTS\lib\</path>
         <kind>archive</kind>
         <file>rtsv7M4_T_le_v4SPD16_eabi.lib</file>
         <name>ctype.c.obj</name>
      </input_file>
      <input_file id="fl-e1">
         <path>C:\ti\ccs1280\ccs\tools\compiler\ti-cgt-arm_20.2.7.LTS\lib\</path>
         <kind>archive</kind>
         <file>rtsv7M4_T_le_v4SPD16_eabi.lib</file>
         <name>memccpy.c.obj</name>
      </input_file>
      <input_file id="fl-e2">
         <path>C:\ti\ccs1280\ccs\tools\compiler\ti-cgt-arm_20.2.7.LTS\lib\</path>
         <kind>archive</kind>
         <file>rtsv7M4_T_le_v4SPD16_eabi.lib</file>
         <name>strchr.c.obj</name>
      </input_file>
      <input_file id="fl-e3">
         <path>C:\ti\ccs1280\ccs\tools\compiler\ti-cgt-arm_20.2.7.LTS\lib\</path>
         <kind>archive</kind>
         <file>rtsv7M4_T_le_v4SPD16_eabi.lib</file>
         <name>strlen.c.obj</name>
      </input_file>
      <input_file id="fl-e4">
         <path>C:\ti\ccs1280\ccs\tools\compiler\ti-cgt-arm_20.2.7.LTS\lib\</path>
         <kind>archive</kind>
         <file>rtsv7M4_T_le_v4SPD16_eabi.lib</file>
         <name>wcslen.c.obj</name>
      </input_file>
      <input_file id="fl-e5">
         <path>C:\ti\ccs1280\ccs\tools\compiler\ti-cgt-arm_20.2.7.LTS\lib\</path>
         <kind>archive</kind>
         <file>rtsv7M4_T_le_v4SPD16_eabi.lib</file>
         <name>s_frexp.c.obj</name>
      </input_file>
      <input_file id="fl-e6">
         <path>C:\ti\ccs1280\ccs\tools\compiler\ti-cgt-arm_20.2.7.LTS\lib\</path>
         <kind>archive</kind>
         <file>rtsv7M4_T_le_v4SPD16_eabi.lib</file>
         <name>s_scalbn.c.obj</name>
      </input_file>
      <input_file id="fl-e7">
         <path>C:\ti\ccs1280\ccs\tools\compiler\ti-cgt-arm_20.2.7.LTS\lib\</path>
         <kind>archive</kind>
         <file>rtsv7M4_T_le_v4SPD16_eabi.lib</file>
         <name>div0.asm.obj</name>
      </input_file>
      <input_file id="fl-e8">
         <path>C:\ti\ccs1280\ccs\tools\compiler\ti-cgt-arm_20.2.7.LTS\lib\</path>
         <kind>archive</kind>
         <file>rtsv7M4_T_le_v4SPD16_eabi.lib</file>
         <name>s_copysign.c.obj</name>
      </input_file>
      <input_file id="fl-e9">
         <path>C:\ti\simplelink_msp432p4_sdk_3_40_01_02\source\ti\devices\msp432p4xx\driverlib\ccs\</path>
         <kind>archive</kind>
         <file>msp432p4xx_driverlib.lib</file>
         <name>adc14.o</name>
      </input_file>
      <input_file id="fl-ea">
         <path>C:\ti\simplelink_msp432p4_sdk_3_40_01_02\source\ti\devices\msp432p4xx\driverlib\ccs\</path>
         <kind>archive</kind>
         <file>msp432p4xx_driverlib.lib</file>
         <name>cs.o</name>
      </input_file>
      <input_file id="fl-eb">
         <path>C:\ti\simplelink_msp432p4_sdk_3_40_01_02\source\ti\devices\msp432p4xx\driverlib\ccs\</path>
         <kind>archive</kind>
         <file>msp432p4xx_driverlib.lib</file>
         <name>flash.o</name>
      </input_file>
      <input_file id="fl-ec">
         <path>C:\ti\simplelink_msp432p4_sdk_3_40_01_02\source\ti\devices\msp432p4xx\driverlib\ccs\</path>
         <kind>archive</kind>
         <file>msp432p4xx_driverlib.lib</file>
         <name>gpio.o</name>
      </input_file>
      <input_file id="fl-ed">
         <path>C:\ti\simplelink_msp432p4_sdk_3_40_01_02\source\ti\devices\msp432p4xx\driverlib\ccs\</path>
         <kind>archive</kind>
         <file>msp432p4xx_driverlib.lib</file>
         <name>interrupt.o</name>
      </input_file>
      <input_file id="fl-ee">
         <path>C:\ti\simplelink_msp432p4_sdk_3_40_01_02\source\ti\devices\msp432p4xx\driverlib\ccs\</path>
         <kind>archive</kind>
         <file>msp432p4xx_driverlib.lib</file>
         <name>pcm.o</name>
      </input_file>
      <input_file id="fl-ef">
         <path>C:\ti\simplelink_msp432p4_sdk_3_40_01_02\source\ti\devices\msp432p4xx\driverlib\ccs\</path>
         <kind>archive</kind>
         <file>msp432p4xx_driverlib.lib</file>
         <name>rtc_c.o</name>
      </input_file>
      <input_file id="fl-f0">
         <path>C:\ti\simplelink_msp432p4_sdk_3_40_01_02\source\ti\devices\msp432p4xx\driverlib\ccs\</path>
         <kind>archive</kind>
         <file>msp432p4xx_driverlib.lib</file>
         <name>spi.o</name>
      </input_file>
      <input_file id="fl-f1">
         <path>C:\ti\simplelink_msp432p4_sdk_3_40_01_02\source\ti\devices\msp432p4xx\driverlib\ccs\</path>
         <kind>archive</kind>
         <file>msp432p4xx_driverlib.lib</file>
         <name>sysctl.o</name>
      </input_file>
      <input_file id="fl-f2">
         <path>C:\ti\simplelink_msp432p4_sdk_3_40_01_02\source\ti\devices\msp432p4xx\driverlib\ccs\</path>
         <kind>archive</kind>
         <file>msp432p4xx_driverlib.lib</file>
         <name>sysctl_a.o</name>
      </input_file>
      <input_file id="fl-f3">
         <path>C:\ti\simplelink_msp432p4_sdk_3_40_01_02\source\ti\devices\msp432p4xx\driverlib\ccs\</path>
         <kind>archive</kind>
         <file>msp432p4xx_driverlib.lib</file>
         <name>wdt_a.o</name>
      </input_file>
      <input_file id="fl-f4">
         <path>C:\ti\simplelink_msp432p4_sdk_3_40_01_02\source\ti\devices\msp432p4xx\driverlib\ccs\</path>
         <kind>archive</kind>
         <file>msp432p4xx_driverlib.lib</file>
         <name>cpu.o</name>
      </input_file>
      <input_file id="fl-f5">
         <path>C:\ti\simplelink_msp432p4_sdk_3_40_01_02\source\ti\grlib\lib\ccs\m4\</path>
         <kind>archive</kind>
         <file>grlib.a</file>
         <name>context.obj</name>
      </input_file>
      <input_file id="fl-f6">
         <path>C:\ti\simplelink_msp432p4_sdk_3_40_01_02\source\ti\grlib\lib\ccs\m4\</path>
         <kind>archive</kind>
         <file>grlib.a</file>
         <name>display.obj</name>
      </input_file>
      <input_file id="fl-f7">
         <path>C:\ti\simplelink_msp432p4_sdk_3_40_01_02\source\ti\grlib\lib\ccs\m4\</path>
         <kind>archive</kind>
         <file>grlib.a</file>
         <name>fontfixed6x8.obj</name>
      </input_file>
      <input_file id="fl-f8">
         <path>C:\ti\simplelink_msp432p4_sdk_3_40_01_02\source\ti\grlib\lib\ccs\m4\</path>
         <kind>archive</kind>
         <file>grlib.a</file>
         <name>rectangle.obj</name>
      </input_file>
      <input_file id="fl-f9">
         <path>C:\ti\simplelink_msp432p4_sdk_3_40_01_02\source\ti\grlib\lib\ccs\m4\</path>
         <kind>archive</kind>
         <file>grlib.a</file>
         <name>string.obj</name>
      </input_file>
      <input_file id="fl-fa">
         <path>C:\ti\simplelink_msp432p4_sdk_3_40_01_02\source\ti\grlib\lib\ccs\m4\</path>
         <kind>archive</kind>
         <file>grlib.a</file>
         <name>line.obj</name>
      </input_file>
   </input_file_list>
   <object_component_list>
      <object_component id="oc-26">
         <name>.intvecs:retain</name>
         <load_address>0x0</load_address>
         <run_address>0x0</run_address>
         <size>0xe4</size>
         <input_file_ref idref="fl-4"/>
      </object_component>
      <object_component id="oc-250">
         <name>.text:__TI_printfi</name>
         <load_address>0xe4</load_address>
         <run_address>0xe4</run_address>
         <size>0xa4e</size>
         <input_file_ref idref="fl-d4"/>
      </object_component>
      <object_component id="oc-552">
         <name>.text</name>
         <load_address>0xb32</load_address>
         <run_address>0xb32</run_address>
         <size>0x2</size>
         <input_file_ref idref="fl-e7"/>
      </object_component>
      <object_component id="oc-b2">
         <name>.text</name>
         <load_address>0xb34</load_address>
         <run_address>0xb34</run_address>
         <size>0x680</size>
         <input_file_ref idref="fl-7"/>
      </object_component>
      <object_component id="oc-22a">
         <name>.text</name>
         <load_address>0x11b4</load_address>
         <run_address>0x11b4</run_address>
         <size>0x528</size>
         <input_file_ref idref="fl-2"/>
      </object_component>
      <object_component id="oc-27c">
         <name>.text:Graphics_drawString</name>
         <load_address>0x16dc</load_address>
         <run_address>0x16dc</run_address>
         <size>0x47e</size>
         <input_file_ref idref="fl-f9"/>
      </object_component>
      <object_component id="oc-ab">
         <name>.text</name>
         <load_address>0x1b5c</load_address>
         <run_address>0x1b5c</run_address>
         <size>0x334</size>
         <input_file_ref idref="fl-5"/>
      </object_component>
      <object_component id="oc-6d">
         <name>.text</name>
         <load_address>0x1e90</load_address>
         <run_address>0x1e90</run_address>
         <size>0x318</size>
         <input_file_ref idref="fl-3"/>
      </object_component>
      <object_component id="oc-3d4">
         <name>.text:_pconv_a</name>
         <load_address>0x21a8</load_address>
         <run_address>0x21a8</run_address>
         <size>0x270</size>
         <input_file_ref idref="fl-d4"/>
      </object_component>
      <object_component id="oc-3c2">
         <name>.text:_pconv_g</name>
         <load_address>0x2418</load_address>
         <run_address>0x2418</run_address>
         <size>0x1d0</size>
         <input_file_ref idref="fl-d4"/>
      </object_component>
      <object_component id="oc-394">
         <name>.text</name>
         <load_address>0x25e8</load_address>
         <run_address>0x25e8</run_address>
         <size>0x1b6</size>
         <input_file_ref idref="fl-c6"/>
      </object_component>
      <object_component id="oc-207">
         <name>.text:_getIndexForMemRegister</name>
         <load_address>0x27a0</load_address>
         <run_address>0x27a0</run_address>
         <size>0x160</size>
         <input_file_ref idref="fl-e9"/>
      </object_component>
      <object_component id="oc-589">
         <name>.text:__PCM_setPowerModeAdvanced</name>
         <load_address>0x2900</load_address>
         <run_address>0x2900</run_address>
         <size>0x15c</size>
         <input_file_ref idref="fl-ee"/>
      </object_component>
      <object_component id="oc-399">
         <name>.text:sqrt</name>
         <load_address>0x2a5c</load_address>
         <run_address>0x2a5c</run_address>
         <size>0x158</size>
         <input_file_ref idref="fl-c4"/>
      </object_component>
      <object_component id="oc-3ce">
         <name>.text:_pconv_e</name>
         <load_address>0x2bb4</load_address>
         <run_address>0x2bb4</run_address>
         <size>0x13c</size>
         <input_file_ref idref="fl-d4"/>
      </object_component>
      <object_component id="oc-330">
         <name>.text</name>
         <load_address>0x2cf0</load_address>
         <run_address>0x2cf0</run_address>
         <size>0x136</size>
         <input_file_ref idref="fl-c8"/>
      </object_component>
      <object_component id="oc-149">
         <name>.text:CS_initClockSignal</name>
         <load_address>0x2e28</load_address>
         <run_address>0x2e28</run_address>
         <size>0x130</size>
         <input_file_ref idref="fl-ea"/>
      </object_component>
      <object_component id="oc-4ba">
         <name>.text:fcvt</name>
         <load_address>0x2f58</load_address>
         <run_address>0x2f58</run_address>
         <size>0x124</size>
         <input_file_ref idref="fl-d4"/>
      </object_component>
      <object_component id="oc-119">
         <name>.text:Graphics_fillRectangle</name>
         <load_address>0x307c</load_address>
         <run_address>0x307c</run_address>
         <size>0x112</size>
         <input_file_ref idref="fl-f8"/>
      </object_component>
      <object_component id="oc-4ce">
         <name>.text:scalbn</name>
         <load_address>0x3190</load_address>
         <run_address>0x3190</run_address>
         <size>0x110</size>
         <input_file_ref idref="fl-e6"/>
      </object_component>
      <object_component id="oc-478">
         <name>.text:__PCM_setCoreVoltageLevelAdvanced</name>
         <load_address>0x32a0</load_address>
         <run_address>0x32a0</run_address>
         <size>0x108</size>
         <input_file_ref idref="fl-ee"/>
      </object_component>
      <object_component id="oc-73">
         <name>.text</name>
         <load_address>0x33a8</load_address>
         <run_address>0x33a8</run_address>
         <size>0x100</size>
         <input_file_ref idref="fl-6"/>
      </object_component>
      <object_component id="oc-33a">
         <name>.text</name>
         <load_address>0x34a8</load_address>
         <run_address>0x34a8</run_address>
         <size>0xfc</size>
         <input_file_ref idref="fl-c9"/>
      </object_component>
      <object_component id="oc-276">
         <name>.text:Graphics_getStringWidth</name>
         <load_address>0x35a4</load_address>
         <run_address>0x35a4</run_address>
         <size>0xfa</size>
         <input_file_ref idref="fl-f9"/>
      </object_component>
      <object_component id="oc-1cb">
         <name>.text</name>
         <load_address>0x36a0</load_address>
         <run_address>0x36a0</run_address>
         <size>0xcc</size>
         <input_file_ref idref="fl-8"/>
      </object_component>
      <object_component id="oc-dc">
         <name>.text:ADC14_configureConversionMemory</name>
         <load_address>0x376c</load_address>
         <run_address>0x376c</run_address>
         <size>0xb4</size>
         <input_file_ref idref="fl-e9"/>
      </object_component>
      <object_component id="oc-d6">
         <name>.text:ADC14_configureMultiSequenceMode</name>
         <load_address>0x3820</load_address>
         <run_address>0x3820</run_address>
         <size>0xb4</size>
         <input_file_ref idref="fl-e9"/>
      </object_component>
      <object_component id="oc-3bc">
         <name>.text:_ltostr</name>
         <load_address>0x38d4</load_address>
         <run_address>0x38d4</run_address>
         <size>0xb1</size>
         <input_file_ref idref="fl-d4"/>
      </object_component>
      <object_component id="oc-2df">
         <name>.text:SPI_initMaster</name>
         <load_address>0x3986</load_address>
         <run_address>0x3986</run_address>
         <size>0xb0</size>
         <input_file_ref idref="fl-f0"/>
      </object_component>
      <object_component id="oc-325">
         <name>.text:Graphics_drawRectangle</name>
         <load_address>0x3a36</load_address>
         <run_address>0x3a36</run_address>
         <size>0xa2</size>
         <input_file_ref idref="fl-f8"/>
      </object_component>
      <object_component id="oc-406">
         <name>.text:Graphics_drawLineH</name>
         <load_address>0x3ad8</load_address>
         <run_address>0x3ad8</run_address>
         <size>0x9c</size>
         <input_file_ref idref="fl-fa"/>
      </object_component>
      <object_component id="oc-45d">
         <name>.text:Graphics_drawLineV</name>
         <load_address>0x3b74</load_address>
         <run_address>0x3b74</run_address>
         <size>0x9c</size>
         <input_file_ref idref="fl-fa"/>
      </object_component>
      <object_component id="oc-37">
         <name>.text</name>
         <load_address>0x3c10</load_address>
         <run_address>0x3c10</run_address>
         <size>0x9c</size>
         <input_file_ref idref="fl-cd"/>
      </object_component>
      <object_component id="oc-49c">
         <name>.text</name>
         <load_address>0x3cac</load_address>
         <run_address>0x3cac</run_address>
         <size>0x96</size>
         <input_file_ref idref="fl-d7"/>
      </object_component>
      <object_component id="oc-137">
         <name>.text:RTC_C_getEnabledInterruptStatus</name>
         <load_address>0x3d44</load_address>
         <run_address>0x3d44</run_address>
         <size>0x94</size>
         <input_file_ref idref="fl-ef"/>
      </object_component>
      <object_component id="oc-125">
         <name>.text:RTC_C_initCalendar</name>
         <load_address>0x3dd8</load_address>
         <run_address>0x3dd8</run_address>
         <size>0x94</size>
         <input_file_ref idref="fl-ef"/>
      </object_component>
      <object_component id="oc-344">
         <name>.text:GPIO_setAsPeripheralModuleFunctionInputPin</name>
         <load_address>0x3e6c</load_address>
         <run_address>0x3e6c</run_address>
         <size>0x88</size>
         <input_file_ref idref="fl-ec"/>
      </object_component>
      <object_component id="oc-2d3">
         <name>.text:GPIO_setAsPeripheralModuleFunctionOutputPin</name>
         <load_address>0x3ef4</load_address>
         <run_address>0x3ef4</run_address>
         <size>0x88</size>
         <input_file_ref idref="fl-ec"/>
      </object_component>
      <object_component id="oc-3a4">
         <name>.text:__aeabi_cdcmple</name>
         <load_address>0x3f7c</load_address>
         <run_address>0x3f7c</run_address>
         <size>0x86</size>
         <input_file_ref idref="fl-c7"/>
      </object_component>
      <object_component id="oc-39f">
         <name>.text:__aeabi_cdrcmple</name>
         <load_address>0x4002</load_address>
         <run_address>0x4002</run_address>
         <size>0x86</size>
         <input_file_ref idref="fl-c7"/>
      </object_component>
      <object_component id="oc-14f">
         <name>.text:Interrupt_enableInterrupt</name>
         <load_address>0x4088</load_address>
         <run_address>0x4088</run_address>
         <size>0x80</size>
         <input_file_ref idref="fl-ed"/>
      </object_component>
      <object_component id="oc-10d">
         <name>.text:RTC_C_getCalendarTime</name>
         <load_address>0x4108</load_address>
         <run_address>0x4108</run_address>
         <size>0x7c</size>
         <input_file_ref idref="fl-ef"/>
      </object_component>
      <object_component id="oc-93">
         <name>.text</name>
         <load_address>0x4184</load_address>
         <run_address>0x4184</run_address>
         <size>0x7a</size>
         <input_file_ref idref="fl-d6"/>
      </object_component>
      <object_component id="oc-4b3">
         <name>.text:_mcpy</name>
         <load_address>0x41fe</load_address>
         <run_address>0x41fe</run_address>
         <size>0x6e</size>
         <input_file_ref idref="fl-d4"/>
      </object_component>
      <object_component id="oc-33f">
         <name>.text</name>
         <load_address>0x426c</load_address>
         <run_address>0x426c</run_address>
         <size>0x6e</size>
         <input_file_ref idref="fl-cb"/>
      </object_component>
      <object_component id="oc-17">
         <name>.text:decompress:lzss:__TI_decompress_lzss</name>
         <load_address>0x42da</load_address>
         <run_address>0x42da</run_address>
         <size>0x68</size>
         <input_file_ref idref="fl-d1"/>
      </object_component>
      <object_component id="oc-12b">
         <name>.text:RTC_C_enableInterrupt</name>
         <load_address>0x4344</load_address>
         <run_address>0x4344</run_address>
         <size>0x64</size>
         <input_file_ref idref="fl-ef"/>
      </object_component>
      <object_component id="oc-4c8">
         <name>.text:frexp</name>
         <load_address>0x43a8</load_address>
         <run_address>0x43a8</run_address>
         <size>0x64</size>
         <input_file_ref idref="fl-e5"/>
      </object_component>
      <object_component id="oc-531">
         <name>.text:PCM_getCoreVoltageLevel</name>
         <load_address>0x440c</load_address>
         <run_address>0x440c</run_address>
         <size>0x5e</size>
         <input_file_ref idref="fl-ee"/>
      </object_component>
      <object_component id="oc-288">
         <name>.text:RTC_C_getInterruptStatus</name>
         <load_address>0x446c</load_address>
         <run_address>0x446c</run_address>
         <size>0x5c</size>
         <input_file_ref idref="fl-ef"/>
      </object_component>
      <object_component id="oc-52b">
         <name>.text:PCM_getPowerMode</name>
         <load_address>0x44c8</load_address>
         <run_address>0x44c8</run_address>
         <size>0x5a</size>
         <input_file_ref idref="fl-ee"/>
      </object_component>
      <object_component id="oc-13d">
         <name>.text:RTC_C_clearInterruptFlag</name>
         <load_address>0x4524</load_address>
         <run_address>0x4524</run_address>
         <size>0x58</size>
         <input_file_ref idref="fl-ef"/>
      </object_component>
      <object_component id="oc-3c8">
         <name>.text:_pconv_f</name>
         <load_address>0x457c</load_address>
         <run_address>0x457c</run_address>
         <size>0x56</size>
         <input_file_ref idref="fl-d4"/>
      </object_component>
      <object_component id="oc-350">
         <name>.text:ADC14_initModule</name>
         <load_address>0x45d4</load_address>
         <run_address>0x45d4</run_address>
         <size>0x54</size>
         <input_file_ref idref="fl-e9"/>
      </object_component>
      <object_component id="oc-4a2">
         <name>.text:__TI_ltoa</name>
         <load_address>0x4628</load_address>
         <run_address>0x4628</run_address>
         <size>0x54</size>
         <input_file_ref idref="fl-dd"/>
      </object_component>
      <object_component id="oc-b8">
         <name>.text:Graphics_initContext</name>
         <load_address>0x467c</load_address>
         <run_address>0x467c</run_address>
         <size>0x52</size>
         <input_file_ref idref="fl-f5"/>
      </object_component>
      <object_component id="oc-4ad">
         <name>.text:_ecpy</name>
         <load_address>0x46ce</load_address>
         <run_address>0x46ce</run_address>
         <size>0x52</size>
         <input_file_ref idref="fl-d4"/>
      </object_component>
      <object_component id="oc-3b6">
         <name>.text:atoi</name>
         <load_address>0x4720</load_address>
         <run_address>0x4720</run_address>
         <size>0x4c</size>
         <input_file_ref idref="fl-df"/>
      </object_component>
      <object_component id="oc-380">
         <name>.text:FlashCtl_setWaitState</name>
         <load_address>0x476c</load_address>
         <run_address>0x476c</run_address>
         <size>0x48</size>
         <input_file_ref idref="fl-eb"/>
      </object_component>
      <object_component id="oc-11f">
         <name>.text:Graphics_drawStringCentered</name>
         <load_address>0x47b4</load_address>
         <run_address>0x47b4</run_address>
         <size>0x48</size>
         <input_file_ref idref="fl-f9"/>
      </object_component>
      <object_component id="oc-335">
         <name>.text</name>
         <load_address>0x47fc</load_address>
         <run_address>0x47fc</run_address>
         <size>0x48</size>
         <input_file_ref idref="fl-ca"/>
      </object_component>
      <object_component id="oc-195">
         <name>.text:__TI_auto_init_nobinit_nopinit:__TI_auto_init_nobinit_nopinit</name>
         <load_address>0x4844</load_address>
         <run_address>0x4844</run_address>
         <size>0x44</size>
         <input_file_ref idref="fl-d8"/>
      </object_component>
      <object_component id="oc-2d9">
         <name>.text:GPIO_setAsOutputPin</name>
         <load_address>0x4888</load_address>
         <run_address>0x4888</run_address>
         <size>0x40</size>
         <input_file_ref idref="fl-ec"/>
      </object_component>
      <object_component id="oc-400">
         <name>.text:Graphics_getNumberOfLeadingZeros</name>
         <load_address>0x48c8</load_address>
         <run_address>0x48c8</run_address>
         <size>0x40</size>
         <input_file_ref idref="fl-f9"/>
      </object_component>
      <object_component id="oc-440">
         <name>.text:is_A_Module</name>
         <load_address>0x4908</load_address>
         <run_address>0x4908</run_address>
         <size>0x40</size>
         <input_file_ref idref="fl-f0"/>
      </object_component>
      <object_component id="oc-113">
         <name>.text:sprintf</name>
         <load_address>0x4948</load_address>
         <run_address>0x4948</run_address>
         <size>0x40</size>
         <input_file_ref idref="fl-c5"/>
      </object_component>
      <object_component id="oc-4c0">
         <name>.text:_fcpy</name>
         <load_address>0x4988</load_address>
         <run_address>0x4988</run_address>
         <size>0x3e</size>
         <input_file_ref idref="fl-d4"/>
      </object_component>
      <object_component id="oc-32b">
         <name>.text</name>
         <load_address>0x49c6</load_address>
         <run_address>0x49c6</run_address>
         <size>0x38</size>
         <input_file_ref idref="fl-cc"/>
      </object_component>
      <object_component id="oc-4fb">
         <name>.text:Graphics_drawHorizontalLineOnDisplay</name>
         <load_address>0x49fe</load_address>
         <run_address>0x49fe</run_address>
         <size>0x36</size>
         <input_file_ref idref="fl-f6"/>
      </object_component>
      <object_component id="oc-523">
         <name>.text:Graphics_drawVerticalLineOnDisplay</name>
         <load_address>0x4a34</load_address>
         <run_address>0x4a34</run_address>
         <size>0x36</size>
         <input_file_ref idref="fl-f6"/>
      </object_component>
      <object_component id="oc-35c">
         <name>.text:ADC14_enableSampleTimer</name>
         <load_address>0x4a6c</load_address>
         <run_address>0x4a6c</run_address>
         <size>0x34</size>
         <input_file_ref idref="fl-e9"/>
      </object_component>
      <object_component id="oc-143">
         <name>.text:CS_setDCOCenteredFrequency</name>
         <load_address>0x4aa0</load_address>
         <run_address>0x4aa0</run_address>
         <size>0x34</size>
         <input_file_ref idref="fl-ea"/>
      </object_component>
      <object_component id="oc-55">
         <name>.text:_c_int00_noargs:_c_int00_noargs</name>
         <load_address>0x4ad4</load_address>
         <run_address>0x4ad4</run_address>
         <size>0x34</size>
         <input_file_ref idref="fl-d2"/>
      </object_component>
      <object_component id="oc-356">
         <name>.text:ADC14_enableInterrupt</name>
         <load_address>0x4b08</load_address>
         <run_address>0x4b08</run_address>
         <size>0x30</size>
         <input_file_ref idref="fl-e9"/>
      </object_component>
      <object_component id="oc-4a8">
         <name>.text</name>
         <load_address>0x4b38</load_address>
         <run_address>0x4b38</run_address>
         <size>0x2e</size>
         <input_file_ref idref="fl-d5"/>
      </object_component>
      <object_component id="oc-368">
         <name>.text:ADC14_toggleConversionTrigger</name>
         <load_address>0x4b68</load_address>
         <run_address>0x4b68</run_address>
         <size>0x2c</size>
         <input_file_ref idref="fl-e9"/>
      </object_component>
      <object_component id="oc-40c">
         <name>.text:Graphics_drawPixelOnDisplay</name>
         <load_address>0x4b94</load_address>
         <run_address>0x4b94</run_address>
         <size>0x2c</size>
         <input_file_ref idref="fl-f6"/>
      </object_component>
      <object_component id="oc-131">
         <name>.text:RTC_C_startClock</name>
         <load_address>0x4bc0</load_address>
         <run_address>0x4bc0</run_address>
         <size>0x2c</size>
         <input_file_ref idref="fl-ef"/>
      </object_component>
      <object_component id="oc-362">
         <name>.text:ADC14_enableConversion</name>
         <load_address>0x4bec</load_address>
         <run_address>0x4bec</run_address>
         <size>0x28</size>
         <input_file_ref idref="fl-e9"/>
      </object_component>
      <object_component id="oc-e2">
         <name>.text:ADC14_getResult</name>
         <load_address>0x4c14</load_address>
         <run_address>0x4c14</run_address>
         <size>0x28</size>
         <input_file_ref idref="fl-e9"/>
      </object_component>
      <object_component id="oc-1d7">
         <name>.text:GPIO_setOutputHighOnPin</name>
         <load_address>0x4c3c</load_address>
         <run_address>0x4c3c</run_address>
         <size>0x28</size>
         <input_file_ref idref="fl-ec"/>
      </object_component>
      <object_component id="oc-1d1">
         <name>.text:GPIO_setOutputLowOnPin</name>
         <load_address>0x4c64</load_address>
         <run_address>0x4c64</run_address>
         <size>0x28</size>
         <input_file_ref idref="fl-ec"/>
      </object_component>
      <object_component id="oc-15b">
         <name>.text:PCM_gotoLPM0</name>
         <load_address>0x4c8c</load_address>
         <run_address>0x4c8c</run_address>
         <size>0x28</size>
         <input_file_ref idref="fl-ee"/>
      </object_component>
      <object_component id="oc-36e">
         <name>.text:WDT_A_holdTimer</name>
         <load_address>0x4cb4</load_address>
         <run_address>0x4cb4</run_address>
         <size>0x24</size>
         <input_file_ref idref="fl-f3"/>
      </object_component>
      <object_component id="oc-38f">
         <name>.text</name>
         <load_address>0x4cd8</load_address>
         <run_address>0x4cd8</run_address>
         <size>0x20</size>
         <input_file_ref idref="fl-ce"/>
      </object_component>
      <object_component id="oc-269">
         <name>.text:Graphics_fillRectangleOnDisplay</name>
         <load_address>0x4cf8</load_address>
         <run_address>0x4cf8</run_address>
         <size>0x1e</size>
         <input_file_ref idref="fl-f6"/>
      </object_component>
      <object_component id="oc-2e5">
         <name>.text:SPI_enableModule</name>
         <load_address>0x4d16</load_address>
         <run_address>0x4d16</run_address>
         <size>0x1c</size>
         <input_file_ref idref="fl-f0"/>
      </object_component>
      <object_component id="oc-43">
         <name>.text:decompress:ZI:__TI_zero_init_nomemset:__TI_zero_init_nomemset</name>
         <load_address>0x4d32</load_address>
         <run_address>0x4d32</run_address>
         <size>0x1c</size>
         <input_file_ref idref="fl-cf"/>
      </object_component>
      <object_component id="oc-3da">
         <name>.text:memccpy</name>
         <load_address>0x4d4e</load_address>
         <run_address>0x4d4e</run_address>
         <size>0x1c</size>
         <input_file_ref idref="fl-e1"/>
      </object_component>
      <object_component id="oc-1fa">
         <name>.text:Graphics_clearDisplayOnDisplay</name>
         <load_address>0x4d6a</load_address>
         <run_address>0x4d6a</run_address>
         <size>0x1a</size>
         <input_file_ref idref="fl-f6"/>
      </object_component>
      <object_component id="oc-c4">
         <name>.text:Graphics_setBackgroundColor</name>
         <load_address>0x4d84</load_address>
         <run_address>0x4d84</run_address>
         <size>0x1a</size>
         <input_file_ref idref="fl-f5"/>
      </object_component>
      <object_component id="oc-ca">
         <name>.text:Graphics_setFont</name>
         <load_address>0x4d9e</load_address>
         <run_address>0x4d9e</run_address>
         <size>0x1a</size>
         <input_file_ref idref="fl-f5"/>
      </object_component>
      <object_component id="oc-566">
         <name>.text:copysign</name>
         <load_address>0x4db8</load_address>
         <run_address>0x4db8</run_address>
         <size>0x1a</size>
         <input_file_ref idref="fl-e8"/>
      </object_component>
      <object_component id="oc-256">
         <name>.text:_outs</name>
         <load_address>0x4dd2</load_address>
         <run_address>0x4dd2</run_address>
         <size>0x18</size>
         <input_file_ref idref="fl-c5"/>
      </object_component>
      <object_component id="oc-448">
         <name>.text:EUSCI_A_SPI_enable</name>
         <load_address>0x4dea</load_address>
         <run_address>0x4dea</run_address>
         <size>0x16</size>
         <input_file_ref idref="fl-f0"/>
      </object_component>
      <object_component id="oc-44e">
         <name>.text:EUSCI_B_SPI_enable</name>
         <load_address>0x4e00</load_address>
         <run_address>0x4e00</run_address>
         <size>0x16</size>
         <input_file_ref idref="fl-f0"/>
      </object_component>
      <object_component id="oc-be">
         <name>.text:Graphics_setForegroundColor</name>
         <load_address>0x4e16</load_address>
         <run_address>0x4e16</run_address>
         <size>0x16</size>
         <input_file_ref idref="fl-f5"/>
      </object_component>
      <object_component id="oc-1ec">
         <name>.text:Graphics_translateColorOnDisplay</name>
         <load_address>0x4e2c</load_address>
         <run_address>0x4e2c</run_address>
         <size>0x16</size>
         <input_file_ref idref="fl-f6"/>
      </object_component>
      <object_component id="oc-4d4">
         <name>.text:strchr</name>
         <load_address>0x4e42</load_address>
         <run_address>0x4e42</run_address>
         <size>0x16</size>
         <input_file_ref idref="fl-e2"/>
      </object_component>
      <object_component id="oc-537">
         <name>.text:PCM_getPowerState</name>
         <load_address>0x4e58</load_address>
         <run_address>0x4e58</run_address>
         <size>0x14</size>
         <input_file_ref idref="fl-ee"/>
      </object_component>
      <object_component id="oc-3b0">
         <name>.text:strlen</name>
         <load_address>0x4e6c</load_address>
         <run_address>0x4e6c</run_address>
         <size>0x14</size>
         <input_file_ref idref="fl-e3"/>
      </object_component>
      <object_component id="oc-d0">
         <name>.text:Graphics_clearDisplay</name>
         <load_address>0x4e80</load_address>
         <run_address>0x4e80</run_address>
         <size>0x12</size>
         <input_file_ref idref="fl-f5"/>
      </object_component>
      <object_component id="oc-3e0">
         <name>.text:wcslen</name>
         <load_address>0x4e92</load_address>
         <run_address>0x4e92</run_address>
         <size>0x12</size>
         <input_file_ref idref="fl-e4"/>
      </object_component>
      <object_component id="oc-201">
         <name>.text:ADCIsConversionRunning</name>
         <load_address>0x4ea4</load_address>
         <run_address>0x4ea4</run_address>
         <size>0x10</size>
         <input_file_ref idref="fl-e9"/>
      </object_component>
      <object_component id="oc-374">
         <name>.text:Interrupt_disableMaster</name>
         <load_address>0x4eb4</load_address>
         <run_address>0x4eb4</run_address>
         <size>0x10</size>
         <input_file_ref idref="fl-ed"/>
      </object_component>
      <object_component id="oc-155">
         <name>.text:Interrupt_enableMaster</name>
         <load_address>0x4ec4</load_address>
         <run_address>0x4ec4</run_address>
         <size>0x10</size>
         <input_file_ref idref="fl-ed"/>
      </object_component>
      <object_component id="oc-37a">
         <name>.text:PCM_setCoreVoltageLevel</name>
         <load_address>0x4ed4</load_address>
         <run_address>0x4ed4</run_address>
         <size>0x10</size>
         <input_file_ref idref="fl-ee"/>
      </object_component>
      <object_component id="oc-53d">
         <name>.text:PCM_setPowerMode</name>
         <load_address>0x4ee4</load_address>
         <run_address>0x4ee4</run_address>
         <size>0x10</size>
         <input_file_ref idref="fl-ee"/>
      </object_component>
      <object_component id="oc-1d">
         <name>.text:decompress:none:__TI_decompress_none</name>
         <load_address>0x4ef4</load_address>
         <run_address>0x4ef4</run_address>
         <size>0xe</size>
         <input_file_ref idref="fl-d0"/>
      </object_component>
      <object_component id="oc-67">
         <name>.text</name>
         <load_address>0x4f02</load_address>
         <run_address>0x4f02</run_address>
         <size>0xe</size>
         <input_file_ref idref="fl-4"/>
      </object_component>
      <object_component id="oc-34a">
         <name>.text:ADC14_enableModule</name>
         <load_address>0x4f10</load_address>
         <run_address>0x4f10</run_address>
         <size>0xc</size>
         <input_file_ref idref="fl-e9"/>
      </object_component>
      <object_component id="oc-471">
         <name>.text:CPU_cpsid</name>
         <load_address>0x4f1c</load_address>
         <run_address>0x4f1c</run_address>
         <size>0xc</size>
         <input_file_ref idref="fl-f4"/>
      </object_component>
      <object_component id="oc-296">
         <name>.text:CPU_cpsie</name>
         <load_address>0x4f28</load_address>
         <run_address>0x4f28</run_address>
         <size>0xc</size>
         <input_file_ref idref="fl-f4"/>
      </object_component>
      <object_component id="oc-25c">
         <name>.text:_outc</name>
         <load_address>0x4f34</load_address>
         <run_address>0x4f34</run_address>
         <size>0xa</size>
         <input_file_ref idref="fl-c5"/>
      </object_component>
      <object_component id="oc-3e6">
         <name>.text:__aeabi_errno_addr</name>
         <load_address>0x4f40</load_address>
         <run_address>0x4f40</run_address>
         <size>0x8</size>
         <input_file_ref idref="fl-d3"/>
      </object_component>
      <object_component id="oc-29d">
         <name>.text:CPU_wfi</name>
         <load_address>0x4f48</load_address>
         <run_address>0x4f48</run_address>
         <size>0x4</size>
         <input_file_ref idref="fl-f4"/>
      </object_component>
      <object_component id="oc-99">
         <name>.text:_system_pre_init</name>
         <load_address>0x4f4c</load_address>
         <run_address>0x4f4c</run_address>
         <size>0x4</size>
         <input_file_ref idref="fl-d9"/>
      </object_component>
      <object_component id="oc-189">
         <name>.text:abort:abort</name>
         <load_address>0x4f50</load_address>
         <run_address>0x4f50</run_address>
         <size>0x4</size>
         <input_file_ref idref="fl-db"/>
      </object_component>
      <object_component id="oc-21d">
         <name>.const:.string:g_pucFontFixed6x8Data</name>
         <load_address>0x4f54</load_address>
         <run_address>0x4f54</run_address>
         <size>0x2f8</size>
         <input_file_ref idref="fl-f7"/>
      </object_component>
      <object_component id="oc-497">
         <name>.const:.string:_ctypes_</name>
         <load_address>0x524c</load_address>
         <run_address>0x524c</run_address>
         <size>0x101</size>
         <input_file_ref idref="fl-e0"/>
      </object_component>
      <object_component id="oc-ee">
         <name>.const:g_sFontFixed6x8</name>
         <load_address>0x5350</load_address>
         <run_address>0x5350</run_address>
         <size>0xc8</size>
         <input_file_ref idref="fl-f7"/>
      </object_component>
      <object_component id="oc-20d">
         <name>.const:_ctlRegs</name>
         <load_address>0x5418</load_address>
         <run_address>0x5418</run_address>
         <size>0x80</size>
         <input_file_ref idref="fl-e9"/>
      </object_component>
      <object_component id="oc-2f4">
         <name>.const:GPIO_PORT_TO_BASE</name>
         <load_address>0x5498</load_address>
         <run_address>0x5498</run_address>
         <size>0x30</size>
         <input_file_ref idref="fl-ec"/>
      </object_component>
      <object_component id="oc-eb">
         <name>.const:g_sCrystalfontz128x128_funcs</name>
         <load_address>0x54c8</load_address>
         <run_address>0x54c8</run_address>
         <size>0x20</size>
         <input_file_ref idref="fl-7"/>
      </object_component>
      <object_component id="oc-2eb">
         <name>.const:$P$T0$1</name>
         <load_address>0x54e8</load_address>
         <run_address>0x54e8</run_address>
         <size>0x1c</size>
         <input_file_ref idref="fl-8"/>
      </object_component>
      <object_component id="oc-169">
         <name>.const:$P$T1$2</name>
         <load_address>0x5504</load_address>
         <run_address>0x5504</run_address>
         <size>0x1c</size>
         <input_file_ref idref="fl-6"/>
      </object_component>
      <object_component id="oc-1e6">
         <name>.const:$P$T0$1</name>
         <load_address>0x5520</load_address>
         <run_address>0x5520</run_address>
         <size>0x8</size>
         <input_file_ref idref="fl-7"/>
      </object_component>
      <object_component id="oc-161">
         <name>.const:$P$T0$1</name>
         <load_address>0x5528</load_address>
         <run_address>0x5528</run_address>
         <size>0x8</size>
         <input_file_ref idref="fl-6"/>
      </object_component>
      <object_component id="oc-389">
         <name>.const:$P$T0$2</name>
         <load_address>0x5530</load_address>
         <run_address>0x5530</run_address>
         <size>0x8</size>
         <input_file_ref idref="fl-2"/>
      </object_component>
      <object_component id="oc-38c">
         <name>.const:$P$T1$3</name>
         <load_address>0x5538</load_address>
         <run_address>0x5538</run_address>
         <size>0x8</size>
         <input_file_ref idref="fl-2"/>
      </object_component>
      <object_component id="oc-292">
         <name>.const:g_pulEnRegs</name>
         <load_address>0x5540</load_address>
         <run_address>0x5540</run_address>
         <size>0x8</size>
         <input_file_ref idref="fl-ed"/>
      </object_component>
      <object_component id="oc-5d3">
         <name>.cinit..data.load</name>
         <load_address>0x5548</load_address>
         <run_address>0x5548</run_address>
         <size>0x2c</size>
      </object_component>
      <object_component id="oc-5d1">
         <name>__TI_handler_table</name>
         <load_address>0x5574</load_address>
         <run_address>0x5574</run_address>
         <size>0xc</size>
      </object_component>
      <object_component id="oc-5d4">
         <name>.cinit..bss.load</name>
         <load_address>0x5580</load_address>
         <run_address>0x5580</run_address>
         <size>0x8</size>
      </object_component>
      <object_component id="oc-5d2">
         <name>__TI_cinit_table</name>
         <load_address>0x5588</load_address>
         <run_address>0x5588</run_address>
         <size>0x10</size>
      </object_component>
      <object_component id="oc-5a5">
         <name>.binit</name>
         <load_address>0x0</load_address>
         <run_address>0x0</run_address>
         <size>0x0</size>
      </object_component>
      <object_component id="oc-386">
         <name>.data</name>
         <load_address>0x200000c0</load_address>
         <run_address>0x200000c0</run_address>
         <size>0x20</size>
         <input_file_ref idref="fl-2"/>
      </object_component>
      <object_component id="oc-f4">
         <name>.data:task_handlers</name>
         <load_address>0x20000100</load_address>
         <run_address>0x20000100</run_address>
         <size>0x8</size>
         <input_file_ref idref="fl-3"/>
      </object_component>
      <object_component id="oc-fa">
         <name>.data:adc_task_handlers</name>
         <load_address>0x200000f0</load_address>
         <run_address>0x200000f0</run_address>
         <size>0x8</size>
         <input_file_ref idref="fl-3"/>
      </object_component>
      <object_component id="oc-f1">
         <name>.data</name>
         <load_address>0x200000f8</load_address>
         <run_address>0x200000f8</run_address>
         <size>0x8</size>
         <input_file_ref idref="fl-3"/>
      </object_component>
      <object_component id="oc-1c7">
         <name>.data</name>
         <load_address>0x2000010c</load_address>
         <run_address>0x2000010c</run_address>
         <size>0x4</size>
         <input_file_ref idref="fl-5"/>
      </object_component>
      <object_component id="oc-e8">
         <name>.data:g_sCrystalfontz128x128</name>
         <load_address>0x200000e0</load_address>
         <run_address>0x200000e0</run_address>
         <size>0x10</size>
         <input_file_ref idref="fl-7"/>
      </object_component>
      <object_component id="oc-4e4">
         <name>.data</name>
         <load_address>0x20000108</load_address>
         <run_address>0x20000108</run_address>
         <size>0x4</size>
         <input_file_ref idref="fl-d3"/>
      </object_component>
      <object_component id="oc-3a9">
         <name>.bss:resultsBuffer</name>
         <uninitialized>true</uninitialized>
         <run_address>0x200000a0</run_address>
         <size>0x8</size>
         <input_file_ref idref="fl-2"/>
      </object_component>
      <object_component id="oc-3ac">
         <name>.bss:magBuffer</name>
         <uninitialized>true</uninitialized>
         <run_address>0x20000000</run_address>
         <size>0xa0</size>
         <input_file_ref idref="fl-2"/>
      </object_component>
      <object_component id="oc-164">
         <name>.common:g_sContext</name>
         <uninitialized>true</uninitialized>
         <run_address>0x200000b0</run_address>
         <size>0x4</size>
      </object_component>
      <object_component id="oc-f7">
         <name>.common:conversion_values</name>
         <uninitialized>true</uninitialized>
         <run_address>0x200000a8</run_address>
         <size>0x8</size>
      </object_component>
      <object_component id="oc-1e5">
         <name>.common:Lcd_Orientation</name>
         <uninitialized>true</uninitialized>
         <run_address>0x200000bc</run_address>
         <size>0x1</size>
      </object_component>
      <object_component id="oc-1dd">
         <name>.common:Lcd_ScreenWidth</name>
         <uninitialized>true</uninitialized>
         <run_address>0x200000b6</run_address>
         <size>0x2</size>
      </object_component>
      <object_component id="oc-1e0">
         <name>.common:Lcd_ScreenHeigth</name>
         <uninitialized>true</uninitialized>
         <run_address>0x200000b4</run_address>
         <size>0x2</size>
      </object_component>
      <object_component id="oc-1e1">
         <name>.common:Lcd_PenSolid</name>
         <uninitialized>true</uninitialized>
         <run_address>0x200000bd</run_address>
         <size>0x1</size>
      </object_component>
      <object_component id="oc-1e2">
         <name>.common:Lcd_FontSolid</name>
         <uninitialized>true</uninitialized>
         <run_address>0x200000bb</run_address>
         <size>0x1</size>
      </object_component>
      <object_component id="oc-1e3">
         <name>.common:Lcd_FlagRead</name>
         <uninitialized>true</uninitialized>
         <run_address>0x200000ba</run_address>
         <size>0x1</size>
      </object_component>
      <object_component id="oc-1e4">
         <name>.common:Lcd_TouchTrim</name>
         <uninitialized>true</uninitialized>
         <run_address>0x200000b8</run_address>
         <size>0x2</size>
      </object_component>
      <object_component id="oc-29">
         <name>.stack</name>
         <uninitialized>true</uninitialized>
         <run_address>0x2000fe00</run_address>
         <size>0x4</size>
         <input_file_ref idref="fl-d2"/>
      </object_component>
      <object_component id="oc-5d6">
         <name>.stack</name>
         <uninitialized>true</uninitialized>
         <run_address>0x2000fe00</run_address>
         <size>0x0</size>
      </object_component>
      <object_component id="oc-165">
         <name>.debug_info</name>
         <load_address>0x0</load_address>
         <run_address>0x0</run_address>
         <size>0xda4</size>
         <input_file_ref idref="fl-2"/>
      </object_component>
      <object_component id="oc-3aa">
         <name>.debug_info</name>
         <load_address>0xda4</load_address>
         <run_address>0xda4</run_address>
         <size>0xec</size>
         <input_file_ref idref="fl-2"/>
      </object_component>
      <object_component id="oc-387">
         <name>.debug_info</name>
         <load_address>0xe90</load_address>
         <run_address>0xe90</run_address>
         <size>0x1a0</size>
         <input_file_ref idref="fl-2"/>
      </object_component>
      <object_component id="oc-3ad">
         <name>.debug_info</name>
         <load_address>0x1030</load_address>
         <run_address>0x1030</run_address>
         <size>0xe4</size>
         <input_file_ref idref="fl-2"/>
      </object_component>
      <object_component id="oc-38a">
         <name>.debug_info</name>
         <load_address>0x1114</load_address>
         <run_address>0x1114</run_address>
         <size>0xe0</size>
         <input_file_ref idref="fl-2"/>
      </object_component>
      <object_component id="oc-38d">
         <name>.debug_info</name>
         <load_address>0x11f4</load_address>
         <run_address>0x11f4</run_address>
         <size>0xe0</size>
         <input_file_ref idref="fl-2"/>
      </object_component>
      <object_component id="oc-22b">
         <name>.debug_info</name>
         <load_address>0x12d4</load_address>
         <run_address>0x12d4</run_address>
         <size>0xd79</size>
         <input_file_ref idref="fl-2"/>
      </object_component>
      <object_component id="oc-174">
         <name>.debug_info</name>
         <load_address>0x204d</load_address>
         <run_address>0x204d</run_address>
         <size>0x26b</size>
         <input_file_ref idref="fl-2"/>
      </object_component>
      <object_component id="oc-239">
         <name>.debug_info</name>
         <load_address>0x22b8</load_address>
         <run_address>0x22b8</run_address>
         <size>0x1055</size>
         <input_file_ref idref="fl-2"/>
      </object_component>
      <object_component id="oc-2a8">
         <name>.debug_info</name>
         <load_address>0x330d</load_address>
         <run_address>0x330d</run_address>
         <size>0x37e2</size>
         <input_file_ref idref="fl-2"/>
      </object_component>
      <object_component id="oc-103">
         <name>.debug_info</name>
         <load_address>0x6aef</load_address>
         <run_address>0x6aef</run_address>
         <size>0x439</size>
         <input_file_ref idref="fl-2"/>
      </object_component>
      <object_component id="oc-16d">
         <name>.debug_info</name>
         <load_address>0x6f28</load_address>
         <run_address>0x6f28</run_address>
         <size>0xc6</size>
         <input_file_ref idref="fl-2"/>
      </object_component>
      <object_component id="oc-fe">
         <name>.debug_info</name>
         <load_address>0x6fee</load_address>
         <run_address>0x6fee</run_address>
         <size>0x8b</size>
         <input_file_ref idref="fl-2"/>
      </object_component>
      <object_component id="oc-245">
         <name>.debug_info</name>
         <load_address>0x7079</load_address>
         <run_address>0x7079</run_address>
         <size>0x2a4</size>
         <input_file_ref idref="fl-2"/>
      </object_component>
      <object_component id="oc-23e">
         <name>.debug_info</name>
         <load_address>0x731d</load_address>
         <run_address>0x731d</run_address>
         <size>0xef</size>
         <input_file_ref idref="fl-2"/>
      </object_component>
      <object_component id="oc-108">
         <name>.debug_info</name>
         <load_address>0x740c</load_address>
         <run_address>0x740c</run_address>
         <size>0xbb</size>
         <input_file_ref idref="fl-2"/>
      </object_component>
      <object_component id="oc-264">
         <name>.debug_info</name>
         <load_address>0x74c7</load_address>
         <run_address>0x74c7</run_address>
         <size>0x2c</size>
         <input_file_ref idref="fl-2"/>
      </object_component>
      <object_component id="oc-2ef">
         <name>.debug_info</name>
         <load_address>0x74f3</load_address>
         <run_address>0x74f3</run_address>
         <size>0x131</size>
         <input_file_ref idref="fl-2"/>
      </object_component>
      <object_component id="oc-f8">
         <name>.debug_info</name>
         <load_address>0x7624</load_address>
         <run_address>0x7624</run_address>
         <size>0xb5a</size>
         <input_file_ref idref="fl-3"/>
      </object_component>
      <object_component id="oc-f5">
         <name>.debug_info</name>
         <load_address>0x817e</load_address>
         <run_address>0x817e</run_address>
         <size>0xe1</size>
         <input_file_ref idref="fl-3"/>
      </object_component>
      <object_component id="oc-fb">
         <name>.debug_info</name>
         <load_address>0x825f</load_address>
         <run_address>0x825f</run_address>
         <size>0xe9</size>
         <input_file_ref idref="fl-3"/>
      </object_component>
      <object_component id="oc-f2">
         <name>.debug_info</name>
         <load_address>0x8348</load_address>
         <run_address>0x8348</run_address>
         <size>0xdf</size>
         <input_file_ref idref="fl-3"/>
      </object_component>
      <object_component id="oc-6e">
         <name>.debug_info</name>
         <load_address>0x8427</load_address>
         <run_address>0x8427</run_address>
         <size>0x685</size>
         <input_file_ref idref="fl-3"/>
      </object_component>
      <object_component id="oc-225">
         <name>.debug_info</name>
         <load_address>0x8aac</load_address>
         <run_address>0x8aac</run_address>
         <size>0x78</size>
         <input_file_ref idref="fl-3"/>
      </object_component>
      <object_component id="oc-234">
         <name>.debug_info</name>
         <load_address>0x8b24</load_address>
         <run_address>0x8b24</run_address>
         <size>0x37e2</size>
         <input_file_ref idref="fl-3"/>
      </object_component>
      <object_component id="oc-7b">
         <name>.debug_info</name>
         <load_address>0xc306</load_address>
         <run_address>0xc306</run_address>
         <size>0x2ce</size>
         <input_file_ref idref="fl-4"/>
      </object_component>
      <object_component id="oc-27">
         <name>.debug_info</name>
         <load_address>0xc5d4</load_address>
         <run_address>0xc5d4</run_address>
         <size>0xfa</size>
         <input_file_ref idref="fl-4"/>
      </object_component>
      <object_component id="oc-68">
         <name>.debug_info</name>
         <load_address>0xc6ce</load_address>
         <run_address>0xc6ce</run_address>
         <size>0x1c1</size>
         <input_file_ref idref="fl-4"/>
      </object_component>
      <object_component id="oc-32">
         <name>.debug_info</name>
         <load_address>0xc88f</load_address>
         <run_address>0xc88f</run_address>
         <size>0x84</size>
         <input_file_ref idref="fl-4"/>
      </object_component>
      <object_component id="oc-1c8">
         <name>.debug_info</name>
         <load_address>0xc913</load_address>
         <run_address>0xc913</run_address>
         <size>0xf3</size>
         <input_file_ref idref="fl-5"/>
      </object_component>
      <object_component id="oc-ac">
         <name>.debug_info</name>
         <load_address>0xca06</load_address>
         <run_address>0xca06</run_address>
         <size>0x265</size>
         <input_file_ref idref="fl-5"/>
      </object_component>
      <object_component id="oc-167">
         <name>.debug_info</name>
         <load_address>0xcc6b</load_address>
         <run_address>0xcc6b</run_address>
         <size>0xabe</size>
         <input_file_ref idref="fl-6"/>
      </object_component>
      <object_component id="oc-162">
         <name>.debug_info</name>
         <load_address>0xd729</load_address>
         <run_address>0xd729</run_address>
         <size>0xdc</size>
         <input_file_ref idref="fl-6"/>
      </object_component>
      <object_component id="oc-16a">
         <name>.debug_info</name>
         <load_address>0xd805</load_address>
         <run_address>0xd805</run_address>
         <size>0xdc</size>
         <input_file_ref idref="fl-6"/>
      </object_component>
      <object_component id="oc-76">
         <name>.debug_info</name>
         <load_address>0xd8e1</load_address>
         <run_address>0xd8e1</run_address>
         <size>0x4bc</size>
         <input_file_ref idref="fl-6"/>
      </object_component>
      <object_component id="oc-1de">
         <name>.debug_info</name>
         <load_address>0xdd9d</load_address>
         <run_address>0xdd9d</run_address>
         <size>0x930</size>
         <input_file_ref idref="fl-7"/>
      </object_component>
      <object_component id="oc-e9">
         <name>.debug_info</name>
         <load_address>0xe6cd</load_address>
         <run_address>0xe6cd</run_address>
         <size>0x114</size>
         <input_file_ref idref="fl-7"/>
      </object_component>
      <object_component id="oc-ec">
         <name>.debug_info</name>
         <load_address>0xe7e1</load_address>
         <run_address>0xe7e1</run_address>
         <size>0x120</size>
         <input_file_ref idref="fl-7"/>
      </object_component>
      <object_component id="oc-1e7">
         <name>.debug_info</name>
         <load_address>0xe901</load_address>
         <run_address>0xe901</run_address>
         <size>0xf5</size>
         <input_file_ref idref="fl-7"/>
      </object_component>
      <object_component id="oc-b3">
         <name>.debug_info</name>
         <load_address>0xe9f6</load_address>
         <run_address>0xe9f6</run_address>
         <size>0x1523</size>
         <input_file_ref idref="fl-7"/>
      </object_component>
      <object_component id="oc-2fb">
         <name>.debug_info</name>
         <load_address>0xff19</load_address>
         <run_address>0xff19</run_address>
         <size>0x37e2</size>
         <input_file_ref idref="fl-7"/>
      </object_component>
      <object_component id="oc-457">
         <name>.debug_info</name>
         <load_address>0x136fb</load_address>
         <run_address>0x136fb</run_address>
         <size>0x876</size>
         <input_file_ref idref="fl-8"/>
      </object_component>
      <object_component id="oc-2ec">
         <name>.debug_info</name>
         <load_address>0x13f71</load_address>
         <run_address>0x13f71</run_address>
         <size>0x108</size>
         <input_file_ref idref="fl-8"/>
      </object_component>
      <object_component id="oc-1cf">
         <name>.debug_info</name>
         <load_address>0x14079</load_address>
         <run_address>0x14079</run_address>
         <size>0x5a2</size>
         <input_file_ref idref="fl-8"/>
      </object_component>
      <object_component id="oc-48e">
         <name>.debug_info</name>
         <load_address>0x1461b</load_address>
         <run_address>0x1461b</run_address>
         <size>0x2c5</size>
         <input_file_ref idref="fl-c4"/>
      </object_component>
      <object_component id="oc-39a">
         <name>.debug_info</name>
         <load_address>0x148e0</load_address>
         <run_address>0x148e0</run_address>
         <size>0x24e</size>
         <input_file_ref idref="fl-c4"/>
      </object_component>
      <object_component id="oc-544">
         <name>.debug_info</name>
         <load_address>0x14b2e</load_address>
         <run_address>0x14b2e</run_address>
         <size>0x46</size>
         <input_file_ref idref="fl-c4"/>
      </object_component>
      <object_component id="oc-489">
         <name>.debug_info</name>
         <load_address>0x14b74</load_address>
         <run_address>0x14b74</run_address>
         <size>0x39</size>
         <input_file_ref idref="fl-c4"/>
      </object_component>
      <object_component id="oc-263">
         <name>.debug_info</name>
         <load_address>0x14bad</load_address>
         <run_address>0x14bad</run_address>
         <size>0x333</size>
         <input_file_ref idref="fl-c5"/>
      </object_component>
      <object_component id="oc-114">
         <name>.debug_info</name>
         <load_address>0x14ee0</load_address>
         <run_address>0x14ee0</run_address>
         <size>0x1d1</size>
         <input_file_ref idref="fl-c5"/>
      </object_component>
      <object_component id="oc-258">
         <name>.debug_info</name>
         <load_address>0x150b1</load_address>
         <run_address>0x150b1</run_address>
         <size>0x18d</size>
         <input_file_ref idref="fl-c5"/>
      </object_component>
      <object_component id="oc-25e">
         <name>.debug_info</name>
         <load_address>0x1523e</load_address>
         <run_address>0x1523e</run_address>
         <size>0x16d</size>
         <input_file_ref idref="fl-c5"/>
      </object_component>
      <object_component id="oc-4eb">
         <name>.debug_info</name>
         <load_address>0x153ab</load_address>
         <run_address>0x153ab</run_address>
         <size>0x2c</size>
         <input_file_ref idref="fl-c5"/>
      </object_component>
      <object_component id="oc-395">
         <name>.debug_info</name>
         <load_address>0x153d7</load_address>
         <run_address>0x153d7</run_address>
         <size>0x14c</size>
         <input_file_ref idref="fl-c6"/>
      </object_component>
      <object_component id="oc-3a5">
         <name>.debug_info</name>
         <load_address>0x15523</load_address>
         <run_address>0x15523</run_address>
         <size>0x128</size>
         <input_file_ref idref="fl-c7"/>
      </object_component>
      <object_component id="oc-3a1">
         <name>.debug_info</name>
         <load_address>0x1564b</load_address>
         <run_address>0x1564b</run_address>
         <size>0x12a</size>
         <input_file_ref idref="fl-c7"/>
      </object_component>
      <object_component id="oc-331">
         <name>.debug_info</name>
         <load_address>0x15775</load_address>
         <run_address>0x15775</run_address>
         <size>0x13a</size>
         <input_file_ref idref="fl-c8"/>
      </object_component>
      <object_component id="oc-33c">
         <name>.debug_info</name>
         <load_address>0x158af</load_address>
         <run_address>0x158af</run_address>
         <size>0x13a</size>
         <input_file_ref idref="fl-c9"/>
      </object_component>
      <object_component id="oc-337">
         <name>.debug_info</name>
         <load_address>0x159e9</load_address>
         <run_address>0x159e9</run_address>
         <size>0x12e</size>
         <input_file_ref idref="fl-ca"/>
      </object_component>
      <object_component id="oc-342">
         <name>.debug_info</name>
         <load_address>0x15b17</load_address>
         <run_address>0x15b17</run_address>
         <size>0x13e</size>
         <input_file_ref idref="fl-cb"/>
      </object_component>
      <object_component id="oc-32c">
         <name>.debug_info</name>
         <load_address>0x15c55</load_address>
         <run_address>0x15c55</run_address>
         <size>0x12c</size>
         <input_file_ref idref="fl-cc"/>
      </object_component>
      <object_component id="oc-38">
         <name>.debug_info</name>
         <load_address>0x15d81</load_address>
         <run_address>0x15d81</run_address>
         <size>0x119</size>
         <input_file_ref idref="fl-cd"/>
      </object_component>
      <object_component id="oc-390">
         <name>.debug_info</name>
         <load_address>0x15e9a</load_address>
         <run_address>0x15e9a</run_address>
         <size>0x12e</size>
         <input_file_ref idref="fl-ce"/>
      </object_component>
      <object_component id="oc-92">
         <name>.debug_info</name>
         <load_address>0x15fc8</load_address>
         <run_address>0x15fc8</run_address>
         <size>0x2d4</size>
         <input_file_ref idref="fl-cf"/>
      </object_component>
      <object_component id="oc-45">
         <name>.debug_info</name>
         <load_address>0x1629c</load_address>
         <run_address>0x1629c</run_address>
         <size>0x1d2</size>
         <input_file_ref idref="fl-cf"/>
      </object_component>
      <object_component id="oc-8d">
         <name>.debug_info</name>
         <load_address>0x1646e</load_address>
         <run_address>0x1646e</run_address>
         <size>0x46</size>
         <input_file_ref idref="fl-cf"/>
      </object_component>
      <object_component id="oc-180">
         <name>.debug_info</name>
         <load_address>0x164b4</load_address>
         <run_address>0x164b4</run_address>
         <size>0x2c</size>
         <input_file_ref idref="fl-cf"/>
      </object_component>
      <object_component id="oc-42">
         <name>.debug_info</name>
         <load_address>0x164e0</load_address>
         <run_address>0x164e0</run_address>
         <size>0x2a8</size>
         <input_file_ref idref="fl-d0"/>
      </object_component>
      <object_component id="oc-20">
         <name>.debug_info</name>
         <load_address>0x16788</load_address>
         <run_address>0x16788</run_address>
         <size>0x1ea</size>
         <input_file_ref idref="fl-d0"/>
      </object_component>
      <object_component id="oc-3d">
         <name>.debug_info</name>
         <load_address>0x16972</load_address>
         <run_address>0x16972</run_address>
         <size>0x46</size>
         <input_file_ref idref="fl-d0"/>
      </object_component>
      <object_component id="oc-85">
         <name>.debug_info</name>
         <load_address>0x169b8</load_address>
         <run_address>0x169b8</run_address>
         <size>0x2c</size>
         <input_file_ref idref="fl-d0"/>
      </object_component>
      <object_component id="oc-83">
         <name>.debug_info</name>
         <load_address>0x169e4</load_address>
         <run_address>0x169e4</run_address>
         <size>0x29e</size>
         <input_file_ref idref="fl-d1"/>
      </object_component>
      <object_component id="oc-19">
         <name>.debug_info</name>
         <load_address>0x16c82</load_address>
         <run_address>0x16c82</run_address>
         <size>0x250</size>
         <input_file_ref idref="fl-d1"/>
      </object_component>
      <object_component id="oc-2d">
         <name>.debug_info</name>
         <load_address>0x16ed2</load_address>
         <run_address>0x16ed2</run_address>
         <size>0x60</size>
         <input_file_ref idref="fl-d1"/>
      </object_component>
      <object_component id="oc-179">
         <name>.debug_info</name>
         <load_address>0x16f32</load_address>
         <run_address>0x16f32</run_address>
         <size>0x46</size>
         <input_file_ref idref="fl-d1"/>
      </object_component>
      <object_component id="oc-7e">
         <name>.debug_info</name>
         <load_address>0x16f78</load_address>
         <run_address>0x16f78</run_address>
         <size>0x39</size>
         <input_file_ref idref="fl-d1"/>
      </object_component>
      <object_component id="oc-2a">
         <name>.debug_info</name>
         <load_address>0x16fb1</load_address>
         <run_address>0x16fb1</run_address>
         <size>0x10b</size>
         <input_file_ref idref="fl-d2"/>
      </object_component>
      <object_component id="oc-58">
         <name>.debug_info</name>
         <load_address>0x170bc</load_address>
         <run_address>0x170bc</run_address>
         <size>0x1a9</size>
         <input_file_ref idref="fl-d2"/>
      </object_component>
      <object_component id="oc-4e8">
         <name>.debug_info</name>
         <load_address>0x17265</load_address>
         <run_address>0x17265</run_address>
         <size>0x289</size>
         <input_file_ref idref="fl-d3"/>
      </object_component>
      <object_component id="oc-4e5">
         <name>.debug_info</name>
         <load_address>0x174ee</load_address>
         <run_address>0x174ee</run_address>
         <size>0x10e</size>
         <input_file_ref idref="fl-d3"/>
      </object_component>
      <object_component id="oc-3e7">
         <name>.debug_info</name>
         <load_address>0x175fc</load_address>
         <run_address>0x175fc</run_address>
         <size>0x14e</size>
         <input_file_ref idref="fl-d3"/>
      </object_component>
      <object_component id="oc-3ed">
         <name>.debug_info</name>
         <load_address>0x1774a</load_address>
         <run_address>0x1774a</run_address>
         <size>0x590</size>
         <input_file_ref idref="fl-d4"/>
      </object_component>
      <object_component id="oc-3be">
         <name>.debug_info</name>
         <load_address>0x17cda</load_address>
         <run_address>0x17cda</run_address>
         <size>0x21e</size>
         <input_file_ref idref="fl-d4"/>
      </object_component>
      <object_component id="oc-4af">
         <name>.debug_info</name>
         <load_address>0x17ef8</load_address>
         <run_address>0x17ef8</run_address>
         <size>0x1b3</size>
         <input_file_ref idref="fl-d4"/>
      </object_component>
      <object_component id="oc-4b5">
         <name>.debug_info</name>
         <load_address>0x180ab</load_address>
         <run_address>0x180ab</run_address>
         <size>0x21b</size>
         <input_file_ref idref="fl-d4"/>
[...]
         <object_component_ref idref="oc-49c"/>
      </symbol>
      <symbol id="sm-586">
         <name>__TI_auto_init_nobinit_nopinit</name>
         <value>0x4845</value>
         <object_component_ref idref="oc-195"/>
      </symbol>
      <symbol id="sm-590">
         <name>_system_pre_init</name>
         <value>0x4f4d</value>
         <object_component_ref idref="oc-99"/>
      </symbol>
      <symbol id="sm-59c">
         <name>C$$EXIT</name>
         <value>0x4f51</value>
         <object_component_ref idref="oc-189"/>
      </symbol>
      <symbol id="sm-59d">
         <name>abort</name>
         <value>0x4f51</value>
         <object_component_ref idref="oc-189"/>
      </symbol>
      <symbol id="sm-5ad">
         <name>__TI_ltoa</name>
         <value>0x4629</value>
         <object_component_ref idref="oc-4a2"/>
      </symbol>
      <symbol id="sm-5c4">
         <name>atoi</name>
         <value>0x4721</value>
         <object_component_ref idref="oc-3b6"/>
      </symbol>
      <symbol id="sm-5cf">
         <name>_ctypes_</name>
         <value>0x524c</value>
         <object_component_ref idref="oc-497"/>
      </symbol>
      <symbol id="sm-5df">
         <name>memccpy</name>
         <value>0x4d4f</value>
         <object_component_ref idref="oc-3da"/>
      </symbol>
      <symbol id="sm-5ef">
         <name>strchr</name>
         <value>0x4e43</value>
         <object_component_ref idref="oc-4d4"/>
      </symbol>
      <symbol id="sm-5fd">
         <name>strlen</name>
         <value>0x4e6d</value>
         <object_component_ref idref="oc-3b0"/>
      </symbol>
      <symbol id="sm-616">
         <name>wcslen</name>
         <value>0x4e93</value>
         <object_component_ref idref="oc-3e0"/>
      </symbol>
      <symbol id="sm-636">
         <name>frexpl</name>
         <value>0x43a9</value>
         <object_component_ref idref="oc-4c8"/>
      </symbol>
      <symbol id="sm-637">
         <name>frexp</name>
         <value>0x43a9</value>
         <object_component_ref idref="oc-4c8"/>
      </symbol>
      <symbol id="sm-654">
         <name>scalbn</name>
         <value>0x3191</value>
         <object_component_ref idref="oc-4ce"/>
      </symbol>
      <symbol id="sm-655">
         <name>scalbnl</name>
         <value>0x3191</value>
         <object_component_ref idref="oc-4ce"/>
      </symbol>
      <symbol id="sm-656">
         <name>ldexpl</name>
         <value>0x3191</value>
         <object_component_ref idref="oc-4ce"/>
      </symbol>
      <symbol id="sm-657">
         <name>ldexp</name>
         <value>0x3191</value>
         <object_component_ref idref="oc-4ce"/>
      </symbol>
      <symbol id="sm-661">
         <name>__aeabi_idiv0</name>
         <value>0xb33</value>
         <object_component_ref idref="oc-552"/>
      </symbol>
      <symbol id="sm-662">
         <name>__aeabi_ldiv0</name>
         <value>0xb33</value>
         <object_component_ref idref="oc-552"/>
      </symbol>
      <symbol id="sm-66c">
         <name>copysign</name>
         <value>0x4db9</value>
         <object_component_ref idref="oc-566"/>
      </symbol>
      <symbol id="sm-66d">
         <name>copysignl</name>
         <value>0x4db9</value>
         <object_component_ref idref="oc-566"/>
      </symbol>
      <symbol id="sm-757">
         <name>ADC14_enableInterrupt</name>
         <value>0x4b09</value>
         <object_component_ref idref="oc-356"/>
      </symbol>
      <symbol id="sm-758">
         <name>ADC14_enableSampleTimer</name>
         <value>0x4a6d</value>
         <object_component_ref idref="oc-35c"/>
      </symbol>
      <symbol id="sm-759">
         <name>ADC14_enableConversion</name>
         <value>0x4bed</value>
         <object_component_ref idref="oc-362"/>
      </symbol>
      <symbol id="sm-75a">
         <name>ADC14_toggleConversionTrigger</name>
         <value>0x4b69</value>
         <object_component_ref idref="oc-368"/>
      </symbol>
      <symbol id="sm-75b">
         <name>ADC14_initModule</name>
         <value>0x45d5</value>
         <object_component_ref idref="oc-350"/>
      </symbol>
      <symbol id="sm-75c">
         <name>ADC14_configureMultiSequenceMode</name>
         <value>0x3821</value>
         <object_component_ref idref="oc-d6"/>
      </symbol>
      <symbol id="sm-75d">
         <name>ADC14_configureConversionMemory</name>
         <value>0x376d</value>
         <object_component_ref idref="oc-dc"/>
      </symbol>
      <symbol id="sm-75e">
         <name>ADC14_enableModule</name>
         <value>0x4f11</value>
         <object_component_ref idref="oc-34a"/>
      </symbol>
      <symbol id="sm-75f">
         <name>ADC14_getResult</name>
         <value>0x4c15</value>
         <object_component_ref idref="oc-e2"/>
      </symbol>
      <symbol id="sm-78e">
         <name>CS_setDCOCenteredFrequency</name>
         <value>0x4aa1</value>
         <object_component_ref idref="oc-143"/>
      </symbol>
      <symbol id="sm-78f">
         <name>CS_initClockSignal</name>
         <value>0x2e29</value>
         <object_component_ref idref="oc-149"/>
      </symbol>
      <symbol id="sm-79e">
         <name>FlashCtl_setWaitState</name>
         <value>0x476d</value>
         <object_component_ref idref="oc-380"/>
      </symbol>
      <symbol id="sm-7e6">
         <name>GPIO_setOutputHighOnPin</name>
         <value>0x4c3d</value>
         <object_component_ref idref="oc-1d7"/>
      </symbol>
      <symbol id="sm-7e7">
         <name>GPIO_setAsOutputPin</name>
         <value>0x4889</value>
         <object_component_ref idref="oc-2d9"/>
      </symbol>
      <symbol id="sm-7e8">
         <name>GPIO_setOutputLowOnPin</name>
         <value>0x4c65</value>
         <object_component_ref idref="oc-1d1"/>
      </symbol>
      <symbol id="sm-7e9">
         <name>GPIO_setAsPeripheralModuleFunctionOutputPin</name>
         <value>0x3ef5</value>
         <object_component_ref idref="oc-2d3"/>
      </symbol>
      <symbol id="sm-7ea">
         <name>GPIO_setAsPeripheralModuleFunctionInputPin</name>
         <value>0x3e6d</value>
         <object_component_ref idref="oc-344"/>
      </symbol>
      <symbol id="sm-819">
         <name>Interrupt_disableMaster</name>
         <value>0x4eb5</value>
         <object_component_ref idref="oc-374"/>
      </symbol>
      <symbol id="sm-81a">
         <name>Interrupt_enableMaster</name>
         <value>0x4ec5</value>
         <object_component_ref idref="oc-155"/>
      </symbol>
      <symbol id="sm-81b">
         <name>Interrupt_enableInterrupt</name>
         <value>0x4089</value>
         <object_component_ref idref="oc-14f"/>
      </symbol>
      <symbol id="sm-8ab">
         <name>PCM_setCoreVoltageLevel</name>
         <value>0x4ed5</value>
         <object_component_ref idref="oc-37a"/>
      </symbol>
      <symbol id="sm-8ac">
         <name>PCM_getCoreVoltageLevel</name>
         <value>0x440d</value>
         <object_component_ref idref="oc-531"/>
      </symbol>
      <symbol id="sm-8ad">
         <name>PCM_getPowerMode</name>
         <value>0x44c9</value>
         <object_component_ref idref="oc-52b"/>
      </symbol>
      <symbol id="sm-8ae">
         <name>PCM_getPowerState</name>
         <value>0x4e59</value>
         <object_component_ref idref="oc-537"/>
      </symbol>
      <symbol id="sm-8af">
         <name>PCM_gotoLPM0</name>
         <value>0x4c8d</value>
         <object_component_ref idref="oc-15b"/>
      </symbol>
      <symbol id="sm-8b0">
         <name>PCM_setPowerMode</name>
         <value>0x4ee5</value>
         <object_component_ref idref="oc-53d"/>
      </symbol>
      <symbol id="sm-926">
         <name>RTC_C_startClock</name>
         <value>0x4bc1</value>
         <object_component_ref idref="oc-131"/>
      </symbol>
      <symbol id="sm-927">
         <name>RTC_C_getCalendarTime</name>
         <value>0x4109</value>
         <object_component_ref idref="oc-10d"/>
      </symbol>
      <symbol id="sm-928">
         <name>RTC_C_getInterruptStatus</name>
         <value>0x446d</value>
         <object_component_ref idref="oc-288"/>
      </symbol>
      <symbol id="sm-929">
         <name>RTC_C_initCalendar</name>
         <value>0x3dd9</value>
         <object_component_ref idref="oc-125"/>
      </symbol>
      <symbol id="sm-92a">
         <name>RTC_C_getEnabledInterruptStatus</name>
         <value>0x3d45</value>
         <object_component_ref idref="oc-137"/>
      </symbol>
      <symbol id="sm-92b">
         <name>RTC_C_enableInterrupt</name>
         <value>0x4345</value>
         <object_component_ref idref="oc-12b"/>
      </symbol>
      <symbol id="sm-92c">
         <name>RTC_C_clearInterruptFlag</name>
         <value>0x4525</value>
         <object_component_ref idref="oc-13d"/>
      </symbol>
      <symbol id="sm-96b">
         <name>EUSCI_B_SPI_enable</name>
         <value>0x4e01</value>
         <object_component_ref idref="oc-44e"/>
      </symbol>
      <symbol id="sm-96c">
         <name>SPI_enableModule</name>
         <value>0x4d17</value>
         <object_component_ref idref="oc-2e5"/>
      </symbol>
      <symbol id="sm-96d">
         <name>EUSCI_A_SPI_enable</name>
         <value>0x4deb</value>
         <object_component_ref idref="oc-448"/>
      </symbol>
      <symbol id="sm-96e">
         <name>SPI_initMaster</name>
         <value>0x3987</value>
         <object_component_ref idref="oc-2df"/>
      </symbol>
      <symbol id="sm-97c">
         <name>WDT_A_holdTimer</name>
         <value>0x4cb5</value>
         <object_component_ref idref="oc-36e"/>
      </symbol>
      <symbol id="sm-996">
         <name>CPU_wfi</name>
         <value>0x4f49</value>
         <object_component_ref idref="oc-29d"/>
      </symbol>
      <symbol id="sm-997">
         <name>CPU_cpsie</name>
         <value>0x4f29</value>
         <object_component_ref idref="oc-296"/>
      </symbol>
      <symbol id="sm-998">
         <name>CPU_cpsid</name>
         <value>0x4f1d</value>
         <object_component_ref idref="oc-471"/>
      </symbol>
      <symbol id="sm-9ca">
         <name>Graphics_setBackgroundColor</name>
         <value>0x4d85</value>
         <object_component_ref idref="oc-c4"/>
      </symbol>
      <symbol id="sm-9cb">
         <name>Graphics_setFont</name>
         <value>0x4d9f</value>
         <object_component_ref idref="oc-ca"/>
      </symbol>
      <symbol id="sm-9cc">
         <name>Graphics_initContext</name>
         <value>0x467d</value>
         <object_component_ref idref="oc-b8"/>
      </symbol>
      <symbol id="sm-9cd">
         <name>Graphics_setForegroundColor</name>
         <value>0x4e17</value>
         <object_component_ref idref="oc-be"/>
      </symbol>
      <symbol id="sm-9ce">
         <name>Graphics_clearDisplay</name>
         <value>0x4e81</value>
         <object_component_ref idref="oc-d0"/>
      </symbol>
      <symbol id="sm-a03">
         <name>Graphics_clearDisplayOnDisplay</name>
         <value>0x4d6b</value>
         <object_component_ref idref="oc-1fa"/>
      </symbol>
      <symbol id="sm-a04">
         <name>Graphics_drawPixelOnDisplay</name>
         <value>0x4b95</value>
         <object_component_ref idref="oc-40c"/>
      </symbol>
      <symbol id="sm-a05">
         <name>Graphics_translateColorOnDisplay</name>
         <value>0x4e2d</value>
         <object_component_ref idref="oc-1ec"/>
      </symbol>
      <symbol id="sm-a06">
         <name>Graphics_drawHorizontalLineOnDisplay</name>
         <value>0x49ff</value>
         <object_component_ref idref="oc-4fb"/>
      </symbol>
      <symbol id="sm-a07">
         <name>Graphics_drawVerticalLineOnDisplay</name>
         <value>0x4a35</value>
         <object_component_ref idref="oc-523"/>
      </symbol>
      <symbol id="sm-a08">
         <name>Graphics_fillRectangleOnDisplay</name>
         <value>0x4cf9</value>
         <object_component_ref idref="oc-269"/>
      </symbol>
      <symbol id="sm-a1a">
         <name>g_sFontFixed6x8</name>
         <value>0x5350</value>
         <object_component_ref idref="oc-ee"/>
      </symbol>
      <symbol id="sm-a3a">
         <name>Graphics_drawRectangle</name>
         <value>0x3a37</value>
         <object_component_ref idref="oc-325"/>
      </symbol>
      <symbol id="sm-a3b">
         <name>Graphics_fillRectangle</name>
         <value>0x307d</value>
         <object_component_ref idref="oc-119"/>
      </symbol>
      <symbol id="sm-a93">
         <name>Graphics_drawStringCentered</name>
         <value>0x47b5</value>
         <object_component_ref idref="oc-11f"/>
      </symbol>
      <symbol id="sm-a94">
         <name>Graphics_drawString</name>
         <value>0x16dd</value>
         <object_component_ref idref="oc-27c"/>
      </symbol>
      <symbol id="sm-a95">
         <name>Graphics_getStringWidth</name>
         <value>0x35a5</value>
         <object_component_ref idref="oc-276"/>
      </symbol>
      <symbol id="sm-ab6">
         <name>Graphics_drawLineH</name>
         <value>0x3ad9</value>
         <object_component_ref idref="oc-406"/>
      </symbol>
      <symbol id="sm-ab7">
         <name>Graphics_drawLineV</name>
         <value>0x3b75</value>
         <object_component_ref idref="oc-45d"/>
      </symbol>
      <symbol id="sm-ab8">
         <name>__TI_static_base__</name>
         <value>0x0</value>
      </symbol>
      <symbol id="sm-abb">
         <name>__mpu_init</name>
         <value>0x0</value>
      </symbol>
      <symbol id="sm-abc">
         <name>_system_post_cinit</name>
         <value>0x0</value>
      </symbol>
      <symbol id="sm-abd">
         <name>NMI_Handler</name>
         <value>0x4f0f</value>
      </symbol>
      <symbol id="sm-abe">
         <name>HardFault_Handler</name>
         <value>0x4f0f</value>
      </symbol>
      <symbol id="sm-abf">
         <name>MemManage_Handler</name>
         <value>0x4f0f</value>
      </symbol>
      <symbol id="sm-ac0">
         <name>BusFault_Handler</name>
         <value>0x4f0f</value>
      </symbol>
      <symbol id="sm-ac1">
         <name>UsageFault_Handler</name>
         <value>0x4f0f</value>
      </symbol>
      <symbol id="sm-ac2">
         <name>SVC_Handler</name>
         <value>0x4f0f</value>
      </symbol>
      <symbol id="sm-ac3">
         <name>DebugMon_Handler</name>
         <value>0x4f0f</value>
      </symbol>
      <symbol id="sm-ac4">
         <name>PendSV_Handler</name>
         <value>0x4f0f</value>
      </symbol>
      <symbol id="sm-ac5">
         <name>SysTick_Handler</name>
         <value>0x4f0f</value>
      </symbol>
      <symbol id="sm-ac6">
         <name>PSS_IRQHandler</name>
         <value>0x4f0f</value>
      </symbol>
      <symbol id="sm-ac7">
         <name>CS_IRQHandler</name>
         <value>0x4f0f</value>
      </symbol>
      <symbol id="sm-ac8">
         <name>PCM_IRQHandler</name>
         <value>0x4f0f</value>
      </symbol>
      <symbol id="sm-ac9">
         <name>WDT_A_IRQHandler</name>
         <value>0x4f0f</value>
      </symbol>
      <symbol id="sm-aca">
         <name>FPU_IRQHandler</name>
         <value>0x4f0f</value>
      </symbol>
      <symbol id="sm-acb">
         <name>FLCTL_IRQHandler</name>
         <value>0x4f0f</value>
      </symbol>
      <symbol id="sm-acc">
         <name>COMP_E0_IRQHandler</name>
         <value>0x4f0f</value>
      </symbol>
      <symbol id="sm-acd">
         <name>COMP_E1_IRQHandler</name>
         <value>0x4f0f</value>
      </symbol>
      <symbol id="sm-ace">
         <name>TA0_0_IRQHandler</name>
         <value>0x4f0f</value>
      </symbol>
      <symbol id="sm-acf">
         <name>TA0_N_IRQHandler</name>
         <value>0x4f0f</value>
      </symbol>
      <symbol id="sm-ad0">
         <name>TA1_0_IRQHandler</name>
         <value>0x4f0f</value>
      </symbol>
      <symbol id="sm-ad1">
         <name>TA1_N_IRQHandler</name>
         <value>0x4f0f</value>
      </symbol>
      <symbol id="sm-ad2">
         <name>TA2_0_IRQHandler</name>
         <value>0x4f0f</value>
      </symbol>
      <symbol id="sm-ad3">
         <name>TA2_N_IRQHandler</name>
         <value>0x4f0f</value>
      </symbol>
      <symbol id="sm-ad4">
         <name>TA3_0_IRQHandler</name>
         <value>0x4f0f</value>
      </symbol>
      <symbol id="sm-ad5">
         <name>TA3_N_IRQHandler</name>
         <value>0x4f0f</value>
      </symbol>
      <symbol id="sm-ad6">
         <name>EUSCIA0_IRQHandler</name>
         <value>0x4f0f</value>
      </symbol>
      <symbol id="sm-ad7">
         <name>EUSCIA1_IRQHandler</name>
         <value>0x4f0f</value>
      </symbol>
      <symbol id="sm-ad8">
         <name>EUSCIA2_IRQHandler</name>
         <value>0x4f0f</value>
      </symbol>
      <symbol id="sm-ad9">
         <name>EUSCIA3_IRQHandler</name>
         <value>0x4f0f</value>
      </symbol>
      <symbol id="sm-ada">
         <name>EUSCIB0_IRQHandler</name>
         <value>0x4f0f</value>
      </symbol>
      <symbol id="sm-adb">
         <name>EUSCIB1_IRQHandler</name>
         <value>0x4f0f</value>
      </symbol>
      <symbol id="sm-adc">
         <name>EUSCIB2_IRQHandler</name>
         <value>0x4f0f</value>
      </symbol>
      <symbol id="sm-add">
         <name>EUSCIB3_IRQHandler</name>
         <value>0x4f0f</value>
      </symbol>
      <symbol id="sm-ade">
         <name>ADC14_IRQHandler</name>
         <value>0x2041</value>
      </symbol>
      <symbol id="sm-adf">
         <name>T32_INT1_IRQHandler</name>
         <value>0x4f0f</value>
      </symbol>
      <symbol id="sm-ae0">
         <name>T32_INT2_IRQHandler</name>
         <value>0x4f0f</value>
      </symbol>
      <symbol id="sm-ae1">
         <name>T32_INTC_IRQHandler</name>
         <value>0x4f0f</value>
      </symbol>
      <symbol id="sm-ae2">
         <name>AES256_IRQHandler</name>
         <value>0x4f0f</value>
      </symbol>
      <symbol id="sm-ae3">
         <name>RTC_C_IRQHandler</name>
         <value>0x3437</value>
      </symbol>
      <symbol id="sm-ae4">
         <name>DMA_ERR_IRQHandler</name>
         <value>0x4f0f</value>
      </symbol>
      <symbol id="sm-ae5">
         <name>DMA_INT3_IRQHandler</name>
         <value>0x4f0f</value>
      </symbol>
      <symbol id="sm-ae6">
         <name>DMA_INT2_IRQHandler</name>
         <value>0x4f0f</value>
      </symbol>
      <symbol id="sm-ae7">
         <name>DMA_INT1_IRQHandler</name>
         <value>0x4f0f</value>
      </symbol>
      <symbol id="sm-ae8">
         <name>DMA_INT0_IRQHandler</name>
         <value>0x4f0f</value>
      </symbol>
      <symbol id="sm-ae9">
         <name>PORT1_IRQHandler</name>
         <value>0x4f0f</value>
      </symbol>
      <symbol id="sm-aea">
         <name>PORT2_IRQHandler</name>
         <value>0x4f0f</value>
      </symbol>
      <symbol id="sm-aeb">
         <name>PORT3_IRQHandler</name>
         <value>0x4f0f</value>
      </symbol>
      <symbol id="sm-aec">
         <name>PORT4_IRQHandler</name>
         <value>0x4f0f</value>
      </symbol>
      <symbol id="sm-aed">
         <name>PORT5_IRQHandler</name>
         <value>0x4f0f</value>
      </symbol>
      <symbol id="sm-aee">
         <name>PORT6_IRQHandler</name>
         <value>0x4f0f</value>
      </symbol>
   </symbol_table>
   <title>Link successful</title>
</link_info>
