******************************************************************************
                  TI ARM Linker PC v20.2.7                     
******************************************************************************
>> Linked Fri Feb  6 11:18:40 2026

OUTPUT FILE NAME:   <MSP432_Smart_Watch.out>
ENTRY POINT SYMBOL: "_c_int00_noargs"  address: 00005f65


MEMORY CONFIGURATION

         name            origin    length      used     unused   attr    fill
----------------------  --------  ---------  --------  --------  ----  --------
  MAIN                  00000000   00040000  0000a104  00035efc  R  X
  INFO                  00200000   00004000  00000000  00004000  R  X
  SRAM_CODE             01000000   00010000  000008c6  0000f73a  RW X
  SRAM_DATA             20000000   00010000  000008c6  0000f73a  RW  


SEGMENT ALLOCATION MAP

run origin  load origin   length   init length attrs members
----------  ----------- ---------- ----------- ----- -------
00000000    00000000    0000a108   0000a108    r-x
  00000000    00000000    000000e4   000000e4    r-- .intvecs
  000000e4    000000e4    00006310   00006310    r-x .text
  000063f4    000063f4    00003c80   00003c80    r-- .const
  0000a078    0000a078    00000090   00000090    r-- .cinit
20000000    20000000    000006cc   00000000    rw-
  20000000    20000000    0000059a   00000000    rw- .bss
  200005a0    200005a0    0000012c   00000000    rw- .data
2000fe00    2000fe00    00000200   00000000    rw-
  2000fe00    2000fe00    00000200   00000000    rw- .stack


SECTION ALLOCATION MAP

 output                                  attributes/
section   page    origin      length       input sections
--------  ----  ----------  ----------   ----------------
.intvecs   0    00000000    000000e4     
                  00000000    000000e4     startup_msp432p401r_ccs.obj (.intvecs:retain)

.text      0    000000e4    00006310     
                  000000e4    00000a4e     rtsv7M4_T_le_v4SPD16_eabi.lib : _printfi.c.obj (.text:__TI_printfi)
                  00000b32    00000002                                   : _lock.c.obj (.text:_nop)
                  00000b34    00000788     alarm.obj (.text)
                  000012bc    000006c4     activity_tracker.obj (.text)
                  00001980    00000680     Crystalfontz128x128_ST7735.obj (.text)
                  00002000    000004bc     main.obj (.text)
                  000024bc    0000047e     grlib.a : string.obj (.text:Graphics_drawString)
                  0000293a    00000002     rtsv7M4_T_le_v4SPD16_eabi.lib : div0.asm.obj (.text)
                  0000293c    000003c4     game.obj (.text)
                  00002d00    00000390     grlib.a : image.obj (.text:Graphics_drawImage)
                  00003090    00000334     system_msp432p401r.obj (.text)
                  000033c4    000002a0     rtsv7M4_T_le_v4SPD16_eabi.lib : mktime.c.obj (.text:__mktime32)
                  00003664    00000270                                   : _printfi.c.obj (.text:_pconv_a)
                  000038d4    000001d0                                   : _printfi.c.obj (.text:_pconv_g)
                  00003aa4    000001cc     main_page.obj (.text)
                  00003c70    000001b6     rtsv7M4_T_le_v4SPD16_eabi.lib : fd_add_t2.asm.obj (.text)
                  00003e26    00000002     --HOLE-- [fill = 0]
                  00003e28    00000160     msp432p4xx_driverlib.lib : adc14.o (.text:_getIndexForMemRegister)
                  00003f88    0000013c     rtsv7M4_T_le_v4SPD16_eabi.lib : _printfi.c.obj (.text:_pconv_e)
                  000040c4    00000136                                   : fd_div_t2.asm.obj (.text)
                  000041fa    00000002     --HOLE-- [fill = 0]
                  000041fc    00000134                                   : localtim.c.obj (.text:__localtime32)
                  00004330    00000124                                   : _printfi.c.obj (.text:fcvt)
                  00004454    00000118     time_display.obj (.text)
                  0000456c    00000112     grlib.a : rectangle.obj (.text:Graphics_fillRectangle)
                  0000467e    00000002     --HOLE-- [fill = 0]
                  00004680    00000110     rtsv7M4_T_le_v4SPD16_eabi.lib : s_scalbn.c.obj (.text:scalbn)
                  00004790    00000104     msp432p4xx_driverlib.lib : cs.o (.text:_CSComputeCLKFrequency)
                  00004894    000000fc     rtsv7M4_T_le_v4SPD16_eabi.lib : fd_mul_t2.asm.obj (.text)
                  00004990    000000fa     grlib.a : string.obj (.text:Graphics_getStringWidth)
                  00004a8a    00000002     --HOLE-- [fill = 0]
                  00004a8c    000000f8     msp432p4xx_driverlib.lib : cs.o (.text:CS_getDCOFrequency)
                  00004b84    000000cc     HAL_MSP_EXP432P401R_Crystalfontz128x128_ST7735.obj (.text)
                  00004c50    000000b8     system_time.obj (.text)
                  00004d08    000000b4     msp432p4xx_driverlib.lib : adc14.o (.text:ADC14_configureConversionMemory)
                  00004dbc    000000b4                              : adc14.o (.text:ADC14_configureMultiSequenceMode)
                  00004e70    000000b1     rtsv7M4_T_le_v4SPD16_eabi.lib : _printfi.c.obj (.text:_ltostr)
                  00004f21    00000001     --HOLE-- [fill = 0]
                  00004f22    000000b0     msp432p4xx_driverlib.lib : spi.o (.text:SPI_initMaster)
                  00004fd2    000000a2     grlib.a : rectangle.obj (.text:Graphics_drawRectangle)
                  00005074    0000009c             : line.obj (.text:Graphics_drawLineH)
                  00005110    0000009c             : line.obj (.text:Graphics_drawLineV)
                  000051ac    0000009c     rtsv7M4_T_le_v4SPD16_eabi.lib : memcpy_t2.asm.obj (.text)
                  00005248    00000096                                   : ull_div_t2.asm.obj (.text)
                  000052de    00000002     --HOLE-- [fill = 0]
                  000052e0    00000094     msp432p4xx_driverlib.lib : sysctl_a.o (.text:SysCtl_A_getTLVInfo)
                  00005374    00000088                              : gpio.o (.text:GPIO_setAsPeripheralModuleFunctionOutputPin)
                  000053fc    00000086     rtsv7M4_T_le_v4SPD16_eabi.lib : fd_cmp_t2.asm.obj (.text:__aeabi_cdcmple)
                  00005482    00000086                                   : fd_cmp_t2.asm.obj (.text:__aeabi_cdrcmple)
                  00005508    00000084     msp432p4xx_driverlib.lib : gpio.o (.text:GPIO_getEnabledInterruptStatus)
                  0000558c    00000080                              : interrupt.o (.text:Interrupt_enableInterrupt)
                  0000560c    0000007c                              : cs.o (.text:_CSGetDOCFrequency)
                  00005688    0000007a     rtsv7M4_T_le_v4SPD16_eabi.lib : memset_t2.asm.obj (.text)
                  00005702    0000006e                                   : _printfi.c.obj (.text:_mcpy)
                  00005770    0000006e                                   : ll_div_t2.asm.obj (.text)
                  000057de    00000002     --HOLE-- [fill = 0]
                  000057e0    0000006c     grlib.a : image.obj (.text:Graphics_convertPalette)
                  0000584c    00000068     rtsv7M4_T_le_v4SPD16_eabi.lib : copy_decompress_lzss.c.obj (.text:decompress:lzss:__TI_decompress_lzss)
                  000058b4    00000064                                   : s_frexp.c.obj (.text:frexp)
                  00005918    00000062     msp432p4xx_driverlib.lib : cs.o (.text:_CSGetDividerValue)
                  0000597a    00000002     --HOLE-- [fill = 0]
                  0000597c    00000058                              : gpio.o (.text:GPIO_setAsInputPinWithPullUpResistor)
                  000059d4    00000056     rtsv7M4_T_le_v4SPD16_eabi.lib : _printfi.c.obj (.text:_pconv_f)
                  00005a2a    00000054                                   : _ltoa.c.obj (.text:__TI_ltoa)
                  00005a7e    00000052     grlib.a : context.obj (.text:Graphics_initContext)
                  00005ad0    00000052     rtsv7M4_T_le_v4SPD16_eabi.lib : _printfi.c.obj (.text:_ecpy)
                  00005b22    00000002     --HOLE-- [fill = 0]
                  00005b24    0000004c                                   : atoi.c.obj (.text:atoi)
                  00005b70    00000048     grlib.a : string.obj (.text:Graphics_drawStringCentered)
                  00005bb8    00000048     rtsv7M4_T_le_v4SPD16_eabi.lib : hosttime.c.obj (.text:HOSTtime)
                  00005c00    00000048                                   : fd_toi_t2.asm.obj (.text)
                  00005c48    00000046     grlib.a : display.obj (.text:Graphics_drawMultiplePixelsOnDisplay)
                  00005c8e    00000002     --HOLE-- [fill = 0]
                  00005c90    00000044     rtsv7M4_T_le_v4SPD16_eabi.lib : autoinit.c.obj (.text:__TI_auto_init_nobinit_nopinit:__TI_auto_init_nobinit_nopinit)
                  00005cd4    00000040     msp432p4xx_driverlib.lib : gpio.o (.text:GPIO_setAsOutputPin)
                  00005d14    00000040     grlib.a : string.obj (.text:Graphics_getNumberOfLeadingZeros)
                  00005d54    00000040     msp432p4xx_driverlib.lib : spi.o (.text:is_A_Module)
                  00005d94    00000040     rtsv7M4_T_le_v4SPD16_eabi.lib : u_divt2.asm.obj (.text)
                  00005dd4    00000040                                   : sprintf.c.obj (.text:sprintf)
                  00005e14    0000003e                                   : _printfi.c.obj (.text:_fcpy)
                  00005e52    00000002     --HOLE-- [fill = 0]
                  00005e54    00000038                                   : trgmsg.c.obj (.text:__TI_writemsg)
                  00005e8c    00000038                                   : fs_tod_t2.asm.obj (.text)
                  00005ec4    00000036     grlib.a : display.obj (.text:Graphics_drawHorizontalLineOnDisplay)
                  00005efa    00000036             : display.obj (.text:Graphics_drawVerticalLineOnDisplay)
                  00005f30    00000034     rtsv7M4_T_le_v4SPD16_eabi.lib : trgmsg.c.obj (.text:__TI_readmsg)
                  00005f64    00000034                                   : boot_cortex_m.c.obj (.text:_c_int00_noargs:_c_int00_noargs)
                  00005f98    00000030     msp432p4xx_driverlib.lib : cs.o (.text:CS_clearInterruptFlag)
                  00005fc8    00000030                              : gpio.o (.text:GPIO_getInputPinValue)
                  00005ff8    0000002e     rtsv7M4_T_le_v4SPD16_eabi.lib : i_tofd_t2.asm.obj (.text)
                  00006026    0000002c     grlib.a : display.obj (.text:Graphics_drawPixelOnDisplay)
                  00006052    00000002     --HOLE-- [fill = 0]
                  00006054    0000002c     msp432p4xx_driverlib.lib : timer_a.o (.text:Timer_A_clearCaptureCompareInterrupt)
                  00006080    00000028                              : adc14.o (.text:ADC14_getResult)
                  000060a8    00000028                              : cs.o (.text:CS_getSMCLK)
                  000060d0    00000028                              : gpio.o (.text:GPIO_clearInterruptFlag)
                  000060f8    00000028                              : gpio.o (.text:GPIO_setOutputHighOnPin)
                  00006120    00000028                              : gpio.o (.text:GPIO_setOutputLowOnPin)
                  00006148    00000028                              : gpio.o (.text:GPIO_toggleOutputOnPin)
                  00006170    00000028                              : pcm.o (.text:PCM_gotoLPM0)
                  00006198    00000028     rtsv7M4_T_le_v4SPD16_eabi.lib : e_sqrtf.c.obj (.text:sqrtf)
                  000061c0    00000024     msp432p4xx_driverlib.lib : gpio.o (.text:GPIO_getInterruptStatus)
                  000061e4    00000020     rtsv7M4_T_le_v4SPD16_eabi.lib : u_tofd_t2.asm.obj (.text)
                  00006204    0000001e     grlib.a : display.obj (.text:Graphics_fillRectangleOnDisplay)
                  00006222    0000001c     msp432p4xx_driverlib.lib : spi.o (.text:SPI_enableModule)
                  0000623e    0000001c     rtsv7M4_T_le_v4SPD16_eabi.lib : memccpy.c.obj (.text:memccpy)
                  0000625a    0000001a     grlib.a : display.obj (.text:Graphics_clearDisplayOnDisplay)
                  00006274    0000001a             : context.obj (.text:Graphics_setBackgroundColor)
                  0000628e    0000001a             : context.obj (.text:Graphics_setFont)
                  000062a8    0000001a     rtsv7M4_T_le_v4SPD16_eabi.lib : s_copysign.c.obj (.text:copysign)
                  000062c2    00000018                                   : sprintf.c.obj (.text:_outs)
                  000062da    00000016     msp432p4xx_driverlib.lib : spi.o (.text:EUSCI_A_SPI_enable)
                  000062f0    00000016                              : spi.o (.text:EUSCI_B_SPI_enable)
                  00006306    00000016     grlib.a : context.obj (.text:Graphics_setForegroundColor)
                  0000631c    00000016             : display.obj (.text:Graphics_translateColorOnDisplay)
                  00006332    00000016     rtsv7M4_T_le_v4SPD16_eabi.lib : strchr.c.obj (.text:strchr)
                  00006348    00000014                                   : strlen.c.obj (.text:strlen)
                  0000635c    00000012     grlib.a : context.obj (.text:Graphics_clearDisplay)
                  0000636e    00000012     rtsv7M4_T_le_v4SPD16_eabi.lib : wcslen.c.obj (.text:wcslen)
                  00006380    00000010     msp432p4xx_driverlib.lib : adc14.o (.text:ADCIsConversionRunning)
                  00006390    00000010     tasks.obj (.text)
                  000063a0    0000000e     rtsv7M4_T_le_v4SPD16_eabi.lib : time.c.obj (.text:__time32)
                  000063ae    0000000e                                   : copy_decompress_none.c.obj (.text:decompress:none:__TI_decompress_none)
                  000063bc    0000000e     startup_msp432p401r_ccs.obj (.text)
                  000063ca    0000000c     rtsv7M4_T_le_v4SPD16_eabi.lib : copy_zero_init.c.obj (.text:decompress:ZI:__TI_zero_init)
                  000063d6    0000000a                                   : sprintf.c.obj (.text:_outc)
                  000063e0    00000008                                   : errno.c.obj (.text:__aeabi_errno_addr)
                  000063e8    00000004     msp432p4xx_driverlib.lib : cpu.o (.text:CPU_wfi)
                  000063ec    00000004     rtsv7M4_T_le_v4SPD16_eabi.lib : pre_init.c.obj (.text:_system_pre_init)
                  000063f0    00000004                                   : exit.c.obj (.text:abort:abort)

.const     0    000063f4    00003c80     
                  000063f4    00000fe5     grlib.a : fontcmsc34.obj (.const:.string:g_pucCmsc34Data)
                  000073d9    00000670             : fontcmsc14.obj (.const:.string:g_pucCmsc14Data)
                  00007a49    0000059a             : fontcmsc12.obj (.const:.string:g_pucCmsc12Data)
                  00007fe3    00000564     images.obj (.const:.string:pixel_down_road4BPP_UNCOMP)
                  00008547    000004ec     images.obj (.const:.string:pixel_up_road4BPP_UNCOMP)
                  00008a33    000004e0     images.obj (.const:.string:pixel_game_over4BPP_UNCOMP)
                  00008f13    00000340     images.obj (.const:.string:pixel_flappy_bird4BPP_UNCOMP)
                  00009253    000002f8     grlib.a : fontfixed6x8.obj (.const:.string:g_pucFontFixed6x8Data)
                  0000954b    000002d5     images.obj (.const:.string:pixel_start_button4BPP_UNCOMP)
                  00009820    00000101     rtsv7M4_T_le_v4SPD16_eabi.lib : ctype.c.obj (.const:.string:_ctypes_)
                  00009921    00000003     --HOLE-- [fill = 0]
                  00009924    000000c8     grlib.a : fontcmsc12.obj (.const:g_sFontCmsc12)
                  000099ec    000000c8             : fontcmsc14.obj (.const:g_sFontCmsc14)
                  00009ab4    000000c8             : fontcmsc34.obj (.const:g_sFontCmsc34)
                  00009b7c    000000c8             : fontfixed6x8.obj (.const:g_sFontFixed6x8)
                  00009c44    000000c8     tasks.obj (.const:handlers)
                  00009d0c    00000080     msp432p4xx_driverlib.lib : adc14.o (.const:_ctlRegs)
                  00009d8c    00000060     rtsv7M4_T_le_v4SPD16_eabi.lib : mktime.c.obj (.const:$O1$$)
                  00009dec    00000040     images.obj (.const:palette_down_road4BPP_UNCOMP)
                  00009e2c    00000040     images.obj (.const:palette_flappy_bird4BPP_UNCOMP)
                  00009e6c    00000040     images.obj (.const:palette_game_over4BPP_UNCOMP)
                  00009eac    00000040     images.obj (.const:palette_up_road4BPP_UNCOMP)
                  00009eec    0000003c     images.obj (.const:palette_start_button4BPP_UNCOMP)
                  00009f28    00000030     msp432p4xx_driverlib.lib : gpio.o (.const:GPIO_PORT_TO_BASE)
                  00009f58    00000020     Crystalfontz128x128_ST7735.obj (.const:g_sCrystalfontz128x128_funcs)
                  00009f78    0000001c     HAL_MSP_EXP432P401R_Crystalfontz128x128_ST7735.obj (.const:$P$T0$1)
                  00009f94    00000018     main.obj (.const:$P$T0$1)
                  00009fac    00000018     alarm.obj (.const:$P$T0$3)
                  00009fc4    00000018     main.obj (.const:$P$T1$2)
                  00009fdc    00000010     alarm.obj (.const:$P$T1$4)
                  00009fec    00000010     images.obj (.const:down_road4BPP_UNCOMP)
                  00009ffc    00000010     images.obj (.const:flappy_bird4BPP_UNCOMP)
                  0000a00c    00000010     images.obj (.const:game_over4BPP_UNCOMP)
                  0000a01c    00000010     images.obj (.const:start_button4BPP_UNCOMP)
                  0000a02c    00000010     images.obj (.const:up_road4BPP_UNCOMP)
                  0000a03c    00000008     Crystalfontz128x128_ST7735.obj (.const:$P$T0$1)
                  0000a044    00000008     activity_tracker.obj (.const:$P$T0$5)
                  0000a04c    00000008     activity_tracker.obj (.const:$P$T1$6)
                  0000a054    00000008     activity_tracker.obj (.const:$P$T2$7)
                  0000a05c    00000008     activity_tracker.obj (.const:$P$T3$8)
                  0000a064    00000008     activity_tracker.obj (.const:$P$T4$9)
                  0000a06c    00000008     msp432p4xx_driverlib.lib : interrupt.o (.const:g_pulEnRegs)

.cinit     0    0000a078    00000090     
                  0000a078    0000006b     (.cinit..data.load) [load image, compression = lzss]
                  0000a0e3    00000001     --HOLE-- [fill = 0]
                  0000a0e4    0000000c     (__TI_handler_table)
                  0000a0f0    00000008     (.cinit..bss.load) [load image, compression = zero_init]
                  0000a0f8    00000010     (__TI_cinit_table)

.init_array 
*          0    00000000    00000000     UNINITIALIZED

.binit     0    00000000    00000000     

.bss       0    20000000    0000059a     UNINITIALIZED
                  20000000    00000400     grlib.a : image.obj (.bss:g_pulConvertedPalette)
                  20000400    00000120     rtsv7M4_T_le_v4SPD16_eabi.lib : trgmsg.c.obj (.bss:_CIOBUF_)
                  20000520    00000018     (.common:flappy)
                  20000538    00000018     (.common:pipe1)
                  20000550    00000018     (.common:pipe2)
                  20000568    0000000c     (.common:score_string)
                  20000574    00000008     msp432p4xx_driverlib.lib : cs.o (.bss)
                  2000057c    00000008     (.common:conversion_values)
                  20000584    00000008     (.common:parmbuf)
                  2000058c    00000004     (.common:pipe_index)
                  20000590    00000002     (.common:Lcd_ScreenHeigth)
                  20000592    00000002     (.common:Lcd_ScreenWidth)
                  20000594    00000002     (.common:Lcd_TouchTrim)
                  20000596    00000001     (.common:Lcd_FlagRead)
                  20000597    00000001     (.common:Lcd_FontSolid)
                  20000598    00000001     (.common:Lcd_Orientation)
                  20000599    00000001     (.common:Lcd_PenSolid)

.data      0    200005a0    0000012c     UNINITIALIZED
                  200005a0    00000044     activity_tracker.obj (.data)
                  200005e4    00000024     rtsv7M4_T_le_v4SPD16_eabi.lib : localtim.c.obj (.data:local_tm)
                  20000608    00000023     alarm.obj (.data)
                  2000062b    00000001     tasks.obj (.data)
                  2000062c    00000020     system_time.obj (.data:ClockDate)
                  2000064c    00000020     system_time.obj (.data:ClockTime)
                  2000066c    00000010     rtsv7M4_T_le_v4SPD16_eabi.lib : tmzone.c.obj (.data:_tz)
                  2000067c    00000010     Crystalfontz128x128_ST7735.obj (.data:g_sCrystalfontz128x128)
                  2000068c    00000010     game.obj (.data:shifter)
                  2000069c    0000000c     main_page.obj (.data)
                  200006a8    00000009     game.obj (.data)
                  200006b1    00000003     --HOLE--
                  200006b4    00000008     rtsv7M4_T_le_v4SPD16_eabi.lib : _lock.c.obj (.data:$O1$$)
                  200006bc    00000008     time_display.obj (.data)
                  200006c4    00000004     rtsv7M4_T_le_v4SPD16_eabi.lib : errno.c.obj (.data)
                  200006c8    00000004     system_msp432p401r.obj (.data)

.stack     0    2000fe00    00000200     UNINITIALIZED
                  2000fe00    00000004     rtsv7M4_T_le_v4SPD16_eabi.lib : boot_cortex_m.c.obj (.stack)
                  2000fe04    000001fc     --HOLE--

__llvm_prf_cnts 
*          0    20000000    00000000     UNINITIALIZED

MODULE SUMMARY

       Module                                               code    ro data   rw data
       ------                                               ----    -------   -------
    .\
       images.obj                                           0       5841      0      
       alarm.obj                                            1928    40        70     
       activity_tracker.obj                                 1732    40        136    
       main.obj                                             1212    48        16     
       game.obj                                             964     0         226    
       system_msp432p401r.obj                               820     0         8      
       main_page.obj                                        460     0         24     
       system_time.obj                                      184     0         128    
       time_display.obj                                     280     0         16     
       startup_msp432p401r_ccs.obj                          14      228       0      
       tasks.obj                                            16      200       2      
    +--+----------------------------------------------------+-------+---------+---------+
       Total:                                               7610    6397      626    
                                                                                     
    .\LcdDriver\
       Crystalfontz128x128_ST7735.obj                       1664    40        52     
       HAL_MSP_EXP432P401R_Crystalfontz128x128_ST7735.obj   204     28        0      
    +--+----------------------------------------------------+-------+---------+---------+
       Total:                                               1868    68        52     
                                                                                     
    C:/Users/Dell/Desktop/embedded/simplelink_msp432p4_sdk_3_40_01_02/source/ti/devices/msp432p4xx/driverlib/ccs/msp432p4xx_driverlib.lib
       adc14.o                                              768     128       0      
       cs.o                                                 818     0         16     
       gpio.o                                               664     48        0      
       spi.o                                                312     0         0      
       sysctl_a.o                                           148     0         0      
       interrupt.o                                          128     8         0      
       timer_a.o                                            44      0         0      
       pcm.o                                                40      0         0      
       cpu.o                                                4       0         0      
    +--+----------------------------------------------------+-------+---------+---------+
       Total:                                               2926    184       16     
                                                                                     
    C:/Users/Dell/Desktop/embedded/simplelink_msp432p4_sdk_3_40_01_02/source/ti/grlib/lib/ccs/m4/grlib.a
       fontcmsc34.obj                                       0       4269      0      
       image.obj                                            1020    0         2048   
       fontcmsc14.obj                                       0       1848      0      
       fontcmsc12.obj                                       0       1634      0      
       string.obj                                           1536    0         0      
       fontfixed6x8.obj                                     0       960       0      
       rectangle.obj                                        436     0         0      
       line.obj                                             312     0         0      
       display.obj                                          300     0         0      
       context.obj                                          174     0         0      
    +--+----------------------------------------------------+-------+---------+---------+
       Total:                                               3778    8711      2048   
                                                                                     
    C:\ti\ccs1280\ccs\tools\compiler\ti-cgt-arm_20.2.7.LTS\lib\rtsv7M4_T_le_v4SPD16_eabi.lib
       _printfi.c.obj                                       4851    0         0      
       mktime.c.obj                                         672     96        0      
       trgmsg.c.obj                                         108     0         576    
       fd_add_t2.asm.obj                                    438     0         0      
       localtim.c.obj                                       308     0         72     
       fd_div_t2.asm.obj                                    310     0         0      
       s_scalbn.c.obj                                       272     0         0      
       fd_cmp_t2.asm.obj                                    268     0         0      
       ctype.c.obj                                          0       257       0      
       fd_mul_t2.asm.obj                                    252     0         0      
       memcpy_t2.asm.obj                                    156     0         0      
       ull_div_t2.asm.obj                                   150     0         0      
       memset_t2.asm.obj                                    122     0         0      
       ll_div_t2.asm.obj                                    110     0         0      
       copy_decompress_lzss.c.obj                           104     0         0      
       s_frexp.c.obj                                        100     0         0      
       sprintf.c.obj                                        98      0         0      
       _ltoa.c.obj                                          84      0         0      
       atoi.c.obj                                           76      0         0      
       fd_toi_t2.asm.obj                                    72      0         0      
       hosttime.c.obj                                       72      0         0      
       autoinit.c.obj                                       68      0         0      
       u_divt2.asm.obj                                      64      0         0      
       fs_tod_t2.asm.obj                                    56      0         0      
       boot_cortex_m.c.obj                                  52      0         0      
       i_tofd_t2.asm.obj                                    46      0         0      
       e_sqrtf.c.obj                                        40      0         0      
       tmzone.c.obj                                         0       0         32     
       u_tofd_t2.asm.obj                                    32      0         0      
       memccpy.c.obj                                        28      0         0      
       s_copysign.c.obj                                     26      0         0      
       strchr.c.obj                                         22      0         0      
       strlen.c.obj                                         20      0         0      
       _lock.c.obj                                          2       0         16     
       wcslen.c.obj                                         18      0         0      
       errno.c.obj                                          8       0         8      
       hostopen.c.obj                                       0       0         16     
       copy_decompress_none.c.obj                           14      0         0      
       time.c.obj                                           14      0         0      
       copy_zero_init.c.obj                                 12      0         0      
       exit.c.obj                                           4       0         0      
       pre_init.c.obj                                       4       0         0      
       div0.asm.obj                                         2       0         0      
    +--+----------------------------------------------------+-------+---------+---------+
       Total:                                               9155    353       720    
                                                                                     
       Stack:                                               0       0         1024   
       Linker Generated:                                    0       143       0      
    +--+----------------------------------------------------+-------+---------+---------+
       Grand Total:                                         25337   15856     4486   


LINKER GENERATED COPY TABLES

__TI_cinit_table @ 0000a0f8 records: 2, size/record: 8, table size: 16
	.data: load addr=0000a078, load size=0000006b bytes, run addr=200005a0, run size=0000012c bytes, compression=lzss
	.bss: load addr=0000a0f0, load size=00000008 bytes, run addr=20000000, run size=0000059a bytes, compression=zero_init


LINKER GENERATED HANDLER TABLE

__TI_handler_table @ 0000a0e4 records: 3, size/record: 4, table size: 12
	index: 0, handler: __TI_decompress_lzss
	index: 1, handler: __TI_decompress_none
	index: 2, handler: __TI_zero_init


GLOBAL SYMBOLS: SORTED ALPHABETICALLY BY Name 

address   name                                       
-------   ----                                       
00002325  ADC14_IRQHandler                           
00002325  ADC14_IRQHandler                           
00004d09  ADC14_configureConversionMemory            
00004dbd  ADC14_configureMultiSequenceMode           
00006081  ADC14_getResult                            
000063c9  AES256_IRQHandler                          
000063c9  BusFault_Handler                           
000063f1  C$$EXIT                                    
00005e83  C$$IO$$                                    
000063c9  COMP_E0_IRQHandler                         
000063c9  COMP_E1_IRQHandler                         
000063e9  CPU_wfi                                    
000063c9  CS_IRQHandler                              
00005f99  CS_clearInterruptFlag                      
00004a8d  CS_getDCOFrequency                         
000060a9  CS_getSMCLK                                
2000062c  ClockDate                                  
2000064c  ClockTime                                  
00001981  Crystalfontz128x128_Init                   
00001a95  Crystalfontz128x128_SetDrawFrame           
00001bc3  Crystalfontz128x128_SetOrientation         
000063c9  DMA_ERR_IRQHandler                         
000063c9  DMA_INT0_IRQHandler                        
000063c9  DMA_INT1_IRQHandler                        
000063c9  DMA_INT2_IRQHandler                        
000063c9  DMA_INT3_IRQHandler                        
000063c9  DebugMon_Handler                           
000063c9  Default_Handler                            
0000448f  DrawDate                                   
00004455  DrawTime                                   
000063c9  EUSCIA0_IRQHandler                         
000063c9  EUSCIA1_IRQHandler                         
000063c9  EUSCIA2_IRQHandler                         
000063c9  EUSCIA3_IRQHandler                         
000063c9  EUSCIB0_IRQHandler                         
000063c9  EUSCIB1_IRQHandler                         
000063c9  EUSCIB2_IRQHandler                         
000063c9  EUSCIB3_IRQHandler                         
000062db  EUSCI_A_SPI_enable                         
000062f1  EUSCI_B_SPI_enable                         
000063c9  FLCTL_IRQHandler                           
000063c9  FPU_IRQHandler                             
000060d1  GPIO_clearInterruptFlag                    
00005509  GPIO_getEnabledInterruptStatus             
00005fc9  GPIO_getInputPinValue                      
000061c1  GPIO_getInterruptStatus                    
0000597d  GPIO_setAsInputPinWithPullUpResistor       
00005cd5  GPIO_setAsOutputPin                        
00005375  GPIO_setAsPeripheralModuleFunctionOutputPin
000060f9  GPIO_setOutputHighOnPin                    
00006121  GPIO_setOutputLowOnPin                     
00006149  GPIO_toggleOutputOnPin                     
0000635d  Graphics_clearDisplay                      
0000625b  Graphics_clearDisplayOnDisplay             
00005ec5  Graphics_drawHorizontalLineOnDisplay       
00002d01  Graphics_drawImage                         
00005075  Graphics_drawLineH                         
00005111  Graphics_drawLineV                         
00005c49  Graphics_drawMultiplePixelsOnDisplay       
00006027  Graphics_drawPixelOnDisplay                
00004fd3  Graphics_drawRectangle                     
000024bd  Graphics_drawString                        
00005b71  Graphics_drawStringCentered                
00005efb  Graphics_drawVerticalLineOnDisplay         
0000456d  Graphics_fillRectangle                     
00006205  Graphics_fillRectangleOnDisplay            
00004991  Graphics_getStringWidth                    
00005a7f  Graphics_initContext                       
00006275  Graphics_setBackgroundColor                
0000628f  Graphics_setFont                           
00006307  Graphics_setForegroundColor                
0000631d  Graphics_translateColorOnDisplay           
00004b85  HAL_LCD_PortInit                           
00004bb5  HAL_LCD_SpiInit                            
00004beb  HAL_LCD_writeCommand                       
00004c1b  HAL_LCD_writeData                          
00005bb9  HOSTtime                                   
000063c9  HardFault_Handler                          
0000293d  Init                                       
0000558d  Interrupt_enableInterrupt                  
20000596  Lcd_FlagRead                               
20000597  Lcd_FontSolid                              
20000598  Lcd_Orientation                            
20000599  Lcd_PenSolid                               
20000590  Lcd_ScreenHeigth                           
20000592  Lcd_ScreenWidth                            
20000594  Lcd_TouchTrim                              
000063c9  MemManage_Handler                          
000063c9  NMI_Handler                                
000063c9  PCM_IRQHandler                             
00006171  PCM_gotoLPM0                               
000063c9  PORT1_IRQHandler                           
000063c9  PORT2_IRQHandler                           
00002439  PORT3_IRQHandler                           
00002439  PORT3_IRQHandler                           
00002411  PORT4_IRQHandler                           
00002411  PORT4_IRQHandler                           
0000245d  PORT5_IRQHandler                           
0000245d  PORT5_IRQHandler                           
000063c9  PORT6_IRQHandler                           
000063c9  PSS_IRQHandler                             
000063c9  PendSV_Handler                             
000063c9  RTC_C_IRQHandler                           
000063bd  Reset_Handler                              
00006223  SPI_enableModule                           
00004f23  SPI_initMaster                             
000063c9  SVC_Handler                                
000052e1  SysCtl_A_getTLVInfo                        
000063c9  SysTick_Handler                            
200006c8  SystemCoreClock                            
00003091  SystemCoreClockUpdate                      
00003309  SystemInit                                 
000063c9  T32_INT1_IRQHandler                        
000063c9  T32_INT2_IRQHandler                        
000063c9  T32_INTC_IRQHandler                        
000023b1  TA0_0_IRQHandler                           
000023b1  TA0_0_IRQHandler                           
000063c9  TA0_N_IRQHandler                           
000023d5  TA1_0_IRQHandler                           
000023d5  TA1_0_IRQHandler                           
000063c9  TA1_N_IRQHandler                           
000063c9  TA2_0_IRQHandler                           
000063c9  TA2_N_IRQHandler                           
000063c9  TA3_0_IRQHandler                           
000063c9  TA3_N_IRQHandler                           
00006055  Timer_A_clearCaptureCompareInterrupt       
000063c9  UsageFault_Handler                         
4000480c  WDTCTL_SYM                                 
000063c9  WDT_A_IRQHandler                           
20000400  __CIOBUF_                                  
20010000  __STACK_END                                
00000200  __STACK_SIZE                               
0000a0f8  __TI_CINIT_Base                            
0000a108  __TI_CINIT_Limit                           
0000a0e4  __TI_Handler_Table_Base                    
0000a0f0  __TI_Handler_Table_Limit                   
00005c91  __TI_auto_init_nobinit_nopinit             
0000584d  __TI_decompress_lzss                       
000063af  __TI_decompress_none                       
00005a2b  __TI_ltoa                                  
ffffffff  __TI_pprof_out_hndl                        
000000e5  __TI_printfi                               
ffffffff  __TI_prof_data_size                        
ffffffff  __TI_prof_data_start                       
00005f31  __TI_readmsg                               
00000000  __TI_static_base__                         
00005e55  __TI_writemsg                              
000063cb  __TI_zero_init                             
000053fd  __aeabi_cdcmpeq                            
000053fd  __aeabi_cdcmple                            
00005483  __aeabi_cdrcmple                           
00005c01  __aeabi_d2iz                               
00003c7b  __aeabi_dadd                               
000040c5  __aeabi_ddiv                               
00004895  __aeabi_dmul                               
00003c71  __aeabi_dsub                               
000063e1  __aeabi_errno_addr                         
00005e8d  __aeabi_f2d                                
00005ff9  __aeabi_i2d                                
0000293b  __aeabi_idiv0                              
0000293b  __aeabi_ldiv0                              
00005771  __aeabi_ldivmod                            
00005689  __aeabi_memclr                             
00005689  __aeabi_memclr4                            
00005689  __aeabi_memclr8                            
000051ad  __aeabi_memcpy                             
000051ad  __aeabi_memcpy4                            
000051ad  __aeabi_memcpy8                            
0000568b  __aeabi_memset                             
0000568b  __aeabi_memset4                            
0000568b  __aeabi_memset8                            
000061e5  __aeabi_ui2d                               
00005d95  __aeabi_uidiv                              
00005d95  __aeabi_uidivmod                           
00005249  __aeabi_uldivmod                           
ffffffff  __binit__                                  
ffffffff  __c_args__                                 
000041fd  __localtime32                              
000033c5  __mktime32                                 
UNDEFED   __mpu_init                                 
2000fe00  __stack                                    
20000000  __start___llvm_prf_cnts                    
20000000  __stop___llvm_prf_cnts                     
000063a1  __time32                                   
00001191  _buzzerInit                                
00005f65  _c_int00_noargs                            
00009820  _ctypes_                                   
200006b4  _lock                                      
00000b33  _nop                                       
UNDEFED   _system_post_cinit                         
000063ed  _system_pre_init                           
2000066c  _tz                                        
200006b8  _unlock                                    
000063f1  abort                                      
00001635  activity_tracker_adc_handler               
0000159d  activity_tracker_init                      
0000187b  activity_tracker_timer_tick                
00004ce9  alarmTriggered                             
00000fff  alarm_adc                                  
000010c7  alarm_button1_handler                      
00001129  alarm_button2_handler                      
00001039  alarm_check                                
00001247  alarm_task                                 
00005b25  atoi                                       
ffffffff  binit                                      
0000109b  buttonsInit                                
00001231  buzzerOff                                  
0000120f  buzzerOn                                   
200006a0  chosen_task                                
2000057c  conversion_values                          
000062a9  copysign                                   
000062a9  copysignl                                  
200006b0  current_state                              
2000062b  current_task                               
200005b0  distance_cm                                
00009fec  down_road4BPP_UNCOMP                       
00000b9d  drawAlarmScreen                            
00000b35  drawCurrentTime                            
00003bc3  draw_menu_text                             
00002aa3  draw_screen_game_over                      
00002a77  draw_screen_start                          
200006c4  errno                                      
20000520  flappy                                     
00009ffc  flappy_bird4BPP_UNCOMP                     
000058b5  frexp                                      
000058b5  frexpl                                     
20000618  g_alarmHour                                
2000061c  g_alarmMinute                              
20000621  g_alarmRinging                             
20000620  g_alarmSet                                 
2000060c  g_hour                                     
20000622  g_joyX                                     
20000624  g_joyY                                     
20000610  g_minute                                   
20000627  g_prevSnoozeButton                         
20000626  g_prevStopButton                           
2000067c  g_sCrystalfontz128x128                     
00009f58  g_sCrystalfontz128x128_funcs               
00009924  g_sFontCmsc12                              
000099ec  g_sFontCmsc14                              
00009ab4  g_sFontCmsc34                              
00009b7c  g_sFontFixed6x8                            
20000614  g_selectedField                            
00002c81  game_button1_handler                       
00002cad  game_button2_handler                       
0000a00c  game_over4BPP_UNCOMP                       
00002c1d  game_ta0_handler                           
00002aed  game_task                                  
0000134b  graphicsInit_once                          
00009c44  handlers                                   
200006a9  init                                       
000020d5  initADC                                    
0000200d  initGraphics                               
0000226d  initStickPush                              
000021cb  initTimer_TA_0                             
0000221d  initTimer_TA_1                             
200006c0  init_display                               
00000000  interruptVectors                           
00001085  isAlarmRinging                             
200005b8  lastStepTime                               
00004681  ldexp                                      
00004681  ldexpl                                     
000041fd  localtime                                  
000022d7  main                                       
00003abb  main_page_adc                              
00003c31  main_page_button                           
00003aa5  main_page_task                             
0000623f  memccpy                                    
000051ad  memcpy                                     
00005691  memset                                     
000033c5  mktime                                     
00006391  no_op_adc_task                             
0000639f  no_op_task                                 
2000069c  pContext                                   
20000584  parmbuf                                    
20000538  pipe1                                      
20000550  pipe2                                      
200006aa  pipe_active                                
2000058c  pipe_index                                 
0000108b  readJoystickX                              
00001093  readJoystickY                              
200006a8  redraw                                     
00002a35  redraw_game                                
00002001  reset_device                               
000029e3  restart_pipes                              
00004681  scalbn                                     
00004681  scalbnl                                    
200006ac  score                                      
20000568  score_string                               
00003ba9  set_colored_foreground                     
00003b8f  set_colored_text                           
2000068c  shifter                                    
00005dd5  sprintf                                    
00006199  sqrtf                                      
0000a01c  start_button4BPP_UNCOMP                    
200005a8  stepCount                                  
00001921  step_counter_reset_screen                  
000018cd  step_counter_task                          
00003b71  stick_tilted_down                          
00003b55  stick_tilted_up                            
00006333  strchr                                     
00006349  strlen                                     
00004c51  syncTime                                   
000063a1  time                                       
200006bc  timeUpdateFlag                             
000044c9  time_display                               
0000450f  time_display_ta1_handler                   
0000a02c  up_road4BPP_UNCOMP                         
000014f9  updateDebug                                
00000ef1  updateFromJoystick                         
00001391  updateProgressBar                          
00001493  updateStepCountText                        
00004ca1  updateTime                                 
0000636f  wcslen                                     


GLOBAL SYMBOLS: SORTED BY Symbol Address 

address   name                                       
-------   ----                                       
00000000  __TI_static_base__                         
00000000  interruptVectors                           
000000e5  __TI_printfi                               
00000200  __STACK_SIZE                               
00000b33  _nop                                       
00000b35  drawCurrentTime                            
00000b9d  drawAlarmScreen                            
00000ef1  updateFromJoystick                         
00000fff  alarm_adc                                  
00001039  alarm_check                                
00001085  isAlarmRinging                             
0000108b  readJoystickX                              
00001093  readJoystickY                              
0000109b  buttonsInit                                
000010c7  alarm_button1_handler                      
00001129  alarm_button2_handler                      
00001191  _buzzerInit                                
0000120f  buzzerOn                                   
00001231  buzzerOff                                  
00001247  alarm_task                                 
0000134b  graphicsInit_once                          
00001391  updateProgressBar                          
00001493  updateStepCountText                        
000014f9  updateDebug                                
0000159d  activity_tracker_init                      
00001635  activity_tracker_adc_handler               
0000187b  activity_tracker_timer_tick                
000018cd  step_counter_task                          
00001921  step_counter_reset_screen                  
00001981  Crystalfontz128x128_Init                   
00001a95  Crystalfontz128x128_SetDrawFrame           
00001bc3  Crystalfontz128x128_SetOrientation         
00002001  reset_device                               
0000200d  initGraphics                               
000020d5  initADC                                    
000021cb  initTimer_TA_0                             
0000221d  initTimer_TA_1                             
0000226d  initStickPush                              
000022d7  main                                       
00002325  ADC14_IRQHandler                           
00002325  ADC14_IRQHandler                           
000023b1  TA0_0_IRQHandler                           
000023b1  TA0_0_IRQHandler                           
000023d5  TA1_0_IRQHandler                           
000023d5  TA1_0_IRQHandler                           
00002411  PORT4_IRQHandler                           
00002411  PORT4_IRQHandler                           
00002439  PORT3_IRQHandler                           
00002439  PORT3_IRQHandler                           
0000245d  PORT5_IRQHandler                           
0000245d  PORT5_IRQHandler                           
000024bd  Graphics_drawString                        
0000293b  __aeabi_idiv0                              
0000293b  __aeabi_ldiv0                              
0000293d  Init                                       
000029e3  restart_pipes                              
00002a35  redraw_game                                
00002a77  draw_screen_start                          
00002aa3  draw_screen_game_over                      
00002aed  game_task                                  
00002c1d  game_ta0_handler                           
00002c81  game_button1_handler                       
00002cad  game_button2_handler                       
00002d01  Graphics_drawImage                         
00003091  SystemCoreClockUpdate                      
00003309  SystemInit                                 
000033c5  __mktime32                                 
000033c5  mktime                                     
00003aa5  main_page_task                             
00003abb  main_page_adc                              
00003b55  stick_tilted_up                            
00003b71  stick_tilted_down                          
00003b8f  set_colored_text                           
00003ba9  set_colored_foreground                     
00003bc3  draw_menu_text                             
00003c31  main_page_button                           
00003c71  __aeabi_dsub                               
00003c7b  __aeabi_dadd                               
000040c5  __aeabi_ddiv                               
000041fd  __localtime32                              
000041fd  localtime                                  
00004455  DrawTime                                   
0000448f  DrawDate                                   
000044c9  time_display                               
0000450f  time_display_ta1_handler                   
0000456d  Graphics_fillRectangle                     
00004681  ldexp                                      
00004681  ldexpl                                     
00004681  scalbn                                     
00004681  scalbnl                                    
00004895  __aeabi_dmul                               
00004991  Graphics_getStringWidth                    
00004a8d  CS_getDCOFrequency                         
00004b85  HAL_LCD_PortInit                           
00004bb5  HAL_LCD_SpiInit                            
00004beb  HAL_LCD_writeCommand                       
00004c1b  HAL_LCD_writeData                          
00004c51  syncTime                                   
00004ca1  updateTime                                 
00004ce9  alarmTriggered                             
00004d09  ADC14_configureConversionMemory            
00004dbd  ADC14_configureMultiSequenceMode           
00004f23  SPI_initMaster                             
00004fd3  Graphics_drawRectangle                     
00005075  Graphics_drawLineH                         
00005111  Graphics_drawLineV                         
000051ad  __aeabi_memcpy                             
000051ad  __aeabi_memcpy4                            
000051ad  __aeabi_memcpy8                            
000051ad  memcpy                                     
00005249  __aeabi_uldivmod                           
000052e1  SysCtl_A_getTLVInfo                        
00005375  GPIO_setAsPeripheralModuleFunctionOutputPin
000053fd  __aeabi_cdcmpeq                            
000053fd  __aeabi_cdcmple                            
00005483  __aeabi_cdrcmple                           
00005509  GPIO_getEnabledInterruptStatus             
0000558d  Interrupt_enableInterrupt                  
00005689  __aeabi_memclr                             
00005689  __aeabi_memclr4                            
00005689  __aeabi_memclr8                            
0000568b  __aeabi_memset                             
0000568b  __aeabi_memset4                            
0000568b  __aeabi_memset8                            
00005691  memset                                     
00005771  __aeabi_ldivmod                            
0000584d  __TI_decompress_lzss                       
000058b5  frexp                                      
000058b5  frexpl                                     
0000597d  GPIO_setAsInputPinWithPullUpResistor       
00005a2b  __TI_ltoa                                  
00005a7f  Graphics_initContext                       
00005b25  atoi                                       
00005b71  Graphics_drawStringCentered                
00005bb9  HOSTtime                                   
00005c01  __aeabi_d2iz                               
00005c49  Graphics_drawMultiplePixelsOnDisplay       
00005c91  __TI_auto_init_nobinit_nopinit             
00005cd5  GPIO_setAsOutputPin                        
00005d95  __aeabi_uidiv                              
00005d95  __aeabi_uidivmod                           
00005dd5  sprintf                                    
00005e55  __TI_writemsg                              
00005e83  C$$IO$$                                    
00005e8d  __aeabi_f2d                                
00005ec5  Graphics_drawHorizontalLineOnDisplay       
00005efb  Graphics_drawVerticalLineOnDisplay         
00005f31  __TI_readmsg                               
00005f65  _c_int00_noargs                            
00005f99  CS_clearInterruptFlag                      
00005fc9  GPIO_getInputPinValue                      
00005ff9  __aeabi_i2d                                
00006027  Graphics_drawPixelOnDisplay                
00006055  Timer_A_clearCaptureCompareInterrupt       
00006081  ADC14_getResult                            
000060a9  CS_getSMCLK                                
000060d1  GPIO_clearInterruptFlag                    
000060f9  GPIO_setOutputHighOnPin                    
00006121  GPIO_setOutputLowOnPin                     
00006149  GPIO_toggleOutputOnPin                     
00006171  PCM_gotoLPM0                               
00006199  sqrtf                                      
000061c1  GPIO_getInterruptStatus                    
000061e5  __aeabi_ui2d                               
00006205  Graphics_fillRectangleOnDisplay            
00006223  SPI_enableModule                           
0000623f  memccpy                                    
0000625b  Graphics_clearDisplayOnDisplay             
00006275  Graphics_setBackgroundColor                
0000628f  Graphics_setFont                           
000062a9  copysign                                   
000062a9  copysignl                                  
000062db  EUSCI_A_SPI_enable                         
000062f1  EUSCI_B_SPI_enable                         
00006307  Graphics_setForegroundColor                
0000631d  Graphics_translateColorOnDisplay           
00006333  strchr                                     
00006349  strlen                                     
0000635d  Graphics_clearDisplay                      
0000636f  wcslen                                     
00006391  no_op_adc_task                             
0000639f  no_op_task                                 
000063a1  __time32                                   
000063a1  time                                       
000063af  __TI_decompress_none                       
000063bd  Reset_Handler                              
000063c9  AES256_IRQHandler                          
000063c9  BusFault_Handler                           
000063c9  COMP_E0_IRQHandler                         
000063c9  COMP_E1_IRQHandler                         
000063c9  CS_IRQHandler                              
000063c9  DMA_ERR_IRQHandler                         
000063c9  DMA_INT0_IRQHandler                        
000063c9  DMA_INT1_IRQHandler                        
000063c9  DMA_INT2_IRQHandler                        
000063c9  DMA_INT3_IRQHandler                        
000063c9  DebugMon_Handler                           
000063c9  Default_Handler                            
000063c9  EUSCIA0_IRQHandler                         
000063c9  EUSCIA1_IRQHandler                         
000063c9  EUSCIA2_IRQHandler                         
000063c9  EUSCIA3_IRQHandler                         
000063c9  EUSCIB0_IRQHandler                         
000063c9  EUSCIB1_IRQHandler                         
000063c9  EUSCIB2_IRQHandler                         
000063c9  EUSCIB3_IRQHandler                         
000063c9  FLCTL_IRQHandler                           
000063c9  FPU_IRQHandler                             
000063c9  HardFault_Handler                          
000063c9  MemManage_Handler                          
000063c9  NMI_Handler                                
000063c9  PCM_IRQHandler                             
000063c9  PORT1_IRQHandler                           
000063c9  PORT2_IRQHandler                           
000063c9  PORT6_IRQHandler                           
000063c9  PSS_IRQHandler                             
000063c9  PendSV_Handler                             
000063c9  RTC_C_IRQHandler                           
000063c9  SVC_Handler                                
000063c9  SysTick_Handler                            
000063c9  T32_INT1_IRQHandler                        
000063c9  T32_INT2_IRQHandler                        
000063c9  T32_INTC_IRQHandler                        
000063c9  TA0_N_IRQHandler                           
000063c9  TA1_N_IRQHandler                           
000063c9  TA2_0_IRQHandler                           
000063c9  TA2_N_IRQHandler                           
000063c9  TA3_0_IRQHandler                           
000063c9  TA3_N_IRQHandler                           
000063c9  UsageFault_Handler                         
000063c9  WDT_A_IRQHandler                           
000063cb  __TI_zero_init                             
000063e1  __aeabi_errno_addr                         
000063e9  CPU_wfi                                    
000063ed  _system_pre_init                           
000063f1  C$$EXIT                                    
000063f1  abort                                      
00009820  _ctypes_                                   
00009924  g_sFontCmsc12                              
000099ec  g_sFontCmsc14                              
00009ab4  g_sFontCmsc34                              
00009b7c  g_sFontFixed6x8                            
00009c44  handlers                                   
00009f58  g_sCrystalfontz128x128_funcs               
00009fec  down_road4BPP_UNCOMP                       
00009ffc  flappy_bird4BPP_UNCOMP                     
0000a00c  game_over4BPP_UNCOMP                       
0000a01c  start_button4BPP_UNCOMP                    
0000a02c  up_road4BPP_UNCOMP                         
0000a0e4  __TI_Handler_Table_Base                    
0000a0f0  __TI_Handler_Table_Limit                   
0000a0f8  __TI_CINIT_Base                            
0000a108  __TI_CINIT_Limit                           
20000000  __start___llvm_prf_cnts                    
20000000  __stop___llvm_prf_cnts                     
20000400  __CIOBUF_                                  
20000520  flappy                                     
20000538  pipe1                                      
20000550  pipe2                                      
20000568  score_string                               
2000057c  conversion_values                          
20000584  parmbuf                                    
2000058c  pipe_index                                 
20000590  Lcd_ScreenHeigth                           
20000592  Lcd_ScreenWidth                            
20000594  Lcd_TouchTrim                              
20000596  Lcd_FlagRead                               
20000597  Lcd_FontSolid                              
20000598  Lcd_Orientation                            
20000599  Lcd_PenSolid                               
200005a8  stepCount                                  
200005b0  distance_cm                                
200005b8  lastStepTime                               
2000060c  g_hour                                     
20000610  g_minute                                   
20000614  g_selectedField                            
20000618  g_alarmHour                                
2000061c  g_alarmMinute                              
20000620  g_alarmSet                                 
20000621  g_alarmRinging                             
20000622  g_joyX                                     
20000624  g_joyY                                     
20000626  g_prevStopButton                           
20000627  g_prevSnoozeButton                         
2000062b  current_task                               
2000062c  ClockDate                                  
2000064c  ClockTime                                  
2000066c  _tz                                        
2000067c  g_sCrystalfontz128x128                     
2000068c  shifter                                    
2000069c  pContext                                   
200006a0  chosen_task                                
200006a8  redraw                                     
200006a9  init                                       
200006aa  pipe_active                                
200006ac  score                                      
200006b0  current_state                              
200006b4  _lock                                      
200006b8  _unlock                                    
200006bc  timeUpdateFlag                             
200006c0  init_display                               
200006c4  errno                                      
200006c8  SystemCoreClock                            
2000fe00  __stack                                    
20010000  __STACK_END                                
4000480c  WDTCTL_SYM                                 
ffffffff  __TI_pprof_out_hndl                        
ffffffff  __TI_prof_data_size                        
ffffffff  __TI_prof_data_start                       
ffffffff  __binit__                                  
ffffffff  __c_args__                                 
ffffffff  binit                                      
UNDEFED   __mpu_init                                 
UNDEFED   _system_post_cinit                         

[314 symbols]
