<?xml version="1.0" encoding="ISO-8859-1" ?>
<link_info>
   <banner>TI ARM Linker PC v20.2.7.LTS</banner>
   <copyright>Copyright (c) 1996-2018 Texas Instruments Incorporated</copyright>
   <link_time>0x6985c000</link_time>
   <link_errors>0x0</link_errors>
   <output_file>MSP432_Smart_Watch.out</output_file>
   <entry_point>
      <name>_c_int00_noargs</name>
      <address>0x5f65</address>
   </entry_point>
   <input_file_list>
      <input_file id="fl-2">
         <path>.\</path>
         <kind>object</kind>
         <file>activity_tracker.obj</file>
         <name>activity_tracker.obj</name>
      </input_file>
      <input_file id="fl-3">
         <path>.\</path>
         <kind>object</kind>
         <file>alarm.obj</file>
         <name>alarm.obj</name>
      </input_file>
      <input_file id="fl-4">
         <path>.\</path>
         <kind>object</kind>
         <file>game.obj</file>
         <name>game.obj</name>
      </input_file>
      <input_file id="fl-5">
         <path>.\</path>
         <kind>object</kind>
         <file>images.obj</file>
         <name>images.obj</name>
      </input_file>
      <input_file id="fl-6">
         <path>.\</path>
         <kind>object</kind>
         <file>main.obj</file>
         <name>main.obj</name>
      </input_file>
      <input_file id="fl-7">
         <path>.\</path>
         <kind>object</kind>
         <file>main_page.obj</file>
         <name>main_page.obj</name>
      </input_file>
      <input_file id="fl-8">
         <path>.\</path>
         <kind>object</kind>
         <file>startup_msp432p401r_ccs.obj</file>
         <name>startup_msp432p401r_ccs.obj</name>
      </input_file>
      <input_file id="fl-9">
         <path>.\</path>
         <kind>object</kind>
         <file>system_msp432p401r.obj</file>
         <name>system_msp432p401r.obj</name>
      </input_file>
      <input_file id="fl-a">
         <path>.\</path>
         <kind>object</kind>
         <file>system_time.obj</file>
         <name>system_time.obj</name>
      </input_file>
      <input_file id="fl-b">
         <path>.\</path>
         <kind>object</kind>
         <file>tasks.obj</file>
         <name>tasks.obj</name>
      </input_file>
      <input_file id="fl-c">
         <path>.\</path>
         <kind>object</kind>
         <file>time_display.obj</file>
         <name>time_display.obj</name>
      </input_file>
      <input_file id="fl-d">
         <path>.\LcdDriver\</path>
         <kind>object</kind>
         <file>Crystalfontz128x128_ST7735.obj</file>
         <name>Crystalfontz128x128_ST7735.obj</name>
      </input_file>
      <input_file id="fl-e">
         <path>.\LcdDriver\</path>
         <kind>object</kind>
         <file>HAL_MSP_EXP432P401R_Crystalfontz128x128_ST7735.obj</file>
         <name>HAL_MSP_EXP432P401R_Crystalfontz128x128_ST7735.obj</name>
      </input_file>
      <input_file id="fl-14">
         <kind>object</kind>
         <file>&lt;internal&gt;</file>
         <name>&lt;internal&gt;</name>
      </input_file>
      <input_file id="fl-ca">
         <path>C:\ti\ccs1280\ccs\tools\compiler\ti-cgt-arm_20.2.7.LTS\lib\</path>
         <kind>archive</kind>
         <file>rtsv7M4_T_le_v4SPD16_eabi.lib</file>
         <name>e_sqrtf.c.obj</name>
      </input_file>
      <input_file id="fl-cb">
         <path>C:\ti\ccs1280\ccs\tools\compiler\ti-cgt-arm_20.2.7.LTS\lib\</path>
         <kind>archive</kind>
         <file>rtsv7M4_T_le_v4SPD16_eabi.lib</file>
         <name>sprintf.c.obj</name>
      </input_file>
      <input_file id="fl-cc">
         <path>C:\ti\ccs1280\ccs\tools\compiler\ti-cgt-arm_20.2.7.LTS\lib\</path>
         <kind>archive</kind>
         <file>rtsv7M4_T_le_v4SPD16_eabi.lib</file>
         <name>fd_cmp_t2.asm.obj</name>
      </input_file>
      <input_file id="fl-cd">
         <path>C:\ti\ccs1280\ccs\tools\compiler\ti-cgt-arm_20.2.7.LTS\lib\</path>
         <kind>archive</kind>
         <file>rtsv7M4_T_le_v4SPD16_eabi.lib</file>
         <name>fd_div_t2.asm.obj</name>
      </input_file>
      <input_file id="fl-ce">
         <path>C:\ti\ccs1280\ccs\tools\compiler\ti-cgt-arm_20.2.7.LTS\lib\</path>
         <kind>archive</kind>
         <file>rtsv7M4_T_le_v4SPD16_eabi.lib</file>
         <name>fd_mul_t2.asm.obj</name>
      </input_file>
      <input_file id="fl-cf">
         <path>C:\ti\ccs1280\ccs\tools\compiler\ti-cgt-arm_20.2.7.LTS\lib\</path>
         <kind>archive</kind>
         <file>rtsv7M4_T_le_v4SPD16_eabi.lib</file>
         <name>fd_toi_t2.asm.obj</name>
      </input_file>
      <input_file id="fl-d0">
         <path>C:\ti\ccs1280\ccs\tools\compiler\ti-cgt-arm_20.2.7.LTS\lib\</path>
         <kind>archive</kind>
         <file>rtsv7M4_T_le_v4SPD16_eabi.lib</file>
         <name>fs_tod_t2.asm.obj</name>
      </input_file>
      <input_file id="fl-d1">
         <path>C:\ti\ccs1280\ccs\tools\compiler\ti-cgt-arm_20.2.7.LTS\lib\</path>
         <kind>archive</kind>
         <file>rtsv7M4_T_le_v4SPD16_eabi.lib</file>
         <name>memcpy_t2.asm.obj</name>
      </input_file>
      <input_file id="fl-d2">
         <path>C:\ti\ccs1280\ccs\tools\compiler\ti-cgt-arm_20.2.7.LTS\lib\</path>
         <kind>archive</kind>
         <file>rtsv7M4_T_le_v4SPD16_eabi.lib</file>
         <name>u_tofd_t2.asm.obj</name>
      </input_file>
      <input_file id="fl-d3">
         <path>C:\ti\ccs1280\ccs\tools\compiler\ti-cgt-arm_20.2.7.LTS\lib\</path>
         <kind>archive</kind>
         <file>rtsv7M4_T_le_v4SPD16_eabi.lib</file>
         <name>copy_zero_init.c.obj</name>
      </input_file>
      <input_file id="fl-d4">
         <path>C:\ti\ccs1280\ccs\tools\compiler\ti-cgt-arm_20.2.7.LTS\lib\</path>
         <kind>archive</kind>
         <file>rtsv7M4_T_le_v4SPD16_eabi.lib</file>
         <name>copy_decompress_none.c.obj</name>
      </input_file>
      <input_file id="fl-d5">
         <path>C:\ti\ccs1280\ccs\tools\compiler\ti-cgt-arm_20.2.7.LTS\lib\</path>
         <kind>archive</kind>
         <file>rtsv7M4_T_le_v4SPD16_eabi.lib</file>
         <name>copy_decompress_lzss.c.obj</name>
      </input_file>
      <input_file id="fl-d6">
         <path>C:\ti\ccs1280\ccs\tools\compiler\ti-cgt-arm_20.2.7.LTS\lib\</path>
         <kind>archive</kind>
         <file>rtsv7M4_T_le_v4SPD16_eabi.lib</file>
         <name>localtim.c.obj</name>
      </input_file>
      <input_file id="fl-d7">
         <path>C:\ti\ccs1280\ccs\tools\compiler\ti-cgt-arm_20.2.7.LTS\lib\</path>
         <kind>archive</kind>
         <file>rtsv7M4_T_le_v4SPD16_eabi.lib</file>
         <name>mktime.c.obj</name>
      </input_file>
      <input_file id="fl-d8">
         <path>C:\ti\ccs1280\ccs\tools\compiler\ti-cgt-arm_20.2.7.LTS\lib\</path>
         <kind>archive</kind>
         <file>rtsv7M4_T_le_v4SPD16_eabi.lib</file>
         <name>tmzone.c.obj</name>
      </input_file>
      <input_file id="fl-d9">
         <path>C:\ti\ccs1280\ccs\tools\compiler\ti-cgt-arm_20.2.7.LTS\lib\</path>
         <kind>archive</kind>
         <file>rtsv7M4_T_le_v4SPD16_eabi.lib</file>
         <name>boot_cortex_m.c.obj</name>
      </input_file>
      <input_file id="fl-da">
         <path>C:\ti\ccs1280\ccs\tools\compiler\ti-cgt-arm_20.2.7.LTS\lib\</path>
         <kind>archive</kind>
         <file>rtsv7M4_T_le_v4SPD16_eabi.lib</file>
         <name>time.c.obj</name>
      </input_file>
      <input_file id="fl-db">
         <path>C:\ti\ccs1280\ccs\tools\compiler\ti-cgt-arm_20.2.7.LTS\lib\</path>
         <kind>archive</kind>
         <file>rtsv7M4_T_le_v4SPD16_eabi.lib</file>
         <name>errno.c.obj</name>
      </input_file>
      <input_file id="fl-dc">
         <path>C:\ti\ccs1280\ccs\tools\compiler\ti-cgt-arm_20.2.7.LTS\lib\</path>
         <kind>archive</kind>
         <file>rtsv7M4_T_le_v4SPD16_eabi.lib</file>
         <name>_printfi.c.obj</name>
      </input_file>
      <input_file id="fl-dd">
         <path>C:\ti\ccs1280\ccs\tools\compiler\ti-cgt-arm_20.2.7.LTS\lib\</path>
         <kind>archive</kind>
         <file>rtsv7M4_T_le_v4SPD16_eabi.lib</file>
         <name>fd_add_t2.asm.obj</name>
      </input_file>
      <input_file id="fl-de">
         <path>C:\ti\ccs1280\ccs\tools\compiler\ti-cgt-arm_20.2.7.LTS\lib\</path>
         <kind>archive</kind>
         <file>rtsv7M4_T_le_v4SPD16_eabi.lib</file>
         <name>i_tofd_t2.asm.obj</name>
      </input_file>
      <input_file id="fl-df">
         <path>C:\ti\ccs1280\ccs\tools\compiler\ti-cgt-arm_20.2.7.LTS\lib\</path>
         <kind>archive</kind>
         <file>rtsv7M4_T_le_v4SPD16_eabi.lib</file>
         <name>memset_t2.asm.obj</name>
      </input_file>
      <input_file id="fl-e0">
         <path>C:\ti\ccs1280\ccs\tools\compiler\ti-cgt-arm_20.2.7.LTS\lib\</path>
         <kind>archive</kind>
         <file>rtsv7M4_T_le_v4SPD16_eabi.lib</file>
         <name>u_divt2.asm.obj</name>
      </input_file>
      <input_file id="fl-e1">
         <path>C:\ti\ccs1280\ccs\tools\compiler\ti-cgt-arm_20.2.7.LTS\lib\</path>
         <kind>archive</kind>
         <file>rtsv7M4_T_le_v4SPD16_eabi.lib</file>
         <name>ll_div_t2.asm.obj</name>
      </input_file>
      <input_file id="fl-e2">
         <path>C:\ti\ccs1280\ccs\tools\compiler\ti-cgt-arm_20.2.7.LTS\lib\</path>
         <kind>archive</kind>
         <file>rtsv7M4_T_le_v4SPD16_eabi.lib</file>
         <name>ull_div_t2.asm.obj</name>
      </input_file>
      <input_file id="fl-e3">
         <path>C:\ti\ccs1280\ccs\tools\compiler\ti-cgt-arm_20.2.7.LTS\lib\</path>
         <kind>archive</kind>
         <file>rtsv7M4_T_le_v4SPD16_eabi.lib</file>
         <name>autoinit.c.obj</name>
      </input_file>
      <input_file id="fl-e4">
         <path>C:\ti\ccs1280\ccs\tools\compiler\ti-cgt-arm_20.2.7.LTS\lib\</path>
         <kind>archive</kind>
         <file>rtsv7M4_T_le_v4SPD16_eabi.lib</file>
         <name>pre_init.c.obj</name>
      </input_file>
      <input_file id="fl-e5">
         <path>C:\ti\ccs1280\ccs\tools\compiler\ti-cgt-arm_20.2.7.LTS\lib\</path>
         <kind>archive</kind>
         <file>rtsv7M4_T_le_v4SPD16_eabi.lib</file>
         <name>cpy_tbl.c.obj</name>
      </input_file>
      <input_file id="fl-e6">
         <path>C:\ti\ccs1280\ccs\tools\compiler\ti-cgt-arm_20.2.7.LTS\lib\</path>
         <kind>archive</kind>
         <file>rtsv7M4_T_le_v4SPD16_eabi.lib</file>
         <name>exit.c.obj</name>
      </input_file>
      <input_file id="fl-e7">
         <path>C:\ti\ccs1280\ccs\tools\compiler\ti-cgt-arm_20.2.7.LTS\lib\</path>
         <kind>archive</kind>
         <file>rtsv7M4_T_le_v4SPD16_eabi.lib</file>
         <name>_lock.c.obj</name>
      </input_file>
      <input_file id="fl-e8">
         <path>C:\ti\ccs1280\ccs\tools\compiler\ti-cgt-arm_20.2.7.LTS\lib\</path>
         <kind>archive</kind>
         <file>rtsv7M4_T_le_v4SPD16_eabi.lib</file>
         <name>_ltoa.c.obj</name>
      </input_file>
      <input_file id="fl-e9">
         <path>C:\ti\ccs1280\ccs\tools\compiler\ti-cgt-arm_20.2.7.LTS\lib\</path>
         <kind>archive</kind>
         <file>rtsv7M4_T_le_v4SPD16_eabi.lib</file>
         <name>args_main.c.obj</name>
      </input_file>
      <input_file id="fl-ea">
         <path>C:\ti\ccs1280\ccs\tools\compiler\ti-cgt-arm_20.2.7.LTS\lib\</path>
         <kind>archive</kind>
         <file>rtsv7M4_T_le_v4SPD16_eabi.lib</file>
         <name>atoi.c.obj</name>
      </input_file>
      <input_file id="fl-eb">
         <path>C:\ti\ccs1280\ccs\tools\compiler\ti-cgt-arm_20.2.7.LTS\lib\</path>
         <kind>archive</kind>
         <file>rtsv7M4_T_le_v4SPD16_eabi.lib</file>
         <name>ctype.c.obj</name>
      </input_file>
      <input_file id="fl-ec">
         <path>C:\ti\ccs1280\ccs\tools\compiler\ti-cgt-arm_20.2.7.LTS\lib\</path>
         <kind>archive</kind>
         <file>rtsv7M4_T_le_v4SPD16_eabi.lib</file>
         <name>memccpy.c.obj</name>
      </input_file>
      <input_file id="fl-ed">
         <path>C:\ti\ccs1280\ccs\tools\compiler\ti-cgt-arm_20.2.7.LTS\lib\</path>
         <kind>archive</kind>
         <file>rtsv7M4_T_le_v4SPD16_eabi.lib</file>
         <name>strchr.c.obj</name>
      </input_file>
      <input_file id="fl-ee">
         <path>C:\ti\ccs1280\ccs\tools\compiler\ti-cgt-arm_20.2.7.LTS\lib\</path>
         <kind>archive</kind>
         <file>rtsv7M4_T_le_v4SPD16_eabi.lib</file>
         <name>strlen.c.obj</name>
      </input_file>
      <input_file id="fl-ef">
         <path>C:\ti\ccs1280\ccs\tools\compiler\ti-cgt-arm_20.2.7.LTS\lib\</path>
         <kind>archive</kind>
         <file>rtsv7M4_T_le_v4SPD16_eabi.lib</file>
         <name>hosttime.c.obj</name>
      </input_file>
      <input_file id="fl-f0">
         <path>C:\ti\ccs1280\ccs\tools\compiler\ti-cgt-arm_20.2.7.LTS\lib\</path>
         <kind>archive</kind>
         <file>rtsv7M4_T_le_v4SPD16_eabi.lib</file>
         <name>trgmsg.c.obj</name>
      </input_file>
      <input_file id="fl-f1">
         <path>C:\ti\ccs1280\ccs\tools\compiler\ti-cgt-arm_20.2.7.LTS\lib\</path>
         <kind>archive</kind>
         <file>rtsv7M4_T_le_v4SPD16_eabi.lib</file>
         <name>wcslen.c.obj</name>
      </input_file>
      <input_file id="fl-f2">
         <path>C:\ti\ccs1280\ccs\tools\compiler\ti-cgt-arm_20.2.7.LTS\lib\</path>
         <kind>archive</kind>
         <file>rtsv7M4_T_le_v4SPD16_eabi.lib</file>
         <name>s_frexp.c.obj</name>
      </input_file>
      <input_file id="fl-f3">
         <path>C:\ti\ccs1280\ccs\tools\compiler\ti-cgt-arm_20.2.7.LTS\lib\</path>
         <kind>archive</kind>
         <file>rtsv7M4_T_le_v4SPD16_eabi.lib</file>
         <name>s_scalbn.c.obj</name>
      </input_file>
      <input_file id="fl-f4">
         <path>C:\ti\ccs1280\ccs\tools\compiler\ti-cgt-arm_20.2.7.LTS\lib\</path>
         <kind>archive</kind>
         <file>rtsv7M4_T_le_v4SPD16_eabi.lib</file>
         <name>div0.asm.obj</name>
      </input_file>
      <input_file id="fl-f5">
         <path>C:\ti\ccs1280\ccs\tools\compiler\ti-cgt-arm_20.2.7.LTS\lib\</path>
         <kind>archive</kind>
         <file>rtsv7M4_T_le_v4SPD16_eabi.lib</file>
         <name>hostopen.c.obj</name>
      </input_file>
      <input_file id="fl-f6">
         <path>C:\ti\ccs1280\ccs\tools\compiler\ti-cgt-arm_20.2.7.LTS\lib\</path>
         <kind>archive</kind>
         <file>rtsv7M4_T_le_v4SPD16_eabi.lib</file>
         <name>s_copysign.c.obj</name>
      </input_file>
      <input_file id="fl-f7">
         <path>C:\Users\Dell\Desktop\embedded\simplelink_msp432p4_sdk_3_40_01_02\source\ti\grlib\lib\ccs\m4\</path>
         <kind>archive</kind>
         <file>grlib.a</file>
         <name>context.obj</name>
      </input_file>
      <input_file id="fl-f8">
         <path>C:\Users\Dell\Desktop\embedded\simplelink_msp432p4_sdk_3_40_01_02\source\ti\grlib\lib\ccs\m4\</path>
         <kind>archive</kind>
         <file>grlib.a</file>
         <name>display.obj</name>
      </input_file>
      <input_file id="fl-f9">
         <path>C:\Users\Dell\Desktop\embedded\simplelink_msp432p4_sdk_3_40_01_02\source\ti\grlib\lib\ccs\m4\</path>
         <kind>archive</kind>
         <file>grlib.a</file>
         <name>fontcmsc12.obj</name>
      </input_file>
      <input_file id="fl-fa">
         <path>C:\Users\Dell\Desktop\embedded\simplelink_msp432p4_sdk_3_40_01_02\source\ti\grlib\lib\ccs\m4\</path>
         <kind>archive</kind>
         <file>grlib.a</file>
         <name>fontcmsc14.obj</name>
      </input_file>
      <input_file id="fl-fb">
         <path>C:\Users\Dell\Desktop\embedded\simplelink_msp432p4_sdk_3_40_01_02\source\ti\grlib\lib\ccs\m4\</path>
         <kind>archive</kind>
         <file>grlib.a</file>
         <name>fontcmsc34.obj</name>
      </input_file>
      <input_file id="fl-fc">
         <path>C:\Users\Dell\Desktop\embedded\simplelink_msp432p4_sdk_3_40_01_02\source\ti\grlib\lib\ccs\m4\</path>
         <kind>archive</kind>
         <file>grlib.a</file>
         <name>fontfixed6x8.obj</name>
      </input_file>
      <input_file id="fl-fd">
         <path>C:\Users\Dell\Desktop\embedded\simplelink_msp432p4_sdk_3_40_01_02\source\ti\grlib\lib\ccs\m4\</path>
         <kind>archive</kind>
         <file>grlib.a</file>
         <name>image.obj</name>
      </input_file>
      <input_file id="fl-fe">
         <path>C:\Users\Dell\Desktop\embedded\simplelink_msp432p4_sdk_3_40_01_02\source\ti\grlib\lib\ccs\m4\</path>
         <kind>archive</kind>
         <file>grlib.a</file>
         <name>line.obj</name>
      </input_file>
      <input_file id="fl-ff">
         <path>C:\Users\Dell\Desktop\embedded\simplelink_msp432p4_sdk_3_40_01_02\source\ti\grlib\lib\ccs\m4\</path>
         <kind>archive</kind>
         <file>grlib.a</file>
         <name>rectangle.obj</name>
      </input_file>
      <input_file id="fl-100">
         <path>C:\Users\Dell\Desktop\embedded\simplelink_msp432p4_sdk_3_40_01_02\source\ti\grlib\lib\ccs\m4\</path>
         <kind>archive</kind>
         <file>grlib.a</file>
         <name>string.obj</name>
      </input_file>
      <input_file id="fl-101">
         <path>C:\Users\Dell\Desktop\embedded\simplelink_msp432p4_sdk_3_40_01_02\source\ti\devices\msp432p4xx\driverlib\ccs\</path>
         <kind>archive</kind>
         <file>msp432p4xx_driverlib.lib</file>
         <name>adc14.o</name>
      </input_file>
      <input_file id="fl-102">
         <path>C:\Users\Dell\Desktop\embedded\simplelink_msp432p4_sdk_3_40_01_02\source\ti\devices\msp432p4xx\driverlib\ccs\</path>
         <kind>archive</kind>
         <file>msp432p4xx_driverlib.lib</file>
         <name>cs.o</name>
      </input_file>
      <input_file id="fl-103">
         <path>C:\Users\Dell\Desktop\embedded\simplelink_msp432p4_sdk_3_40_01_02\source\ti\devices\msp432p4xx\driverlib\ccs\</path>
         <kind>archive</kind>
         <file>msp432p4xx_driverlib.lib</file>
         <name>gpio.o</name>
      </input_file>
      <input_file id="fl-104">
         <path>C:\Users\Dell\Desktop\embedded\simplelink_msp432p4_sdk_3_40_01_02\source\ti\devices\msp432p4xx\driverlib\ccs\</path>
         <kind>archive</kind>
         <file>msp432p4xx_driverlib.lib</file>
         <name>interrupt.o</name>
      </input_file>
      <input_file id="fl-105">
         <path>C:\Users\Dell\Desktop\embedded\simplelink_msp432p4_sdk_3_40_01_02\source\ti\devices\msp432p4xx\driverlib\ccs\</path>
         <kind>archive</kind>
         <file>msp432p4xx_driverlib.lib</file>
         <name>pcm.o</name>
      </input_file>
      <input_file id="fl-106">
         <path>C:\Users\Dell\Desktop\embedded\simplelink_msp432p4_sdk_3_40_01_02\source\ti\devices\msp432p4xx\driverlib\ccs\</path>
         <kind>archive</kind>
         <file>msp432p4xx_driverlib.lib</file>
         <name>rtc_c.o</name>
      </input_file>
      <input_file id="fl-107">
         <path>C:\Users\Dell\Desktop\embedded\simplelink_msp432p4_sdk_3_40_01_02\source\ti\devices\msp432p4xx\driverlib\ccs\</path>
         <kind>archive</kind>
         <file>msp432p4xx_driverlib.lib</file>
         <name>spi.o</name>
      </input_file>
      <input_file id="fl-108">
         <path>C:\Users\Dell\Desktop\embedded\simplelink_msp432p4_sdk_3_40_01_02\source\ti\devices\msp432p4xx\driverlib\ccs\</path>
         <kind>archive</kind>
         <file>msp432p4xx_driverlib.lib</file>
         <name>sysctl_a.o</name>
      </input_file>
      <input_file id="fl-109">
         <path>C:\Users\Dell\Desktop\embedded\simplelink_msp432p4_sdk_3_40_01_02\source\ti\devices\msp432p4xx\driverlib\ccs\</path>
         <kind>archive</kind>
         <file>msp432p4xx_driverlib.lib</file>
         <name>timer_a.o</name>
      </input_file>
      <input_file id="fl-10a">
         <path>C:\Users\Dell\Desktop\embedded\simplelink_msp432p4_sdk_3_40_01_02\source\ti\devices\msp432p4xx\driverlib\ccs\</path>
         <kind>archive</kind>
         <file>msp432p4xx_driverlib.lib</file>
         <name>wdt_a.o</name>
      </input_file>
      <input_file id="fl-10b">
         <path>C:\Users\Dell\Desktop\embedded\simplelink_msp432p4_sdk_3_40_01_02\source\ti\devices\msp432p4xx\driverlib\ccs\</path>
         <kind>archive</kind>
         <file>msp432p4xx_driverlib.lib</file>
         <name>cpu.o</name>
      </input_file>
   </input_file_list>
   <object_component_list>
      <object_component id="oc-26">
         <name>.intvecs:retain</name>
         <load_address>0x0</load_address>
         <run_address>0x0</run_address>
         <size>0xe4</size>
         <input_file_ref idref="fl-8"/>
      </object_component>
      <object_component id="oc-43f">
         <name>.text:__TI_printfi</name>
         <load_address>0xe4</load_address>
         <run_address>0xe4</run_address>
         <size>0xa4e</size>
         <input_file_ref idref="fl-dc"/>
      </object_component>
      <object_component id="oc-3cc">
         <name>.text:_nop</name>
         <load_address>0xb32</load_address>
         <run_address>0xb32</run_address>
         <size>0x2</size>
         <input_file_ref idref="fl-e7"/>
      </object_component>
      <object_component id="oc-1e4">
         <name>.text</name>
         <load_address>0xb34</load_address>
         <run_address>0xb34</run_address>
         <size>0x788</size>
         <input_file_ref idref="fl-3"/>
      </object_component>
      <object_component id="oc-235">
         <name>.text</name>
         <load_address>0x12bc</load_address>
         <run_address>0x12bc</run_address>
         <size>0x6c4</size>
         <input_file_ref idref="fl-2"/>
      </object_component>
      <object_component id="oc-ac">
         <name>.text</name>
         <load_address>0x1980</load_address>
         <run_address>0x1980</run_address>
         <size>0x680</size>
         <input_file_ref idref="fl-d"/>
      </object_component>
      <object_component id="oc-6d">
         <name>.text</name>
         <load_address>0x2000</load_address>
         <run_address>0x2000</run_address>
         <size>0x4bc</size>
         <input_file_ref idref="fl-6"/>
      </object_component>
      <object_component id="oc-45e">
         <name>.text:Graphics_drawString</name>
         <load_address>0x24bc</load_address>
         <run_address>0x24bc</run_address>
         <size>0x47e</size>
         <input_file_ref idref="fl-100"/>
      </object_component>
      <object_component id="oc-423">
         <name>.text</name>
         <load_address>0x293a</load_address>
         <run_address>0x293a</run_address>
         <size>0x2</size>
         <input_file_ref idref="fl-f4"/>
      </object_component>
      <object_component id="oc-22f">
         <name>.text</name>
         <load_address>0x293c</load_address>
         <run_address>0x293c</run_address>
         <size>0x3c4</size>
         <input_file_ref idref="fl-4"/>
      </object_component>
      <object_component id="oc-34e">
         <name>.text:Graphics_drawImage</name>
         <load_address>0x2d00</load_address>
         <run_address>0x2d00</run_address>
         <size>0x390</size>
         <input_file_ref idref="fl-fd"/>
      </object_component>
      <object_component id="oc-a5">
         <name>.text</name>
         <load_address>0x3090</load_address>
         <run_address>0x3090</run_address>
         <size>0x334</size>
         <input_file_ref idref="fl-9"/>
      </object_component>
      <object_component id="oc-2d4">
         <name>.text:__mktime32</name>
         <load_address>0x33c4</load_address>
         <run_address>0x33c4</run_address>
         <size>0x2a0</size>
         <input_file_ref idref="fl-d7"/>
      </object_component>
      <object_component id="oc-579">
         <name>.text:_pconv_a</name>
         <load_address>0x3664</load_address>
         <run_address>0x3664</run_address>
         <size>0x270</size>
         <input_file_ref idref="fl-dc"/>
      </object_component>
      <object_component id="oc-567">
         <name>.text:_pconv_g</name>
         <load_address>0x38d4</load_address>
         <run_address>0x38d4</run_address>
         <size>0x1d0</size>
         <input_file_ref idref="fl-dc"/>
      </object_component>
      <object_component id="oc-21d">
         <name>.text</name>
         <load_address>0x3aa4</load_address>
         <run_address>0x3aa4</run_address>
         <size>0x1cc</size>
         <input_file_ref idref="fl-7"/>
      </object_component>
      <object_component id="oc-614">
         <name>.text</name>
         <load_address>0x3c70</load_address>
         <run_address>0x3c70</run_address>
         <size>0x1b6</size>
         <input_file_ref idref="fl-dd"/>
      </object_component>
      <object_component id="oc-1c2">
         <name>.text:_getIndexForMemRegister</name>
         <load_address>0x3e28</load_address>
         <run_address>0x3e28</run_address>
         <size>0x160</size>
         <input_file_ref idref="fl-101"/>
      </object_component>
      <object_component id="oc-573">
         <name>.text:_pconv_e</name>
         <load_address>0x3f88</load_address>
         <run_address>0x3f88</run_address>
         <size>0x13c</size>
         <input_file_ref idref="fl-dc"/>
      </object_component>
      <object_component id="oc-389">
         <name>.text</name>
         <load_address>0x40c4</load_address>
         <run_address>0x40c4</run_address>
         <size>0x136</size>
         <input_file_ref idref="fl-cd"/>
      </object_component>
      <object_component id="oc-1de">
         <name>.text:__localtime32</name>
         <load_address>0x41fc</load_address>
         <run_address>0x41fc</run_address>
         <size>0x134</size>
         <input_file_ref idref="fl-d6"/>
      </object_component>
      <object_component id="oc-626">
         <name>.text:fcvt</name>
         <load_address>0x4330</load_address>
         <run_address>0x4330</run_address>
         <size>0x124</size>
         <input_file_ref idref="fl-dc"/>
      </object_component>
      <object_component id="oc-229">
         <name>.text</name>
         <load_address>0x4454</load_address>
         <run_address>0x4454</run_address>
         <size>0x118</size>
         <input_file_ref idref="fl-c"/>
      </object_component>
      <object_component id="oc-2f3">
         <name>.text:Graphics_fillRectangle</name>
         <load_address>0x456c</load_address>
         <run_address>0x456c</run_address>
         <size>0x112</size>
         <input_file_ref idref="fl-ff"/>
      </object_component>
      <object_component id="oc-63a">
         <name>.text:scalbn</name>
         <load_address>0x4680</load_address>
         <run_address>0x4680</run_address>
         <size>0x110</size>
         <input_file_ref idref="fl-f3"/>
      </object_component>
      <object_component id="oc-47a">
         <name>.text:_CSComputeCLKFrequency</name>
         <load_address>0x4790</load_address>
         <run_address>0x4790</run_address>
         <size>0x104</size>
         <input_file_ref idref="fl-102"/>
      </object_component>
      <object_component id="oc-384">
         <name>.text</name>
         <load_address>0x4894</load_address>
         <run_address>0x4894</run_address>
         <size>0xfc</size>
         <input_file_ref idref="fl-ce"/>
      </object_component>
      <object_component id="oc-458">
         <name>.text:Graphics_getStringWidth</name>
         <load_address>0x4990</load_address>
         <run_address>0x4990</run_address>
         <size>0xfa</size>
         <input_file_ref idref="fl-100"/>
      </object_component>
      <object_component id="oc-5b7">
         <name>.text:CS_getDCOFrequency</name>
         <load_address>0x4a8c</load_address>
         <run_address>0x4a8c</run_address>
         <size>0xf8</size>
         <input_file_ref idref="fl-102"/>
      </object_component>
      <object_component id="oc-186">
         <name>.text</name>
         <load_address>0x4b84</load_address>
         <run_address>0x4b84</run_address>
         <size>0xcc</size>
         <input_file_ref idref="fl-e"/>
      </object_component>
      <object_component id="oc-dc">
         <name>.text</name>
         <load_address>0x4c50</load_address>
         <run_address>0x4c50</run_address>
         <size>0xb8</size>
         <input_file_ref idref="fl-a"/>
      </object_component>
      <object_component id="oc-d6">
         <name>.text:ADC14_configureConversionMemory</name>
         <load_address>0x4d08</load_address>
         <run_address>0x4d08</run_address>
         <size>0xb4</size>
         <input_file_ref idref="fl-101"/>
      </object_component>
      <object_component id="oc-d0">
         <name>.text:ADC14_configureMultiSequenceMode</name>
         <load_address>0x4dbc</load_address>
         <run_address>0x4dbc</run_address>
         <size>0xb4</size>
         <input_file_ref idref="fl-101"/>
      </object_component>
      <object_component id="oc-561">
         <name>.text:_ltostr</name>
         <load_address>0x4e70</load_address>
         <run_address>0x4e70</run_address>
         <size>0xb1</size>
         <input_file_ref idref="fl-dc"/>
      </object_component>
      <object_component id="oc-27e">
         <name>.text:SPI_initMaster</name>
         <load_address>0x4f22</load_address>
         <run_address>0x4f22</run_address>
         <size>0xb0</size>
         <input_file_ref idref="fl-107"/>
      </object_component>
      <object_component id="oc-37e">
         <name>.text:Graphics_drawRectangle</name>
         <load_address>0x4fd2</load_address>
         <run_address>0x4fd2</run_address>
         <size>0xa2</size>
         <input_file_ref idref="fl-ff"/>
      </object_component>
      <object_component id="oc-4fb">
         <name>.text:Graphics_drawLineH</name>
         <load_address>0x5074</load_address>
         <run_address>0x5074</run_address>
         <size>0x9c</size>
         <input_file_ref idref="fl-fe"/>
      </object_component>
      <object_component id="oc-2f9">
         <name>.text:Graphics_drawLineV</name>
         <load_address>0x5110</load_address>
         <run_address>0x5110</run_address>
         <size>0x9c</size>
         <input_file_ref idref="fl-fe"/>
      </object_component>
      <object_component id="oc-37">
         <name>.text</name>
         <load_address>0x51ac</load_address>
         <run_address>0x51ac</run_address>
         <size>0x9c</size>
         <input_file_ref idref="fl-d1"/>
      </object_component>
      <object_component id="oc-54a">
         <name>.text</name>
         <load_address>0x5248</load_address>
         <run_address>0x5248</run_address>
         <size>0x96</size>
         <input_file_ref idref="fl-e2"/>
      </object_component>
      <object_component id="oc-664">
         <name>.text:SysCtl_A_getTLVInfo</name>
         <load_address>0x52e0</load_address>
         <run_address>0x52e0</run_address>
         <size>0x94</size>
         <input_file_ref idref="fl-108"/>
      </object_component>
      <object_component id="oc-272">
         <name>.text:GPIO_setAsPeripheralModuleFunctionOutputPin</name>
         <load_address>0x5374</load_address>
         <run_address>0x5374</run_address>
         <size>0x88</size>
         <input_file_ref idref="fl-103"/>
      </object_component>
      <object_component id="oc-374">
         <name>.text:__aeabi_cdcmple</name>
         <load_address>0x53fc</load_address>
         <run_address>0x53fc</run_address>
         <size>0x86</size>
         <input_file_ref idref="fl-cc"/>
      </object_component>
      <object_component id="oc-379">
         <name>.text:__aeabi_cdrcmple</name>
         <load_address>0x5482</load_address>
         <run_address>0x5482</run_address>
         <size>0x86</size>
         <input_file_ref idref="fl-cc"/>
      </object_component>
      <object_component id="oc-fa">
         <name>.text:GPIO_getEnabledInterruptStatus</name>
         <load_address>0x5508</load_address>
         <run_address>0x5508</run_address>
         <size>0x84</size>
         <input_file_ref idref="fl-103"/>
      </object_component>
      <object_component id="oc-e2">
         <name>.text:Interrupt_enableInterrupt</name>
         <load_address>0x558c</load_address>
         <run_address>0x558c</run_address>
         <size>0x80</size>
         <input_file_ref idref="fl-104"/>
      </object_component>
      <object_component id="oc-66a">
         <name>.text:_CSGetDOCFrequency</name>
         <load_address>0x560c</load_address>
         <run_address>0x560c</run_address>
         <size>0x7c</size>
         <input_file_ref idref="fl-102"/>
      </object_component>
      <object_component id="oc-8d">
         <name>.text</name>
         <load_address>0x5688</load_address>
         <run_address>0x5688</run_address>
         <size>0x7a</size>
         <input_file_ref idref="fl-df"/>
      </object_component>
      <object_component id="oc-61f">
         <name>.text:_mcpy</name>
         <load_address>0x5702</load_address>
         <run_address>0x5702</run_address>
         <size>0x6e</size>
         <input_file_ref idref="fl-dc"/>
      </object_component>
      <object_component id="oc-429">
         <name>.text</name>
         <load_address>0x5770</load_address>
         <run_address>0x5770</run_address>
         <size>0x6e</size>
         <input_file_ref idref="fl-e1"/>
      </object_component>
      <object_component id="oc-4a6">
         <name>.text:Graphics_convertPalette</name>
         <load_address>0x57e0</load_address>
         <run_address>0x57e0</run_address>
         <size>0x6c</size>
         <input_file_ref idref="fl-fd"/>
      </object_component>
      <object_component id="oc-17">
         <name>.text:decompress:lzss:__TI_decompress_lzss</name>
         <load_address>0x584c</load_address>
         <run_address>0x584c</run_address>
         <size>0x68</size>
         <input_file_ref idref="fl-d5"/>
      </object_component>
      <object_component id="oc-634">
         <name>.text:frexp</name>
         <load_address>0x58b4</load_address>
         <run_address>0x58b4</run_address>
         <size>0x64</size>
         <input_file_ref idref="fl-f2"/>
      </object_component>
      <object_component id="oc-5ab">
         <name>.text:_CSGetDividerValue</name>
         <load_address>0x5918</load_address>
         <run_address>0x5918</run_address>
         <size>0x62</size>
         <input_file_ref idref="fl-102"/>
      </object_component>
      <object_component id="oc-302">
         <name>.text:GPIO_setAsInputPinWithPullUpResistor</name>
         <load_address>0x597c</load_address>
         <run_address>0x597c</run_address>
         <size>0x58</size>
         <input_file_ref idref="fl-103"/>
      </object_component>
      <object_component id="oc-56d">
         <name>.text:_pconv_f</name>
         <load_address>0x59d4</load_address>
         <run_address>0x59d4</run_address>
         <size>0x56</size>
         <input_file_ref idref="fl-dc"/>
      </object_component>
      <object_component id="oc-609">
         <name>.text:__TI_ltoa</name>
         <load_address>0x5a2a</load_address>
         <run_address>0x5a2a</run_address>
         <size>0x54</size>
         <input_file_ref idref="fl-e8"/>
      </object_component>
      <object_component id="oc-b2">
         <name>.text:Graphics_initContext</name>
         <load_address>0x5a7e</load_address>
         <run_address>0x5a7e</run_address>
         <size>0x52</size>
         <input_file_ref idref="fl-f7"/>
      </object_component>
      <object_component id="oc-619">
         <name>.text:_ecpy</name>
         <load_address>0x5ad0</load_address>
         <run_address>0x5ad0</run_address>
         <size>0x52</size>
         <input_file_ref idref="fl-dc"/>
      </object_component>
      <object_component id="oc-55b">
         <name>.text:atoi</name>
         <load_address>0x5b24</load_address>
         <run_address>0x5b24</run_address>
         <size>0x4c</size>
         <input_file_ref idref="fl-ea"/>
      </object_component>
      <object_component id="oc-2ed">
         <name>.text:Graphics_drawStringCentered</name>
         <load_address>0x5b70</load_address>
         <run_address>0x5b70</run_address>
         <size>0x48</size>
         <input_file_ref idref="fl-100"/>
      </object_component>
      <object_component id="oc-2c2">
         <name>.text:HOSTtime</name>
         <load_address>0x5bb8</load_address>
         <run_address>0x5bb8</run_address>
         <size>0x48</size>
         <input_file_ref idref="fl-ef"/>
      </object_component>
      <object_component id="oc-38e">
         <name>.text</name>
         <load_address>0x5c00</load_address>
         <run_address>0x5c00</run_address>
         <size>0x48</size>
         <input_file_ref idref="fl-cf"/>
      </object_component>
      <object_component id="oc-4ac">
         <name>.text:Graphics_drawMultiplePixelsOnDisplay</name>
         <load_address>0x5c48</load_address>
         <run_address>0x5c48</run_address>
         <size>0x46</size>
         <input_file_ref idref="fl-f8"/>
      </object_component>
      <object_component id="oc-150">
         <name>.text:__TI_auto_init_nobinit_nopinit:__TI_auto_init_nobinit_nopinit</name>
         <load_address>0x5c90</load_address>
         <run_address>0x5c90</run_address>
         <size>0x44</size>
         <input_file_ref idref="fl-e3"/>
      </object_component>
      <object_component id="oc-278">
         <name>.text:GPIO_setAsOutputPin</name>
         <load_address>0x5cd4</load_address>
         <run_address>0x5cd4</run_address>
         <size>0x40</size>
         <input_file_ref idref="fl-103"/>
      </object_component>
      <object_component id="oc-59c">
         <name>.text:Graphics_getNumberOfLeadingZeros</name>
         <load_address>0x5d14</load_address>
         <run_address>0x5d14</run_address>
         <size>0x40</size>
         <input_file_ref idref="fl-100"/>
      </object_component>
      <object_component id="oc-3ed">
         <name>.text:is_A_Module</name>
         <load_address>0x5d54</load_address>
         <run_address>0x5d54</run_address>
         <size>0x40</size>
         <input_file_ref idref="fl-107"/>
      </object_component>
      <object_component id="oc-2cf">
         <name>.text</name>
         <load_address>0x5d94</load_address>
         <run_address>0x5d94</run_address>
         <size>0x40</size>
         <input_file_ref idref="fl-e0"/>
      </object_component>
      <object_component id="oc-2e7">
         <name>.text:sprintf</name>
         <load_address>0x5dd4</load_address>
         <run_address>0x5dd4</run_address>
         <size>0x40</size>
         <input_file_ref idref="fl-cb"/>
      </object_component>
      <object_component id="oc-62c">
         <name>.text:_fcpy</name>
         <load_address>0x5e14</load_address>
         <run_address>0x5e14</run_address>
         <size>0x3e</size>
         <input_file_ref idref="fl-dc"/>
      </object_component>
      <object_component id="oc-407">
         <name>.text:__TI_writemsg</name>
         <load_address>0x5e54</load_address>
         <run_address>0x5e54</run_address>
         <size>0x38</size>
         <input_file_ref idref="fl-f0"/>
      </object_component>
      <object_component id="oc-396">
         <name>.text</name>
         <load_address>0x5e8c</load_address>
         <run_address>0x5e8c</run_address>
         <size>0x38</size>
         <input_file_ref idref="fl-d0"/>
      </object_component>
      <object_component id="oc-5ec">
         <name>.text:Graphics_drawHorizontalLineOnDisplay</name>
         <load_address>0x5ec4</load_address>
         <run_address>0x5ec4</run_address>
         <size>0x36</size>
         <input_file_ref idref="fl-f8"/>
      </object_component>
      <object_component id="oc-46e">
         <name>.text:Graphics_drawVerticalLineOnDisplay</name>
         <load_address>0x5efa</load_address>
         <run_address>0x5efa</run_address>
         <size>0x36</size>
         <input_file_ref idref="fl-f8"/>
      </object_component>
      <object_component id="oc-40d">
         <name>.text:__TI_readmsg</name>
         <load_address>0x5f30</load_address>
         <run_address>0x5f30</run_address>
         <size>0x34</size>
         <input_file_ref idref="fl-f0"/>
      </object_component>
      <object_component id="oc-55">
         <name>.text:_c_int00_noargs:_c_int00_noargs</name>
         <load_address>0x5f64</load_address>
         <run_address>0x5f64</run_address>
         <size>0x34</size>
         <input_file_ref idref="fl-d9"/>
      </object_component>
      <object_component id="oc-5b1">
         <name>.text:CS_clearInterruptFlag</name>
         <load_address>0x5f98</load_address>
         <run_address>0x5f98</run_address>
         <size>0x30</size>
         <input_file_ref idref="fl-102"/>
      </object_component>
      <object_component id="oc-308">
         <name>.text:GPIO_getInputPinValue</name>
         <load_address>0x5fc8</load_address>
         <run_address>0x5fc8</run_address>
         <size>0x30</size>
         <input_file_ref idref="fl-103"/>
      </object_component>
      <object_component id="oc-60f">
         <name>.text</name>
         <load_address>0x5ff8</load_address>
         <run_address>0x5ff8</run_address>
         <size>0x2e</size>
         <input_file_ref idref="fl-de"/>
      </object_component>
      <object_component id="oc-4b2">
         <name>.text:Graphics_drawPixelOnDisplay</name>
         <load_address>0x6026</load_address>
         <run_address>0x6026</run_address>
         <size>0x2c</size>
         <input_file_ref idref="fl-f8"/>
      </object_component>
      <object_component id="oc-ee">
         <name>.text:Timer_A_clearCaptureCompareInterrupt</name>
         <load_address>0x6054</load_address>
         <run_address>0x6054</run_address>
         <size>0x2c</size>
         <input_file_ref idref="fl-109"/>
      </object_component>
      <object_component id="oc-e8">
         <name>.text:ADC14_getResult</name>
         <load_address>0x6080</load_address>
         <run_address>0x6080</run_address>
         <size>0x28</size>
         <input_file_ref idref="fl-101"/>
      </object_component>
      <object_component id="oc-30e">
         <name>.text:CS_getSMCLK</name>
         <load_address>0x60a8</load_address>
         <run_address>0x60a8</run_address>
         <size>0x28</size>
         <input_file_ref idref="fl-102"/>
      </object_component>
      <object_component id="oc-100">
         <name>.text:GPIO_clearInterruptFlag</name>
         <load_address>0x60d0</load_address>
         <run_address>0x60d0</run_address>
         <size>0x28</size>
         <input_file_ref idref="fl-103"/>
      </object_component>
      <object_component id="oc-192">
         <name>.text:GPIO_setOutputHighOnPin</name>
         <load_address>0x60f8</load_address>
         <run_address>0x60f8</run_address>
         <size>0x28</size>
         <input_file_ref idref="fl-103"/>
      </object_component>
      <object_component id="oc-18c">
         <name>.text:GPIO_setOutputLowOnPin</name>
         <load_address>0x6120</load_address>
         <run_address>0x6120</run_address>
         <size>0x28</size>
         <input_file_ref idref="fl-103"/>
      </object_component>
      <object_component id="oc-3b5">
         <name>.text:GPIO_toggleOutputOnPin</name>
         <load_address>0x6148</load_address>
         <run_address>0x6148</run_address>
         <size>0x28</size>
         <input_file_ref idref="fl-103"/>
      </object_component>
      <object_component id="oc-33d">
         <name>.text:PCM_gotoLPM0</name>
         <load_address>0x6170</load_address>
         <run_address>0x6170</run_address>
         <size>0x28</size>
         <input_file_ref idref="fl-105"/>
      </object_component>
      <object_component id="oc-3aa">
         <name>.text:sqrtf</name>
         <load_address>0x6198</load_address>
         <run_address>0x6198</run_address>
         <size>0x28</size>
         <input_file_ref idref="fl-ca"/>
      </object_component>
      <object_component id="oc-201">
         <name>.text:GPIO_getInterruptStatus</name>
         <load_address>0x61c0</load_address>
         <run_address>0x61c0</run_address>
         <size>0x24</size>
         <input_file_ref idref="fl-103"/>
      </object_component>
      <object_component id="oc-3b0">
         <name>.text</name>
         <load_address>0x61e4</load_address>
         <run_address>0x61e4</run_address>
         <size>0x20</size>
         <input_file_ref idref="fl-d2"/>
      </object_component>
      <object_component id="oc-466">
         <name>.text:Graphics_fillRectangleOnDisplay</name>
         <load_address>0x6204</load_address>
         <run_address>0x6204</run_address>
         <size>0x1e</size>
         <input_file_ref idref="fl-f8"/>
      </object_component>
      <object_component id="oc-284">
         <name>.text:SPI_enableModule</name>
         <load_address>0x6222</load_address>
         <run_address>0x6222</run_address>
         <size>0x1c</size>
         <input_file_ref idref="fl-107"/>
      </object_component>
      <object_component id="oc-57f">
         <name>.text:memccpy</name>
         <load_address>0x623e</load_address>
         <run_address>0x623e</run_address>
         <size>0x1c</size>
         <input_file_ref idref="fl-ec"/>
      </object_component>
      <object_component id="oc-1b5">
         <name>.text:Graphics_clearDisplayOnDisplay</name>
         <load_address>0x625a</load_address>
         <run_address>0x625a</run_address>
         <size>0x1a</size>
         <input_file_ref idref="fl-f8"/>
      </object_component>
      <object_component id="oc-be">
         <name>.text:Graphics_setBackgroundColor</name>
         <load_address>0x6274</load_address>
         <run_address>0x6274</run_address>
         <size>0x1a</size>
         <input_file_ref idref="fl-f7"/>
      </object_component>
      <object_component id="oc-c4">
         <name>.text:Graphics_setFont</name>
         <load_address>0x628e</load_address>
         <run_address>0x628e</run_address>
         <size>0x1a</size>
         <input_file_ref idref="fl-f7"/>
      </object_component>
      <object_component id="oc-691">
         <name>.text:copysign</name>
         <load_address>0x62a8</load_address>
         <run_address>0x62a8</run_address>
         <size>0x1a</size>
         <input_file_ref idref="fl-f6"/>
      </object_component>
      <object_component id="oc-445">
         <name>.text:_outs</name>
         <load_address>0x62c2</load_address>
         <run_address>0x62c2</run_address>
         <size>0x18</size>
         <input_file_ref idref="fl-cb"/>
      </object_component>
      <object_component id="oc-3f5">
         <name>.text:EUSCI_A_SPI_enable</name>
         <load_address>0x62da</load_address>
         <run_address>0x62da</run_address>
         <size>0x16</size>
         <input_file_ref idref="fl-107"/>
      </object_component>
      <object_component id="oc-3fb">
         <name>.text:EUSCI_B_SPI_enable</name>
         <load_address>0x62f0</load_address>
         <run_address>0x62f0</run_address>
         <size>0x16</size>
         <input_file_ref idref="fl-107"/>
      </object_component>
      <object_component id="oc-b8">
         <name>.text:Graphics_setForegroundColor</name>
         <load_address>0x6306</load_address>
         <run_address>0x6306</run_address>
         <size>0x16</size>
         <input_file_ref idref="fl-f7"/>
      </object_component>
      <object_component id="oc-1a7">
         <name>.text:Graphics_translateColorOnDisplay</name>
         <load_address>0x631c</load_address>
         <run_address>0x631c</run_address>
         <size>0x16</size>
         <input_file_ref idref="fl-f8"/>
      </object_component>
      <object_component id="oc-640">
         <name>.text:strchr</name>
         <load_address>0x6332</load_address>
         <run_address>0x6332</run_address>
         <size>0x16</size>
         <input_file_ref idref="fl-ed"/>
      </object_component>
      <object_component id="oc-555">
         <name>.text:strlen</name>
         <load_address>0x6348</load_address>
         <run_address>0x6348</run_address>
         <size>0x14</size>
         <input_file_ref idref="fl-ee"/>
      </object_component>
      <object_component id="oc-ca">
         <name>.text:Graphics_clearDisplay</name>
         <load_address>0x635c</load_address>
         <run_address>0x635c</run_address>
         <size>0x12</size>
         <input_file_ref idref="fl-f7"/>
      </object_component>
      <object_component id="oc-585">
         <name>.text:wcslen</name>
         <load_address>0x636e</load_address>
         <run_address>0x636e</run_address>
         <size>0x12</size>
         <input_file_ref idref="fl-f1"/>
      </object_component>
      <object_component id="oc-1bc">
         <name>.text:ADCIsConversionRunning</name>
         <load_address>0x6380</load_address>
         <run_address>0x6380</run_address>
         <size>0x10</size>
         <input_file_ref idref="fl-101"/>
      </object_component>
      <object_component id="oc-223">
         <name>.text</name>
         <load_address>0x6390</load_address>
         <run_address>0x6390</run_address>
         <size>0x10</size>
         <input_file_ref idref="fl-b"/>
      </object_component>
      <object_component id="oc-1d8">
         <name>.text:__time32</name>
         <load_address>0x63a0</load_address>
         <run_address>0x63a0</run_address>
         <size>0xe</size>
         <input_file_ref idref="fl-da"/>
      </object_component>
      <object_component id="oc-1d">
         <name>.text:decompress:none:__TI_decompress_none</name>
         <load_address>0x63ae</load_address>
         <run_address>0x63ae</run_address>
         <size>0xe</size>
         <input_file_ref idref="fl-d4"/>
      </object_component>
      <object_component id="oc-67">
         <name>.text</name>
         <load_address>0x63bc</load_address>
         <run_address>0x63bc</run_address>
         <size>0xe</size>
         <input_file_ref idref="fl-8"/>
      </object_component>
      <object_component id="oc-49">
         <name>.text:decompress:ZI:__TI_zero_init</name>
         <load_address>0x63ca</load_address>
         <run_address>0x63ca</run_address>
         <size>0xc</size>
         <input_file_ref idref="fl-d3"/>
      </object_component>
      <object_component id="oc-44b">
         <name>.text:_outc</name>
         <load_address>0x63d6</load_address>
         <run_address>0x63d6</run_address>
         <size>0xa</size>
         <input_file_ref idref="fl-cb"/>
      </object_component>
      <object_component id="oc-517">
         <name>.text:__aeabi_errno_addr</name>
         <load_address>0x63e0</load_address>
         <run_address>0x63e0</run_address>
         <size>0x8</size>
         <input_file_ref idref="fl-db"/>
      </object_component>
      <object_component id="oc-48f">
         <name>.text:CPU_wfi</name>
         <load_address>0x63e8</load_address>
         <run_address>0x63e8</run_address>
         <size>0x4</size>
         <input_file_ref idref="fl-10b"/>
      </object_component>
      <object_component id="oc-93">
         <name>.text:_system_pre_init</name>
         <load_address>0x63ec</load_address>
         <run_address>0x63ec</run_address>
         <size>0x4</size>
         <input_file_ref idref="fl-e4"/>
      </object_component>
      <object_component id="oc-144">
         <name>.text:abort:abort</name>
         <load_address>0x63f0</load_address>
         <run_address>0x63f0</run_address>
         <size>0x4</size>
         <input_file_ref idref="fl-e6"/>
      </object_component>
      <object_component id="oc-496">
         <name>.const:.string:g_pucCmsc34Data</name>
         <load_address>0x63f4</load_address>
         <run_address>0x63f4</run_address>
         <size>0xfe5</size>
         <input_file_ref idref="fl-fb"/>
      </object_component>
      <object_component id="oc-4eb">
         <name>.const:.string:g_pucCmsc14Data</name>
         <load_address>0x73d9</load_address>
         <run_address>0x73d9</run_address>
         <size>0x670</size>
         <input_file_ref idref="fl-fa"/>
      </object_component>
      <object_component id="oc-49c">
         <name>.const:.string:g_pucCmsc12Data</name>
         <load_address>0x7a49</load_address>
         <run_address>0x7a49</run_address>
         <size>0x59a</size>
         <input_file_ref idref="fl-f9"/>
      </object_component>
      <object_component id="oc-4de">
         <name>.const:.string:pixel_down_road4BPP_UNCOMP</name>
         <load_address>0x7fe3</load_address>
         <run_address>0x7fe3</run_address>
         <size>0x564</size>
         <input_file_ref idref="fl-5"/>
      </object_component>
      <object_component id="oc-4d6">
         <name>.const:.string:pixel_up_road4BPP_UNCOMP</name>
         <load_address>0x8547</load_address>
         <run_address>0x8547</run_address>
         <size>0x4ec</size>
         <input_file_ref idref="fl-5"/>
      </object_component>
      <object_component id="oc-4f4">
         <name>.const:.string:pixel_game_over4BPP_UNCOMP</name>
         <load_address>0x8a33</load_address>
         <run_address>0x8a33</run_address>
         <size>0x4e0</size>
         <input_file_ref idref="fl-5"/>
      </object_component>
      <object_component id="oc-4cd">
         <name>.const:.string:pixel_flappy_bird4BPP_UNCOMP</name>
         <load_address>0x8f13</load_address>
         <run_address>0x8f13</run_address>
         <size>0x340</size>
         <input_file_ref idref="fl-5"/>
      </object_component>
      <object_component id="oc-20c">
         <name>.const:.string:g_pucFontFixed6x8Data</name>
         <load_address>0x9253</load_address>
         <run_address>0x9253</run_address>
         <size>0x2f8</size>
         <input_file_ref idref="fl-fc"/>
      </object_component>
      <object_component id="oc-4e6">
         <name>.const:.string:pixel_start_button4BPP_UNCOMP</name>
         <load_address>0x954b</load_address>
         <run_address>0x954b</run_address>
         <size>0x2d5</size>
         <input_file_ref idref="fl-5"/>
      </object_component>
      <object_component id="oc-603">
         <name>.const:.string:_ctypes_</name>
         <load_address>0x9820</load_address>
         <run_address>0x9820</run_address>
         <size>0x101</size>
         <input_file_ref idref="fl-eb"/>
      </object_component>
      <object_component id="oc-346">
         <name>.const:g_sFontCmsc12</name>
         <load_address>0x9924</load_address>
         <run_address>0x9924</run_address>
         <size>0xc8</size>
         <input_file_ref idref="fl-f9"/>
      </object_component>
      <object_component id="oc-36c">
         <name>.const:g_sFontCmsc14</name>
         <load_address>0x99ec</load_address>
         <run_address>0x99ec</run_address>
         <size>0xc8</size>
         <input_file_ref idref="fl-fa"/>
      </object_component>
      <object_component id="oc-343">
         <name>.const:g_sFontCmsc34</name>
         <load_address>0x9ab4</load_address>
         <run_address>0x9ab4</run_address>
         <size>0xc8</size>
         <input_file_ref idref="fl-fb"/>
      </object_component>
      <object_component id="oc-106">
         <name>.const:g_sFontFixed6x8</name>
         <load_address>0x9b7c</load_address>
         <run_address>0x9b7c</run_address>
         <size>0xc8</size>
         <input_file_ref idref="fl-fc"/>
      </object_component>
      <object_component id="oc-112">
         <name>.const:handlers</name>
         <load_address>0x9c44</load_address>
         <run_address>0x9c44</run_address>
         <size>0xc8</size>
         <input_file_ref idref="fl-b"/>
      </object_component>
      <object_component id="oc-1c8">
         <name>.const:_ctlRegs</name>
         <load_address>0x9d0c</load_address>
         <run_address>0x9d0c</run_address>
         <size>0x80</size>
         <input_file_ref idref="fl-101"/>
      </object_component>
      <object_component id="oc-42e">
         <name>.const:$O1$$</name>
         <load_address>0x9d8c</load_address>
         <run_address>0x9d8c</run_address>
         <size>0x60</size>
         <input_file_ref idref="fl-d7"/>
      </object_component>
      <object_component id="oc-4db">
         <name>.const:palette_down_road4BPP_UNCOMP</name>
         <load_address>0x9dec</load_address>
         <run_address>0x9dec</run_address>
         <size>0x40</size>
         <input_file_ref idref="fl-5"/>
      </object_component>
      <object_component id="oc-4ca">
         <name>.const:palette_flappy_bird4BPP_UNCOMP</name>
         <load_address>0x9e2c</load_address>
         <run_address>0x9e2c</run_address>
         <size>0x40</size>
         <input_file_ref idref="fl-5"/>
      </object_component>
      <object_component id="oc-4f1">
         <name>.const:palette_game_over4BPP_UNCOMP</name>
         <load_address>0x9e6c</load_address>
         <run_address>0x9e6c</run_address>
         <size>0x40</size>
         <input_file_ref idref="fl-5"/>
      </object_component>
      <object_component id="oc-4d3">
         <name>.const:palette_up_road4BPP_UNCOMP</name>
         <load_address>0x9eac</load_address>
         <run_address>0x9eac</run_address>
         <size>0x40</size>
         <input_file_ref idref="fl-5"/>
      </object_component>
      <object_component id="oc-4e3">
         <name>.const:palette_start_button4BPP_UNCOMP</name>
         <load_address>0x9eec</load_address>
         <run_address>0x9eec</run_address>
         <size>0x3c</size>
         <input_file_ref idref="fl-5"/>
      </object_component>
      <object_component id="oc-207">
         <name>.const:GPIO_PORT_TO_BASE</name>
         <load_address>0x9f28</load_address>
         <run_address>0x9f28</run_address>
         <size>0x30</size>
         <input_file_ref idref="fl-103"/>
      </object_component>
      <object_component id="oc-f7">
         <name>.const:g_sCrystalfontz128x128_funcs</name>
         <load_address>0x9f58</load_address>
         <run_address>0x9f58</run_address>
         <size>0x20</size>
         <input_file_ref idref="fl-d"/>
      </object_component>
      <object_component id="oc-28a">
         <name>.const:$P$T0$1</name>
         <load_address>0x9f78</load_address>
         <run_address>0x9f78</run_address>
         <size>0x1c</size>
         <input_file_ref idref="fl-e"/>
      </object_component>
      <object_component id="oc-109">
         <name>.const:$P$T0$1</name>
         <load_address>0x9f94</load_address>
         <run_address>0x9f94</run_address>
         <size>0x18</size>
         <input_file_ref idref="fl-6"/>
      </object_component>
      <object_component id="oc-314">
         <name>.const:$P$T0$3</name>
         <load_address>0x9fac</load_address>
         <run_address>0x9fac</run_address>
         <size>0x18</size>
         <input_file_ref idref="fl-3"/>
      </object_component>
      <object_component id="oc-10c">
         <name>.const:$P$T1$2</name>
         <load_address>0x9fc4</load_address>
         <run_address>0x9fc4</run_address>
         <size>0x18</size>
         <input_file_ref idref="fl-6"/>
      </object_component>
      <object_component id="oc-317">
         <name>.const:$P$T1$4</name>
         <load_address>0x9fdc</load_address>
         <run_address>0x9fdc</run_address>
         <size>0x10</size>
         <input_file_ref idref="fl-3"/>
      </object_component>
      <object_component id="oc-366">
         <name>.const:down_road4BPP_UNCOMP</name>
         <load_address>0x9fec</load_address>
         <run_address>0x9fec</run_address>
         <size>0x10</size>
         <input_file_ref idref="fl-5"/>
      </object_component>
      <object_component id="oc-360">
         <name>.const:flappy_bird4BPP_UNCOMP</name>
         <load_address>0x9ffc</load_address>
         <run_address>0x9ffc</run_address>
         <size>0x10</size>
         <input_file_ref idref="fl-5"/>
      </object_component>
      <object_component id="oc-36f">
         <name>.const:game_over4BPP_UNCOMP</name>
         <load_address>0xa00c</load_address>
         <run_address>0xa00c</run_address>
         <size>0x10</size>
         <input_file_ref idref="fl-5"/>
      </object_component>
      <object_component id="oc-369">
         <name>.const:start_button4BPP_UNCOMP</name>
         <load_address>0xa01c</load_address>
         <run_address>0xa01c</run_address>
         <size>0x10</size>
         <input_file_ref idref="fl-5"/>
      </object_component>
      <object_component id="oc-363">
         <name>.const:up_road4BPP_UNCOMP</name>
         <load_address>0xa02c</load_address>
         <run_address>0xa02c</run_address>
         <size>0x10</size>
         <input_file_ref idref="fl-5"/>
      </object_component>
      <object_component id="oc-1a1">
         <name>.const:$P$T0$1</name>
         <load_address>0xa03c</load_address>
         <run_address>0xa03c</run_address>
         <size>0x8</size>
         <input_file_ref idref="fl-d"/>
      </object_component>
      <object_component id="oc-39b">
         <name>.const:$P$T0$5</name>
         <load_address>0xa044</load_address>
         <run_address>0xa044</run_address>
         <size>0x8</size>
         <input_file_ref idref="fl-2"/>
      </object_component>
      <object_component id="oc-39e">
         <name>.const:$P$T1$6</name>
         <load_address>0xa04c</load_address>
         <run_address>0xa04c</run_address>
         <size>0x8</size>
         <input_file_ref idref="fl-2"/>
      </object_component>
      <object_component id="oc-3a1">
         <name>.const:$P$T2$7</name>
         <load_address>0xa054</load_address>
         <run_address>0xa054</run_address>
         <size>0x8</size>
         <input_file_ref idref="fl-2"/>
      </object_component>
      <object_component id="oc-3a4">
         <name>.const:$P$T3$8</name>
         <load_address>0xa05c</load_address>
         <run_address>0xa05c</run_address>
         <size>0x8</size>
         <input_file_ref idref="fl-2"/>
      </object_component>
      <object_component id="oc-3a7">
         <name>.const:$P$T4$9</name>
         <load_address>0xa064</load_address>
         <run_address>0xa064</run_address>
         <size>0x8</size>
         <input_file_ref idref="fl-2"/>
      </object_component>
      <object_component id="oc-1f7">
         <name>.const:g_pulEnRegs</name>
         <load_address>0xa06c</load_address>
         <run_address>0xa06c</run_address>
         <size>0x8</size>
         <input_file_ref idref="fl-104"/>
      </object_component>
      <object_component id="oc-6f6">
         <name>.cinit..data.load</name>
         <load_address>0xa078</load_address>
         <run_address>0xa078</run_address>
         <size>0x6b</size>
      </object_component>
      <object_component id="oc-6f4">
         <name>__TI_handler_table</name>
         <load_address>0xa0e4</load_address>
         <run_address>0xa0e4</run_address>
         <size>0xc</size>
      </object_component>
      <object_component id="oc-6f7">
         <name>.cinit..bss.load</name>
         <load_address>0xa0f0</load_address>
         <run_address>0xa0f0</run_address>
         <size>0x8</size>
      </object_component>
      <object_component id="oc-6f5">
         <name>__TI_cinit_table</name>
         <load_address>0xa0f8</load_address>
         <run_address>0xa0f8</run_address>
         <size>0x10</size>
      </object_component>
      <object_component id="oc-6c8">
         <name>.binit</name>
         <load_address>0x0</load_address>
         <run_address>0x0</run_address>
         <size>0x0</size>
      </object_component>
      <object_component id="oc-393">
         <name>.data</name>
         <load_address>0x200005a0</load_address>
         <run_address>0x200005a0</run_address>
         <size>0x44</size>
         <input_file_ref idref="fl-2"/>
      </object_component>
      <object_component id="oc-2ff">
         <name>.data</name>
         <load_address>0x20000608</load_address>
         <run_address>0x20000608</run_address>
         <size>0x23</size>
         <input_file_ref idref="fl-3"/>
      </object_component>
      <object_component id="oc-359">
         <name>.data</name>
         <load_address>0x200006a8</load_address>
         <run_address>0x200006a8</run_address>
         <size>0x9</size>
         <input_file_ref idref="fl-4"/>
      </object_component>
      <object_component id="oc-35d">
         <name>.data:shifter</name>
         <load_address>0x2000068c</load_address>
         <run_address>0x2000068c</run_address>
         <size>0x10</size>
         <input_file_ref idref="fl-4"/>
      </object_component>
      <object_component id="oc-337">
         <name>.data</name>
         <load_address>0x2000069c</load_address>
         <run_address>0x2000069c</run_address>
         <size>0xc</size>
         <input_file_ref idref="fl-7"/>
      </object_component>
      <object_component id="oc-182">
         <name>.data</name>
         <load_address>0x200006c8</load_address>
         <run_address>0x200006c8</run_address>
         <size>0x4</size>
         <input_file_ref idref="fl-9"/>
      </object_component>
      <object_component id="oc-1ea">
         <name>.data:ClockTime</name>
         <load_address>0x2000064c</load_address>
         <run_address>0x2000064c</run_address>
         <size>0x20</size>
         <input_file_ref idref="fl-a"/>
      </object_component>
      <object_component id="oc-1ed">
         <name>.data:ClockDate</name>
         <load_address>0x2000062c</load_address>
         <run_address>0x2000062c</run_address>
         <size>0x20</size>
         <input_file_ref idref="fl-a"/>
      </object_component>
      <object_component id="oc-10f">
         <name>.data</name>
         <load_address>0x2000062b</load_address>
         <run_address>0x2000062b</run_address>
         <size>0x1</size>
         <input_file_ref idref="fl-b"/>
      </object_component>
      <object_component id="oc-349">
         <name>.data</name>
         <load_address>0x200006bc</load_address>
         <run_address>0x200006bc</run_address>
         <size>0x8</size>
         <input_file_ref idref="fl-c"/>
      </object_component>
      <object_component id="oc-f4">
         <name>.data:g_sCrystalfontz128x128</name>
         <load_address>0x2000067c</load_address>
         <run_address>0x2000067c</run_address>
         <size>0x10</size>
         <input_file_ref idref="fl-d"/>
      </object_component>
      <object_component id="oc-2dd">
         <name>.data:local_tm</name>
         <load_address>0x200005e4</load_address>
         <run_address>0x200005e4</run_address>
         <size>0x24</size>
         <input_file_ref idref="fl-d6"/>
      </object_component>
      <object_component id="oc-2da">
         <name>.data:_tz</name>
         <load_address>0x2000066c</load_address>
         <run_address>0x2000066c</run_address>
         <size>0x10</size>
         <input_file_ref idref="fl-d8"/>
      </object_component>
      <object_component id="oc-5f3">
         <name>.data</name>
         <load_address>0x200006c4</load_address>
         <run_address>0x200006c4</run_address>
         <size>0x4</size>
         <input_file_ref idref="fl-db"/>
      </object_component>
      <object_component id="oc-254">
         <name>.data:$O1$$</name>
         <load_address>0x200006b4</load_address>
         <run_address>0x200006b4</run_address>
         <size>0x8</size>
         <input_file_ref idref="fl-e7"/>
      </object_component>
      <object_component id="oc-53c">
         <name>.bss:_CIOBUF_</name>
         <uninitialized>true</uninitialized>
         <run_address>0x20000400</run_address>
         <size>0x120</size>
         <input_file_ref idref="fl-f0"/>
      </object_component>
      <object_component id="oc-5ca">
         <name>.bss:g_pulConvertedPalette</name>
         <uninitialized>true</uninitialized>
         <run_address>0x20000000</run_address>
         <size>0x400</size>
         <input_file_ref idref="fl-fd"/>
      </object_component>
      <object_component id="oc-5bd">
         <name>.bss</name>
         <uninitialized>true</uninitialized>
         <run_address>0x20000574</run_address>
         <size>0x8</size>
         <input_file_ref idref="fl-102"/>
      </object_component>
      <object_component id="oc-372">
         <name>.common:score_string</name>
         <uninitialized>true</uninitialized>
         <run_address>0x20000568</run_address>
         <size>0xc</size>
      </object_component>
      <object_component id="oc-35c">
         <name>.common:pipe_index</name>
         <uninitialized>true</uninitialized>
         <run_address>0x2000058c</run_address>
         <size>0x4</size>
      </object_component>
      <object_component id="oc-354">
         <name>.common:flappy</name>
         <uninitialized>true</uninitialized>
         <run_address>0x20000520</run_address>
         <size>0x18</size>
      </object_component>
      <object_component id="oc-357">
         <name>.common:pipe1</name>
         <uninitialized>true</uninitialized>
         <run_address>0x20000538</run_address>
         <size>0x18</size>
      </object_component>
      <object_component id="oc-358">
         <name>.common:pipe2</name>
         <uninitialized>true</uninitialized>
         <run_address>0x20000550</run_address>
         <size>0x18</size>
      </object_component>
      <object_component id="oc-115">
         <name>.common:conversion_values</name>
         <uninitialized>true</uninitialized>
         <run_address>0x2000057c</run_address>
         <size>0x8</size>
      </object_component>
      <object_component id="oc-1a0">
         <name>.common:Lcd_Orientation</name>
         <uninitialized>true</uninitialized>
         <run_address>0x20000598</run_address>
         <size>0x1</size>
      </object_component>
      <object_component id="oc-198">
         <name>.common:Lcd_ScreenWidth</name>
         <uninitialized>true</uninitialized>
         <run_address>0x20000592</run_address>
         <size>0x2</size>
      </object_component>
      <object_component id="oc-19b">
         <name>.common:Lcd_ScreenHeigth</name>
         <uninitialized>true</uninitialized>
         <run_address>0x20000590</run_address>
         <size>0x2</size>
      </object_component>
      <object_component id="oc-19c">
         <name>.common:Lcd_PenSolid</name>
         <uninitialized>true</uninitialized>
         <run_address>0x20000599</run_address>
         <size>0x1</size>
      </object_component>
      <object_component id="oc-19d">
         <name>.common:Lcd_FontSolid</name>
         <uninitialized>true</uninitialized>
         <run_address>0x20000597</run_address>
         <size>0x1</size>
      </object_component>
      <object_component id="oc-19e">
         <name>.common:Lcd_FlagRead</name>
         <uninitialized>true</uninitialized>
         <run_address>0x20000596</run_address>
         <size>0x1</size>
      </object_component>
      <object_component id="oc-19f">
         <name>.common:Lcd_TouchTrim</name>
         <uninitialized>true</uninitialized>
         <run_address>0x20000594</run_address>
         <size>0x2</size>
      </object_component>
      <object_component id="oc-413">
         <name>.common:parmbuf</name>
         <uninitialized>true</uninitialized>
         <run_address>0x20000584</run_address>
         <size>0x8</size>
      </object_component>
      <object_component id="oc-29">
         <name>.stack</name>
         <uninitialized>true</uninitialized>
         <run_address>0x2000fe00</run_address>
         <size>0x4</size>
         <input_file_ref idref="fl-d9"/>
      </object_component>
      <object_component id="oc-6f9">
         <name>.stack</name>
         <uninitialized>true</uninitialized>
         <run_address>0x2000fe00</run_address>
         <size>0x0</size>
      </object_component>
      <object_component id="oc-24a">
         <name>.debug_info</name>
         <load_address>0x0</load_address>
         <run_address>0x0</run_address>
         <size>0xb0d</size>
         <input_file_ref idref="fl-2"/>
      </object_component>
      <object_component id="oc-394">
         <name>.debug_info</name>
         <load_address>0xb0d</load_address>
         <run_address>0xb0d</run_address>
         <size>0x208</size>
         <input_file_ref idref="fl-2"/>
      </object_component>
      <object_component id="oc-39c">
         <name>.debug_info</name>
         <load_address>0xd15</load_address>
         <run_address>0xd15</run_address>
         <size>0xd1</size>
         <input_file_ref idref="fl-2"/>
      </object_component>
      <object_component id="oc-39f">
         <name>.debug_info</name>
         <load_address>0xde6</load_address>
         <run_address>0xde6</run_address>
         <size>0xd1</size>
         <input_file_ref idref="fl-2"/>
      </object_component>
      <object_component id="oc-3a2">
         <name>.debug_info</name>
         <load_address>0xeb7</load_address>
         <run_address>0xeb7</run_address>
         <size>0xd1</size>
         <input_file_ref idref="fl-2"/>
      </object_component>
      <object_component id="oc-3a5">
         <name>.debug_info</name>
         <load_address>0xf88</load_address>
         <run_address>0xf88</run_address>
         <size>0xd1</size>
         <input_file_ref idref="fl-2"/>
      </object_component>
      <object_component id="oc-3a8">
         <name>.debug_info</name>
         <load_address>0x1059</load_address>
         <run_address>0x1059</run_address>
         <size>0xd1</size>
         <input_file_ref idref="fl-2"/>
      </object_component>
      <object_component id="oc-236">
         <name>.debug_info</name>
         <load_address>0x112a</load_address>
         <run_address>0x112a</run_address>
         <size>0xd87</size>
         <input_file_ref idref="fl-2"/>
      </object_component>
      <object_component id="oc-218">
         <name>.debug_info</name>
         <load_address>0x1eb1</load_address>
         <run_address>0x1eb1</run_address>
         <size>0x164</size>
         <input_file_ref idref="fl-2"/>
      </object_component>
      <object_component id="oc-507">
         <name>.debug_info</name>
         <load_address>0x2015</load_address>
         <run_address>0x2015</run_address>
         <size>0x48</size>
         <input_file_ref idref="fl-2"/>
      </object_component>
      <object_component id="oc-4c3">
         <name>.debug_info</name>
         <load_address>0x205d</load_address>
         <run_address>0x205d</run_address>
         <size>0x5a</size>
         <input_file_ref idref="fl-2"/>
      </object_component>
      <object_component id="oc-31e">
         <name>.debug_info</name>
         <load_address>0x20b7</load_address>
         <run_address>0x20b7</run_address>
         <size>0xed</size>
         <input_file_ref idref="fl-2"/>
      </object_component>
      <object_component id="oc-12f">
         <name>.debug_info</name>
         <load_address>0x21a4</load_address>
         <run_address>0x21a4</run_address>
         <size>0x26b</size>
         <input_file_ref idref="fl-2"/>
      </object_component>
      <object_component id="oc-245">
         <name>.debug_info</name>
         <load_address>0x240f</load_address>
         <run_address>0x240f</run_address>
         <size>0x1055</size>
         <input_file_ref idref="fl-2"/>
      </object_component>
      <object_component id="oc-3c5">
         <name>.debug_info</name>
         <load_address>0x3464</load_address>
         <run_address>0x3464</run_address>
         <size>0x37e2</size>
         <input_file_ref idref="fl-2"/>
      </object_component>
      <object_component id="oc-11e">
         <name>.debug_info</name>
         <load_address>0x6c46</load_address>
         <run_address>0x6c46</run_address>
         <size>0x439</size>
         <input_file_ref idref="fl-2"/>
      </object_component>
      <object_component id="oc-119">
         <name>.debug_info</name>
         <load_address>0x707f</load_address>
         <run_address>0x707f</run_address>
         <size>0x341</size>
         <input_file_ref idref="fl-2"/>
      </object_component>
      <object_component id="oc-1cc">
         <name>.debug_info</name>
         <load_address>0x73c0</load_address>
         <run_address>0x73c0</run_address>
         <size>0x8b</size>
         <input_file_ref idref="fl-2"/>
      </object_component>
      <object_component id="oc-24b">
         <name>.debug_info</name>
         <load_address>0x744b</load_address>
         <run_address>0x744b</run_address>
         <size>0x2a4</size>
         <input_file_ref idref="fl-2"/>
      </object_component>
      <object_component id="oc-128">
         <name>.debug_info</name>
         <load_address>0x76ef</load_address>
         <run_address>0x76ef</run_address>
         <size>0xef</size>
         <input_file_ref idref="fl-2"/>
      </object_component>
      <object_component id="oc-123">
         <name>.debug_info</name>
         <load_address>0x77de</load_address>
         <run_address>0x77de</run_address>
         <size>0xbb</size>
         <input_file_ref idref="fl-2"/>
      </object_component>
      <object_component id="oc-453">
         <name>.debug_info</name>
         <load_address>0x7899</load_address>
         <run_address>0x7899</run_address>
         <size>0x2c</size>
         <input_file_ref idref="fl-2"/>
      </object_component>
      <object_component id="oc-28e">
         <name>.debug_info</name>
         <load_address>0x78c5</load_address>
         <run_address>0x78c5</run_address>
         <size>0x131</size>
         <input_file_ref idref="fl-2"/>
      </object_component>
      <object_component id="oc-31b">
         <name>.debug_info</name>
         <load_address>0x79f6</load_address>
         <run_address>0x79f6</run_address>
         <size>0xa11</size>
         <input_file_ref idref="fl-3"/>
      </object_component>
      <object_component id="oc-300">
         <name>.debug_info</name>
         <load_address>0x8407</load_address>
         <run_address>0x8407</run_address>
         <size>0x2a2</size>
         <input_file_ref idref="fl-3"/>
      </object_component>
      <object_component id="oc-315">
         <name>.debug_info</name>
         <load_address>0x86a9</load_address>
         <run_address>0x86a9</run_address>
         <size>0xc7</size>
         <input_file_ref idref="fl-3"/>
      </object_component>
      <object_component id="oc-318">
         <name>.debug_info</name>
         <load_address>0x8770</load_address>
         <run_address>0x8770</run_address>
         <size>0xc7</size>
         <input_file_ref idref="fl-3"/>
      </object_component>
      <object_component id="oc-1e5">
         <name>.debug_info</name>
         <load_address>0x8837</load_address>
         <run_address>0x8837</run_address>
         <size>0xf12</size>
         <input_file_ref idref="fl-3"/>
      </object_component>
      <object_component id="oc-240">
         <name>.debug_info</name>
         <load_address>0x9749</load_address>
         <run_address>0x9749</run_address>
         <size>0x37e2</size>
         <input_file_ref idref="fl-3"/>
      </object_component>
      <object_component id="oc-327">
         <name>.debug_info</name>
         <load_address>0xcf2b</load_address>
         <run_address>0xcf2b</run_address>
         <size>0x35</size>
         <input_file_ref idref="fl-3"/>
      </object_component>
      <object_component id="oc-355">
         <name>.debug_info</name>
         <load_address>0xcf60</load_address>
         <run_address>0xcf60</run_address>
         <size>0xaae</size>
         <input_file_ref idref="fl-4"/>
      </object_component>
      <object_component id="oc-35a">
         <name>.debug_info</name>
         <load_address>0xda0e</load_address>
         <run_address>0xda0e</run_address>
         <size>0x14a</size>
         <input_file_ref idref="fl-4"/>
      </object_component>
      <object_component id="oc-35e">
         <name>.debug_info</name>
         <load_address>0xdb58</load_address>
         <run_address>0xdb58</run_address>
         <size>0xc6</size>
         <input_file_ref idref="fl-4"/>
      </object_component>
[...]
      </symbol>
      <symbol id="sm-83c">
         <name>__aeabi_memclr8</name>
         <value>0x5689</value>
         <object_component_ref idref="oc-8d"/>
      </symbol>
      <symbol id="sm-83d">
         <name>__aeabi_memclr4</name>
         <value>0x5689</value>
         <object_component_ref idref="oc-8d"/>
      </symbol>
      <symbol id="sm-83e">
         <name>__aeabi_memclr</name>
         <value>0x5689</value>
         <object_component_ref idref="oc-8d"/>
      </symbol>
      <symbol id="sm-84d">
         <name>__aeabi_uidivmod</name>
         <value>0x5d95</value>
         <object_component_ref idref="oc-2cf"/>
      </symbol>
      <symbol id="sm-84e">
         <name>__aeabi_uidiv</name>
         <value>0x5d95</value>
         <object_component_ref idref="oc-2cf"/>
      </symbol>
      <symbol id="sm-85c">
         <name>__aeabi_ldivmod</name>
         <value>0x5771</value>
         <object_component_ref idref="oc-429"/>
      </symbol>
      <symbol id="sm-869">
         <name>__aeabi_uldivmod</name>
         <value>0x5249</value>
         <object_component_ref idref="oc-54a"/>
      </symbol>
      <symbol id="sm-891">
         <name>__TI_auto_init_nobinit_nopinit</name>
         <value>0x5c91</value>
         <object_component_ref idref="oc-150"/>
      </symbol>
      <symbol id="sm-89b">
         <name>_system_pre_init</name>
         <value>0x63ed</value>
         <object_component_ref idref="oc-93"/>
      </symbol>
      <symbol id="sm-8a7">
         <name>C$$EXIT</name>
         <value>0x63f1</value>
         <object_component_ref idref="oc-144"/>
      </symbol>
      <symbol id="sm-8a8">
         <name>abort</name>
         <value>0x63f1</value>
         <object_component_ref idref="oc-144"/>
      </symbol>
      <symbol id="sm-8bd">
         <name>_nop</name>
         <value>0xb33</value>
         <object_component_ref idref="oc-3cc"/>
      </symbol>
      <symbol id="sm-8be">
         <name>_lock</name>
         <value>0x200006b4</value>
         <object_component_ref idref="oc-254"/>
      </symbol>
      <symbol id="sm-8bf">
         <name>_unlock</name>
         <value>0x200006b8</value>
         <object_component_ref idref="oc-254"/>
      </symbol>
      <symbol id="sm-8ce">
         <name>__TI_ltoa</name>
         <value>0x5a2b</value>
         <object_component_ref idref="oc-609"/>
      </symbol>
      <symbol id="sm-8e5">
         <name>atoi</name>
         <value>0x5b25</value>
         <object_component_ref idref="oc-55b"/>
      </symbol>
      <symbol id="sm-8f0">
         <name>_ctypes_</name>
         <value>0x9820</value>
         <object_component_ref idref="oc-603"/>
      </symbol>
      <symbol id="sm-900">
         <name>memccpy</name>
         <value>0x623f</value>
         <object_component_ref idref="oc-57f"/>
      </symbol>
      <symbol id="sm-910">
         <name>strchr</name>
         <value>0x6333</value>
         <object_component_ref idref="oc-640"/>
      </symbol>
      <symbol id="sm-91e">
         <name>strlen</name>
         <value>0x6349</value>
         <object_component_ref idref="oc-555"/>
      </symbol>
      <symbol id="sm-936">
         <name>HOSTtime</name>
         <value>0x5bb9</value>
         <object_component_ref idref="oc-2c2"/>
      </symbol>
      <symbol id="sm-95a">
         <name>__TI_readmsg</name>
         <value>0x5f31</value>
         <object_component_ref idref="oc-40d"/>
      </symbol>
      <symbol id="sm-95b">
         <name>C$$IO$$</name>
         <value>0x5e83</value>
         <object_component_ref idref="oc-407"/>
      </symbol>
      <symbol id="sm-95c">
         <name>__CIOBUF_</name>
         <value>0x20000400</value>
         <object_component_ref idref="oc-53c"/>
      </symbol>
      <symbol id="sm-95d">
         <name>__TI_writemsg</name>
         <value>0x5e55</value>
         <object_component_ref idref="oc-407"/>
      </symbol>
      <symbol id="sm-976">
         <name>wcslen</name>
         <value>0x636f</value>
         <object_component_ref idref="oc-585"/>
      </symbol>
      <symbol id="sm-996">
         <name>frexpl</name>
         <value>0x58b5</value>
         <object_component_ref idref="oc-634"/>
      </symbol>
      <symbol id="sm-997">
         <name>frexp</name>
         <value>0x58b5</value>
         <object_component_ref idref="oc-634"/>
      </symbol>
      <symbol id="sm-9b4">
         <name>scalbn</name>
         <value>0x4681</value>
         <object_component_ref idref="oc-63a"/>
      </symbol>
      <symbol id="sm-9b5">
         <name>scalbnl</name>
         <value>0x4681</value>
         <object_component_ref idref="oc-63a"/>
      </symbol>
      <symbol id="sm-9b6">
         <name>ldexpl</name>
         <value>0x4681</value>
         <object_component_ref idref="oc-63a"/>
      </symbol>
      <symbol id="sm-9b7">
         <name>ldexp</name>
         <value>0x4681</value>
         <object_component_ref idref="oc-63a"/>
      </symbol>
      <symbol id="sm-9c1">
         <name>__aeabi_idiv0</name>
         <value>0x293b</value>
         <object_component_ref idref="oc-423"/>
      </symbol>
      <symbol id="sm-9c2">
         <name>__aeabi_ldiv0</name>
         <value>0x293b</value>
         <object_component_ref idref="oc-423"/>
      </symbol>
      <symbol id="sm-9c8">
         <name>parmbuf</name>
         <value>0x20000584</value>
      </symbol>
      <symbol id="sm-9d2">
         <name>copysign</name>
         <value>0x62a9</value>
         <object_component_ref idref="oc-691"/>
      </symbol>
      <symbol id="sm-9d3">
         <name>copysignl</name>
         <value>0x62a9</value>
         <object_component_ref idref="oc-691"/>
      </symbol>
      <symbol id="sm-a19">
         <name>Graphics_setBackgroundColor</name>
         <value>0x6275</value>
         <object_component_ref idref="oc-be"/>
      </symbol>
      <symbol id="sm-a1a">
         <name>Graphics_setFont</name>
         <value>0x628f</value>
         <object_component_ref idref="oc-c4"/>
      </symbol>
      <symbol id="sm-a1b">
         <name>Graphics_initContext</name>
         <value>0x5a7f</value>
         <object_component_ref idref="oc-b2"/>
      </symbol>
      <symbol id="sm-a1c">
         <name>Graphics_setForegroundColor</name>
         <value>0x6307</value>
         <object_component_ref idref="oc-b8"/>
      </symbol>
      <symbol id="sm-a1d">
         <name>Graphics_clearDisplay</name>
         <value>0x635d</value>
         <object_component_ref idref="oc-ca"/>
      </symbol>
      <symbol id="sm-a5a">
         <name>Graphics_clearDisplayOnDisplay</name>
         <value>0x625b</value>
         <object_component_ref idref="oc-1b5"/>
      </symbol>
      <symbol id="sm-a5b">
         <name>Graphics_drawPixelOnDisplay</name>
         <value>0x6027</value>
         <object_component_ref idref="oc-4b2"/>
      </symbol>
      <symbol id="sm-a5c">
         <name>Graphics_translateColorOnDisplay</name>
         <value>0x631d</value>
         <object_component_ref idref="oc-1a7"/>
      </symbol>
      <symbol id="sm-a5d">
         <name>Graphics_drawHorizontalLineOnDisplay</name>
         <value>0x5ec5</value>
         <object_component_ref idref="oc-5ec"/>
      </symbol>
      <symbol id="sm-a5e">
         <name>Graphics_drawVerticalLineOnDisplay</name>
         <value>0x5efb</value>
         <object_component_ref idref="oc-46e"/>
      </symbol>
      <symbol id="sm-a5f">
         <name>Graphics_drawMultiplePixelsOnDisplay</name>
         <value>0x5c49</value>
         <object_component_ref idref="oc-4ac"/>
      </symbol>
      <symbol id="sm-a60">
         <name>Graphics_fillRectangleOnDisplay</name>
         <value>0x6205</value>
         <object_component_ref idref="oc-466"/>
      </symbol>
      <symbol id="sm-a72">
         <name>g_sFontCmsc12</name>
         <value>0x9924</value>
         <object_component_ref idref="oc-346"/>
      </symbol>
      <symbol id="sm-a84">
         <name>g_sFontCmsc14</name>
         <value>0x99ec</value>
         <object_component_ref idref="oc-36c"/>
      </symbol>
      <symbol id="sm-a96">
         <name>g_sFontCmsc34</name>
         <value>0x9ab4</value>
         <object_component_ref idref="oc-343"/>
      </symbol>
      <symbol id="sm-aa8">
         <name>g_sFontFixed6x8</name>
         <value>0x9b7c</value>
         <object_component_ref idref="oc-106"/>
      </symbol>
      <symbol id="sm-ade">
         <name>Graphics_drawImage</name>
         <value>0x2d01</value>
         <object_component_ref idref="oc-34e"/>
      </symbol>
      <symbol id="sm-aff">
         <name>Graphics_drawLineH</name>
         <value>0x5075</value>
         <object_component_ref idref="oc-4fb"/>
      </symbol>
      <symbol id="sm-b00">
         <name>Graphics_drawLineV</name>
         <value>0x5111</value>
         <object_component_ref idref="oc-2f9"/>
      </symbol>
      <symbol id="sm-b20">
         <name>Graphics_drawRectangle</name>
         <value>0x4fd3</value>
         <object_component_ref idref="oc-37e"/>
      </symbol>
      <symbol id="sm-b21">
         <name>Graphics_fillRectangle</name>
         <value>0x456d</value>
         <object_component_ref idref="oc-2f3"/>
      </symbol>
      <symbol id="sm-b79">
         <name>Graphics_drawStringCentered</name>
         <value>0x5b71</value>
         <object_component_ref idref="oc-2ed"/>
      </symbol>
      <symbol id="sm-b7a">
         <name>Graphics_drawString</name>
         <value>0x24bd</value>
         <object_component_ref idref="oc-45e"/>
      </symbol>
      <symbol id="sm-b7b">
         <name>Graphics_getStringWidth</name>
         <value>0x4991</value>
         <object_component_ref idref="oc-458"/>
      </symbol>
      <symbol id="sm-c02">
         <name>ADC14_configureMultiSequenceMode</name>
         <value>0x4dbd</value>
         <object_component_ref idref="oc-d0"/>
      </symbol>
      <symbol id="sm-c03">
         <name>ADC14_configureConversionMemory</name>
         <value>0x4d09</value>
         <object_component_ref idref="oc-d6"/>
      </symbol>
      <symbol id="sm-c04">
         <name>ADC14_getResult</name>
         <value>0x6081</value>
         <object_component_ref idref="oc-e8"/>
      </symbol>
      <symbol id="sm-c8b">
         <name>CS_clearInterruptFlag</name>
         <value>0x5f99</value>
         <object_component_ref idref="oc-5b1"/>
      </symbol>
      <symbol id="sm-c8c">
         <name>CS_getDCOFrequency</name>
         <value>0x4a8d</value>
         <object_component_ref idref="oc-5b7"/>
      </symbol>
      <symbol id="sm-c8d">
         <name>CS_getSMCLK</name>
         <value>0x60a9</value>
         <object_component_ref idref="oc-30e"/>
      </symbol>
      <symbol id="sm-d0d">
         <name>GPIO_setOutputHighOnPin</name>
         <value>0x60f9</value>
         <object_component_ref idref="oc-192"/>
      </symbol>
      <symbol id="sm-d0e">
         <name>GPIO_setAsInputPinWithPullUpResistor</name>
         <value>0x597d</value>
         <object_component_ref idref="oc-302"/>
      </symbol>
      <symbol id="sm-d0f">
         <name>GPIO_getInterruptStatus</name>
         <value>0x61c1</value>
         <object_component_ref idref="oc-201"/>
      </symbol>
      <symbol id="sm-d10">
         <name>GPIO_getEnabledInterruptStatus</name>
         <value>0x5509</value>
         <object_component_ref idref="oc-fa"/>
      </symbol>
      <symbol id="sm-d11">
         <name>GPIO_setAsOutputPin</name>
         <value>0x5cd5</value>
         <object_component_ref idref="oc-278"/>
      </symbol>
      <symbol id="sm-d12">
         <name>GPIO_setOutputLowOnPin</name>
         <value>0x6121</value>
         <object_component_ref idref="oc-18c"/>
      </symbol>
      <symbol id="sm-d13">
         <name>GPIO_clearInterruptFlag</name>
         <value>0x60d1</value>
         <object_component_ref idref="oc-100"/>
      </symbol>
      <symbol id="sm-d14">
         <name>GPIO_toggleOutputOnPin</name>
         <value>0x6149</value>
         <object_component_ref idref="oc-3b5"/>
      </symbol>
      <symbol id="sm-d15">
         <name>GPIO_setAsPeripheralModuleFunctionOutputPin</name>
         <value>0x5375</value>
         <object_component_ref idref="oc-272"/>
      </symbol>
      <symbol id="sm-d16">
         <name>GPIO_getInputPinValue</name>
         <value>0x5fc9</value>
         <object_component_ref idref="oc-308"/>
      </symbol>
      <symbol id="sm-d33">
         <name>Interrupt_enableInterrupt</name>
         <value>0x558d</value>
         <object_component_ref idref="oc-e2"/>
      </symbol>
      <symbol id="sm-d42">
         <name>PCM_gotoLPM0</name>
         <value>0x6171</value>
         <object_component_ref idref="oc-33d"/>
      </symbol>
      <symbol id="sm-d82">
         <name>EUSCI_B_SPI_enable</name>
         <value>0x62f1</value>
         <object_component_ref idref="oc-3fb"/>
      </symbol>
      <symbol id="sm-d83">
         <name>SPI_enableModule</name>
         <value>0x6223</value>
         <object_component_ref idref="oc-284"/>
      </symbol>
      <symbol id="sm-d84">
         <name>EUSCI_A_SPI_enable</name>
         <value>0x62db</value>
         <object_component_ref idref="oc-3f5"/>
      </symbol>
      <symbol id="sm-d85">
         <name>SPI_initMaster</name>
         <value>0x4f23</value>
         <object_component_ref idref="oc-27e"/>
      </symbol>
      <symbol id="sm-d9b">
         <name>SysCtl_A_getTLVInfo</name>
         <value>0x52e1</value>
         <object_component_ref idref="oc-664"/>
      </symbol>
      <symbol id="sm-da7">
         <name>Timer_A_clearCaptureCompareInterrupt</name>
         <value>0x6055</value>
         <object_component_ref idref="oc-ee"/>
      </symbol>
      <symbol id="sm-db2">
         <name>CPU_wfi</name>
         <value>0x63e9</value>
         <object_component_ref idref="oc-48f"/>
      </symbol>
      <symbol id="sm-db3">
         <name>__TI_static_base__</name>
         <value>0x0</value>
      </symbol>
      <symbol id="sm-db6">
         <name>__mpu_init</name>
         <value>0x0</value>
      </symbol>
      <symbol id="sm-db7">
         <name>_system_post_cinit</name>
         <value>0x0</value>
      </symbol>
      <symbol id="sm-db8">
         <name>NMI_Handler</name>
         <value>0x63c9</value>
      </symbol>
      <symbol id="sm-db9">
         <name>HardFault_Handler</name>
         <value>0x63c9</value>
      </symbol>
      <symbol id="sm-dba">
         <name>MemManage_Handler</name>
         <value>0x63c9</value>
      </symbol>
      <symbol id="sm-dbb">
         <name>BusFault_Handler</name>
         <value>0x63c9</value>
      </symbol>
      <symbol id="sm-dbc">
         <name>UsageFault_Handler</name>
         <value>0x63c9</value>
      </symbol>
      <symbol id="sm-dbd">
         <name>SVC_Handler</name>
         <value>0x63c9</value>
      </symbol>
      <symbol id="sm-dbe">
         <name>DebugMon_Handler</name>
         <value>0x63c9</value>
      </symbol>
      <symbol id="sm-dbf">
         <name>PendSV_Handler</name>
         <value>0x63c9</value>
      </symbol>
      <symbol id="sm-dc0">
         <name>SysTick_Handler</name>
         <value>0x63c9</value>
      </symbol>
      <symbol id="sm-dc1">
         <name>PSS_IRQHandler</name>
         <value>0x63c9</value>
      </symbol>
      <symbol id="sm-dc2">
         <name>CS_IRQHandler</name>
         <value>0x63c9</value>
      </symbol>
      <symbol id="sm-dc3">
         <name>PCM_IRQHandler</name>
         <value>0x63c9</value>
      </symbol>
      <symbol id="sm-dc4">
         <name>WDT_A_IRQHandler</name>
         <value>0x63c9</value>
      </symbol>
      <symbol id="sm-dc5">
         <name>FPU_IRQHandler</name>
         <value>0x63c9</value>
      </symbol>
      <symbol id="sm-dc6">
         <name>FLCTL_IRQHandler</name>
         <value>0x63c9</value>
      </symbol>
      <symbol id="sm-dc7">
         <name>COMP_E0_IRQHandler</name>
         <value>0x63c9</value>
      </symbol>
      <symbol id="sm-dc8">
         <name>COMP_E1_IRQHandler</name>
         <value>0x63c9</value>
      </symbol>
      <symbol id="sm-dc9">
         <name>TA0_0_IRQHandler</name>
         <value>0x23b1</value>
      </symbol>
      <symbol id="sm-dca">
         <name>TA0_N_IRQHandler</name>
         <value>0x63c9</value>
      </symbol>
      <symbol id="sm-dcb">
         <name>TA1_0_IRQHandler</name>
         <value>0x23d5</value>
      </symbol>
      <symbol id="sm-dcc">
         <name>TA1_N_IRQHandler</name>
         <value>0x63c9</value>
      </symbol>
      <symbol id="sm-dcd">
         <name>TA2_0_IRQHandler</name>
         <value>0x63c9</value>
      </symbol>
      <symbol id="sm-dce">
         <name>TA2_N_IRQHandler</name>
         <value>0x63c9</value>
      </symbol>
      <symbol id="sm-dcf">
         <name>TA3_0_IRQHandler</name>
         <value>0x63c9</value>
      </symbol>
      <symbol id="sm-dd0">
         <name>TA3_N_IRQHandler</name>
         <value>0x63c9</value>
      </symbol>
      <symbol id="sm-dd1">
         <name>EUSCIA0_IRQHandler</name>
         <value>0x63c9</value>
      </symbol>
      <symbol id="sm-dd2">
         <name>EUSCIA1_IRQHandler</name>
         <value>0x63c9</value>
      </symbol>
      <symbol id="sm-dd3">
         <name>EUSCIA2_IRQHandler</name>
         <value>0x63c9</value>
      </symbol>
      <symbol id="sm-dd4">
         <name>EUSCIA3_IRQHandler</name>
         <value>0x63c9</value>
      </symbol>
      <symbol id="sm-dd5">
         <name>EUSCIB0_IRQHandler</name>
         <value>0x63c9</value>
      </symbol>
      <symbol id="sm-dd6">
         <name>EUSCIB1_IRQHandler</name>
         <value>0x63c9</value>
      </symbol>
      <symbol id="sm-dd7">
         <name>EUSCIB2_IRQHandler</name>
         <value>0x63c9</value>
      </symbol>
      <symbol id="sm-dd8">
         <name>EUSCIB3_IRQHandler</name>
         <value>0x63c9</value>
      </symbol>
      <symbol id="sm-dd9">
         <name>ADC14_IRQHandler</name>
         <value>0x2325</value>
      </symbol>
      <symbol id="sm-dda">
         <name>T32_INT1_IRQHandler</name>
         <value>0x63c9</value>
      </symbol>
      <symbol id="sm-ddb">
         <name>T32_INT2_IRQHandler</name>
         <value>0x63c9</value>
      </symbol>
      <symbol id="sm-ddc">
         <name>T32_INTC_IRQHandler</name>
         <value>0x63c9</value>
      </symbol>
      <symbol id="sm-ddd">
         <name>AES256_IRQHandler</name>
         <value>0x63c9</value>
      </symbol>
      <symbol id="sm-dde">
         <name>RTC_C_IRQHandler</name>
         <value>0x63c9</value>
      </symbol>
      <symbol id="sm-ddf">
         <name>DMA_ERR_IRQHandler</name>
         <value>0x63c9</value>
      </symbol>
      <symbol id="sm-de0">
         <name>DMA_INT3_IRQHandler</name>
         <value>0x63c9</value>
      </symbol>
      <symbol id="sm-de1">
         <name>DMA_INT2_IRQHandler</name>
         <value>0x63c9</value>
      </symbol>
      <symbol id="sm-de2">
         <name>DMA_INT1_IRQHandler</name>
         <value>0x63c9</value>
      </symbol>
      <symbol id="sm-de3">
         <name>DMA_INT0_IRQHandler</name>
         <value>0x63c9</value>
      </symbol>
      <symbol id="sm-de4">
         <name>PORT1_IRQHandler</name>
         <value>0x63c9</value>
      </symbol>
      <symbol id="sm-de5">
         <name>PORT2_IRQHandler</name>
         <value>0x63c9</value>
      </symbol>
      <symbol id="sm-de6">
         <name>PORT3_IRQHandler</name>
         <value>0x2439</value>
      </symbol>
      <symbol id="sm-de7">
         <name>PORT4_IRQHandler</name>
         <value>0x2411</value>
      </symbol>
      <symbol id="sm-de8">
         <name>PORT5_IRQHandler</name>
         <value>0x245d</value>
      </symbol>
      <symbol id="sm-de9">
         <name>PORT6_IRQHandler</name>
         <value>0x63c9</value>
      </symbol>
   </symbol_table>
   <title>Link successful</title>
</link_info>
