<?xml version="1.0" encoding="ISO-8859-1" ?>
<link_info>
   <banner>TI ARM Linker PC v20.2.7.LTS</banner>
   <copyright>Copyright (c) 1996-2018 Texas Instruments Incorporated</copyright>
   <link_time>0x698dc74b</link_time>
   <link_errors>0x0</link_errors>
   <output_file>MSP432_Smart_Watch.out</output_file>
   <entry_point>
      <name>_c_int00_noargs</name>
      <address>0x5f01</address>
   </entry_point>
   <input_file_list>
      <input_file id="fl-2">
         <path>.\</path>
         <kind>object</kind>
         <file>activity_tracker.obj</file>
         <name>activity_tracker.obj</name>
      </input_file>
      <input_file id="fl-3">
         <path>.\</path>
         <kind>object</kind>
         <file>alarm.obj</file>
         <name>alarm.obj</name>
      </input_file>
      <input_file id="fl-4">
         <path>.\</path>
         <kind>object</kind>
         <file>game.obj</file>
         <name>game.obj</name>
      </input_file>
      <input_file id="fl-5">
         <path>.\</path>
         <kind>object</kind>
         <file>images.obj</file>
         <name>images.obj</name>
      </input_file>
      <input_file id="fl-6">
         <path>.\</path>
         <kind>object</kind>
         <file>main.obj</file>
         <name>main.obj</name>
      </input_file>
      <input_file id="fl-7">
         <path>.\</path>
         <kind>object</kind>
         <file>main_page.obj</file>
         <name>main_page.obj</name>
      </input_file>
      <input_file id="fl-8">
         <path>.\</path>
         <kind>object</kind>
         <file>startup_msp432p401r_ccs.obj</file>
         <name>startup_msp432p401r_ccs.obj</name>
      </input_file>
      <input_file id="fl-9">
         <path>.\</path>
         <kind>object</kind>
         <file>system_msp432p401r.obj</file>
         <name>system_msp432p401r.obj</name>
      </input_file>
      <input_file id="fl-a">
         <path>.\</path>
         <kind>object</kind>
         <file>system_time.obj</file>
         <name>system_time.obj</name>
      </input_file>
      <input_file id="fl-b">
         <path>.\</path>
         <kind>object</kind>
         <file>tasks.obj</file>
         <name>tasks.obj</name>
      </input_file>
      <input_file id="fl-c">
         <path>.\</path>
         <kind>object</kind>
         <file>time_display.obj</file>
         <name>time_display.obj</name>
      </input_file>
      <input_file id="fl-d">
         <path>.\LcdDriver\</path>
         <kind>object</kind>
         <file>Crystalfontz128x128_ST7735.obj</file>
         <name>Crystalfontz128x128_ST7735.obj</name>
      </input_file>
      <input_file id="fl-e">
         <path>.\LcdDriver\</path>
         <kind>object</kind>
         <file>HAL_MSP_EXP432P401R_Crystalfontz128x128_ST7735.obj</file>
         <name>HAL_MSP_EXP432P401R_Crystalfontz128x128_ST7735.obj</name>
      </input_file>
      <input_file id="fl-14">
         <kind>object</kind>
         <file>&lt;internal&gt;</file>
         <name>&lt;internal&gt;</name>
      </input_file>
      <input_file id="fl-ca">
         <path>C:\ti\ccs1280\ccs\tools\compiler\ti-cgt-arm_20.2.7.LTS\lib\</path>
         <kind>archive</kind>
         <file>rtsv7M4_T_le_v4SPD16_eabi.lib</file>
         <name>e_sqrtf.c.obj</name>
      </input_file>
      <input_file id="fl-cb">
         <path>C:\ti\ccs1280\ccs\tools\compiler\ti-cgt-arm_20.2.7.LTS\lib\</path>
         <kind>archive</kind>
         <file>rtsv7M4_T_le_v4SPD16_eabi.lib</file>
         <name>sprintf.c.obj</name>
      </input_file>
      <input_file id="fl-cc">
         <path>C:\ti\ccs1280\ccs\tools\compiler\ti-cgt-arm_20.2.7.LTS\lib\</path>
         <kind>archive</kind>
         <file>rtsv7M4_T_le_v4SPD16_eabi.lib</file>
         <name>fd_cmp_t2.asm.obj</name>
      </input_file>
      <input_file id="fl-cd">
         <path>C:\ti\ccs1280\ccs\tools\compiler\ti-cgt-arm_20.2.7.LTS\lib\</path>
         <kind>archive</kind>
         <file>rtsv7M4_T_le_v4SPD16_eabi.lib</file>
         <name>fd_div_t2.asm.obj</name>
      </input_file>
      <input_file id="fl-ce">
         <path>C:\ti\ccs1280\ccs\tools\compiler\ti-cgt-arm_20.2.7.LTS\lib\</path>
         <kind>archive</kind>
         <file>rtsv7M4_T_le_v4SPD16_eabi.lib</file>
         <name>fd_mul_t2.asm.obj</name>
      </input_file>
      <input_file id="fl-cf">
         <path>C:\ti\ccs1280\ccs\tools\compiler\ti-cgt-arm_20.2.7.LTS\lib\</path>
         <kind>archive</kind>
         <file>rtsv7M4_T_le_v4SPD16_eabi.lib</file>
         <name>fd_toi_t2.asm.obj</name>
      </input_file>
      <input_file id="fl-d0">
         <path>C:\ti\ccs1280\ccs\tools\compiler\ti-cgt-arm_20.2.7.LTS\lib\</path>
         <kind>archive</kind>
         <file>rtsv7M4_T_le_v4SPD16_eabi.lib</file>
         <name>fs_tod_t2.asm.obj</name>
      </input_file>
      <input_file id="fl-d1">
         <path>C:\ti\ccs1280\ccs\tools\compiler\ti-cgt-arm_20.2.7.LTS\lib\</path>
         <kind>archive</kind>
         <file>rtsv7M4_T_le_v4SPD16_eabi.lib</file>
         <name>memcpy_t2.asm.obj</name>
      </input_file>
      <input_file id="fl-d2">
         <path>C:\ti\ccs1280\ccs\tools\compiler\ti-cgt-arm_20.2.7.LTS\lib\</path>
         <kind>archive</kind>
         <file>rtsv7M4_T_le_v4SPD16_eabi.lib</file>
         <name>u_tofd_t2.asm.obj</name>
      </input_file>
      <input_file id="fl-d3">
         <path>C:\ti\ccs1280\ccs\tools\compiler\ti-cgt-arm_20.2.7.LTS\lib\</path>
         <kind>archive</kind>
         <file>rtsv7M4_T_le_v4SPD16_eabi.lib</file>
         <name>copy_zero_init.c.obj</name>
      </input_file>
      <input_file id="fl-d4">
         <path>C:\ti\ccs1280\ccs\tools\compiler\ti-cgt-arm_20.2.7.LTS\lib\</path>
         <kind>archive</kind>
         <file>rtsv7M4_T_le_v4SPD16_eabi.lib</file>
         <name>copy_decompress_none.c.obj</name>
      </input_file>
      <input_file id="fl-d5">
         <path>C:\ti\ccs1280\ccs\tools\compiler\ti-cgt-arm_20.2.7.LTS\lib\</path>
         <kind>archive</kind>
         <file>rtsv7M4_T_le_v4SPD16_eabi.lib</file>
         <name>copy_decompress_lzss.c.obj</name>
      </input_file>
      <input_file id="fl-d6">
         <path>C:\ti\ccs1280\ccs\tools\compiler\ti-cgt-arm_20.2.7.LTS\lib\</path>
         <kind>archive</kind>
         <file>rtsv7M4_T_le_v4SPD16_eabi.lib</file>
         <name>localtim.c.obj</name>
      </input_file>
      <input_file id="fl-d7">
         <path>C:\ti\ccs1280\ccs\tools\compiler\ti-cgt-arm_20.2.7.LTS\lib\</path>
         <kind>archive</kind>
         <file>rtsv7M4_T_le_v4SPD16_eabi.lib</file>
         <name>mktime.c.obj</name>
      </input_file>
      <input_file id="fl-d8">
         <path>C:\ti\ccs1280\ccs\tools\compiler\ti-cgt-arm_20.2.7.LTS\lib\</path>
         <kind>archive</kind>
         <file>rtsv7M4_T_le_v4SPD16_eabi.lib</file>
         <name>tmzone.c.obj</name>
      </input_file>
      <input_file id="fl-d9">
         <path>C:\ti\ccs1280\ccs\tools\compiler\ti-cgt-arm_20.2.7.LTS\lib\</path>
         <kind>archive</kind>
         <file>rtsv7M4_T_le_v4SPD16_eabi.lib</file>
         <name>boot_cortex_m.c.obj</name>
      </input_file>
      <input_file id="fl-da">
         <path>C:\ti\ccs1280\ccs\tools\compiler\ti-cgt-arm_20.2.7.LTS\lib\</path>
         <kind>archive</kind>
         <file>rtsv7M4_T_le_v4SPD16_eabi.lib</file>
         <name>time.c.obj</name>
      </input_file>
      <input_file id="fl-db">
         <path>C:\ti\ccs1280\ccs\tools\compiler\ti-cgt-arm_20.2.7.LTS\lib\</path>
         <kind>archive</kind>
         <file>rtsv7M4_T_le_v4SPD16_eabi.lib</file>
         <name>errno.c.obj</name>
      </input_file>
      <input_file id="fl-dc">
         <path>C:\ti\ccs1280\ccs\tools\compiler\ti-cgt-arm_20.2.7.LTS\lib\</path>
         <kind>archive</kind>
         <file>rtsv7M4_T_le_v4SPD16_eabi.lib</file>
         <name>_printfi.c.obj</name>
      </input_file>
      <input_file id="fl-dd">
         <path>C:\ti\ccs1280\ccs\tools\compiler\ti-cgt-arm_20.2.7.LTS\lib\</path>
         <kind>archive</kind>
         <file>rtsv7M4_T_le_v4SPD16_eabi.lib</file>
         <name>fd_add_t2.asm.obj</name>
      </input_file>
      <input_file id="fl-de">
         <path>C:\ti\ccs1280\ccs\tools\compiler\ti-cgt-arm_20.2.7.LTS\lib\</path>
         <kind>archive</kind>
         <file>rtsv7M4_T_le_v4SPD16_eabi.lib</file>
         <name>i_tofd_t2.asm.obj</name>
      </input_file>
      <input_file id="fl-df">
         <path>C:\ti\ccs1280\ccs\tools\compiler\ti-cgt-arm_20.2.7.LTS\lib\</path>
         <kind>archive</kind>
         <file>rtsv7M4_T_le_v4SPD16_eabi.lib</file>
         <name>memset_t2.asm.obj</name>
      </input_file>
      <input_file id="fl-e0">
         <path>C:\ti\ccs1280\ccs\tools\compiler\ti-cgt-arm_20.2.7.LTS\lib\</path>
         <kind>archive</kind>
         <file>rtsv7M4_T_le_v4SPD16_eabi.lib</file>
         <name>u_divt2.asm.obj</name>
      </input_file>
      <input_file id="fl-e1">
         <path>C:\ti\ccs1280\ccs\tools\compiler\ti-cgt-arm_20.2.7.LTS\lib\</path>
         <kind>archive</kind>
         <file>rtsv7M4_T_le_v4SPD16_eabi.lib</file>
         <name>ll_div_t2.asm.obj</name>
      </input_file>
      <input_file id="fl-e2">
         <path>C:\ti\ccs1280\ccs\tools\compiler\ti-cgt-arm_20.2.7.LTS\lib\</path>
         <kind>archive</kind>
         <file>rtsv7M4_T_le_v4SPD16_eabi.lib</file>
         <name>ull_div_t2.asm.obj</name>
      </input_file>
      <input_file id="fl-e3">
         <path>C:\ti\ccs1280\ccs\tools\compiler\ti-cgt-arm_20.2.7.LTS\lib\</path>
         <kind>archive</kind>
         <file>rtsv7M4_T_le_v4SPD16_eabi.lib</file>
         <name>autoinit.c.obj</name>
      </input_file>
      <input_file id="fl-e4">
         <path>C:\ti\ccs1280\ccs\tools\compiler\ti-cgt-arm_20.2.7.LTS\lib\</path>
         <kind>archive</kind>
         <file>rtsv7M4_T_le_v4SPD16_eabi.lib</file>
         <name>pre_init.c.obj</name>
      </input_file>
      <input_file id="fl-e5">
         <path>C:\ti\ccs1280\ccs\tools\compiler\ti-cgt-arm_20.2.7.LTS\lib\</path>
         <kind>archive</kind>
         <file>rtsv7M4_T_le_v4SPD16_eabi.lib</file>
         <name>cpy_tbl.c.obj</name>
      </input_file>
      <input_file id="fl-e6">
         <path>C:\ti\ccs1280\ccs\tools\compiler\ti-cgt-arm_20.2.7.LTS\lib\</path>
         <kind>archive</kind>
         <file>rtsv7M4_T_le_v4SPD16_eabi.lib</file>
         <name>exit.c.obj</name>
      </input_file>
      <input_file id="fl-e7">
         <path>C:\ti\ccs1280\ccs\tools\compiler\ti-cgt-arm_20.2.7.LTS\lib\</path>
         <kind>archive</kind>
         <file>rtsv7M4_T_le_v4SPD16_eabi.lib</file>
         <name>_lock.c.obj</name>
      </input_file>
      <input_file id="fl-e8">
         <path>C:\ti\ccs1280\ccs\tools\compiler\ti-cgt-arm_20.2.7.LTS\lib\</path>
         <kind>archive</kind>
         <file>rtsv7M4_T_le_v4SPD16_eabi.lib</file>
         <name>_ltoa.c.obj</name>
      </input_file>
      <input_file id="fl-e9">
         <path>C:\ti\ccs1280\ccs\tools\compiler\ti-cgt-arm_20.2.7.LTS\lib\</path>
         <kind>archive</kind>
         <file>rtsv7M4_T_le_v4SPD16_eabi.lib</file>
         <name>args_main.c.obj</name>
      </input_file>
      <input_file id="fl-ea">
         <path>C:\ti\ccs1280\ccs\tools\compiler\ti-cgt-arm_20.2.7.LTS\lib\</path>
         <kind>archive</kind>
         <file>rtsv7M4_T_le_v4SPD16_eabi.lib</file>
         <name>atoi.c.obj</name>
      </input_file>
      <input_file id="fl-eb">
         <path>C:\ti\ccs1280\ccs\tools\compiler\ti-cgt-arm_20.2.7.LTS\lib\</path>
         <kind>archive</kind>
         <file>rtsv7M4_T_le_v4SPD16_eabi.lib</file>
         <name>ctype.c.obj</name>
      </input_file>
      <input_file id="fl-ec">
         <path>C:\ti\ccs1280\ccs\tools\compiler\ti-cgt-arm_20.2.7.LTS\lib\</path>
         <kind>archive</kind>
         <file>rtsv7M4_T_le_v4SPD16_eabi.lib</file>
         <name>memccpy.c.obj</name>
      </input_file>
      <input_file id="fl-ed">
         <path>C:\ti\ccs1280\ccs\tools\compiler\ti-cgt-arm_20.2.7.LTS\lib\</path>
         <kind>archive</kind>
         <file>rtsv7M4_T_le_v4SPD16_eabi.lib</file>
         <name>strchr.c.obj</name>
      </input_file>
      <input_file id="fl-ee">
         <path>C:\ti\ccs1280\ccs\tools\compiler\ti-cgt-arm_20.2.7.LTS\lib\</path>
         <kind>archive</kind>
         <file>rtsv7M4_T_le_v4SPD16_eabi.lib</file>
         <name>strlen.c.obj</name>
      </input_file>
      <input_file id="fl-ef">
         <path>C:\ti\ccs1280\ccs\tools\compiler\ti-cgt-arm_20.2.7.LTS\lib\</path>
         <kind>archive</kind>
         <file>rtsv7M4_T_le_v4SPD16_eabi.lib</file>
         <name>hosttime.c.obj</name>
      </input_file>
      <input_file id="fl-f0">
         <path>C:\ti\ccs1280\ccs\tools\compiler\ti-cgt-arm_20.2.7.LTS\lib\</path>
         <kind>archive</kind>
         <file>rtsv7M4_T_le_v4SPD16_eabi.lib</file>
         <name>trgmsg.c.obj</name>
      </input_file>
      <input_file id="fl-f1">
         <path>C:\ti\ccs1280\ccs\tools\compiler\ti-cgt-arm_20.2.7.LTS\lib\</path>
         <kind>archive</kind>
         <file>rtsv7M4_T_le_v4SPD16_eabi.lib</file>
         <name>wcslen.c.obj</name>
      </input_file>
      <input_file id="fl-f2">
         <path>C:\ti\ccs1280\ccs\tools\compiler\ti-cgt-arm_20.2.7.LTS\lib\</path>
         <kind>archive</kind>
         <file>rtsv7M4_T_le_v4SPD16_eabi.lib</file>
         <name>s_frexp.c.obj</name>
      </input_file>
      <input_file id="fl-f3">
         <path>C:\ti\ccs1280\ccs\tools\compiler\ti-cgt-arm_20.2.7.LTS\lib\</path>
         <kind>archive</kind>
         <file>rtsv7M4_T_le_v4SPD16_eabi.lib</file>
         <name>s_scalbn.c.obj</name>
      </input_file>
      <input_file id="fl-f4">
         <path>C:\ti\ccs1280\ccs\tools\compiler\ti-cgt-arm_20.2.7.LTS\lib\</path>
         <kind>archive</kind>
         <file>rtsv7M4_T_le_v4SPD16_eabi.lib</file>
         <name>div0.asm.obj</name>
      </input_file>
      <input_file id="fl-f5">
         <path>C:\ti\ccs1280\ccs\tools\compiler\ti-cgt-arm_20.2.7.LTS\lib\</path>
         <kind>archive</kind>
         <file>rtsv7M4_T_le_v4SPD16_eabi.lib</file>
         <name>hostopen.c.obj</name>
      </input_file>
      <input_file id="fl-f6">
         <path>C:\ti\ccs1280\ccs\tools\compiler\ti-cgt-arm_20.2.7.LTS\lib\</path>
         <kind>archive</kind>
         <file>rtsv7M4_T_le_v4SPD16_eabi.lib</file>
         <name>s_copysign.c.obj</name>
      </input_file>
      <input_file id="fl-f7">
         <path>C:\Users\Dell\Desktop\embedded\simplelink_msp432p4_sdk_3_40_01_02\source\ti\grlib\lib\ccs\m4\</path>
         <kind>archive</kind>
         <file>grlib.a</file>
         <name>context.obj</name>
      </input_file>
      <input_file id="fl-f8">
         <path>C:\Users\Dell\Desktop\embedded\simplelink_msp432p4_sdk_3_40_01_02\source\ti\grlib\lib\ccs\m4\</path>
         <kind>archive</kind>
         <file>grlib.a</file>
         <name>display.obj</name>
      </input_file>
      <input_file id="fl-f9">
         <path>C:\Users\Dell\Desktop\embedded\simplelink_msp432p4_sdk_3_40_01_02\source\ti\grlib\lib\ccs\m4\</path>
         <kind>archive</kind>
         <file>grlib.a</file>
         <name>fontcmsc12.obj</name>
      </input_file>
      <input_file id="fl-fa">
         <path>C:\Users\Dell\Desktop\embedded\simplelink_msp432p4_sdk_3_40_01_02\source\ti\grlib\lib\ccs\m4\</path>
         <kind>archive</kind>
         <file>grlib.a</file>
         <name>fontcmsc14.obj</name>
      </input_file>
      <input_file id="fl-fb">
         <path>C:\Users\Dell\Desktop\embedded\simplelink_msp432p4_sdk_3_40_01_02\source\ti\grlib\lib\ccs\m4\</path>
         <kind>archive</kind>
         <file>grlib.a</file>
         <name>fontcmsc34.obj</name>
      </input_file>
      <input_file id="fl-fc">
         <path>C:\Users\Dell\Desktop\embedded\simplelink_msp432p4_sdk_3_40_01_02\source\ti\grlib\lib\ccs\m4\</path>
         <kind>archive</kind>
         <file>grlib.a</file>
         <name>fontfixed6x8.obj</name>
      </input_file>
      <input_file id="fl-fd">
         <path>C:\Users\Dell\Desktop\embedded\simplelink_msp432p4_sdk_3_40_01_02\source\ti\grlib\lib\ccs\m4\</path>
         <kind>archive</kind>
         <file>grlib.a</file>
         <name>image.obj</name>
      </input_file>
      <input_file id="fl-fe">
         <path>C:\Users\Dell\Desktop\embedded\simplelink_msp432p4_sdk_3_40_01_02\source\ti\grlib\lib\ccs\m4\</path>
         <kind>archive</kind>
         <file>grlib.a</file>
         <name>line.obj</name>
      </input_file>
      <input_file id="fl-ff">
         <path>C:\Users\Dell\Desktop\embedded\simplelink_msp432p4_sdk_3_40_01_02\source\ti\grlib\lib\ccs\m4\</path>
         <kind>archive</kind>
         <file>grlib.a</file>
         <name>rectangle.obj</name>
      </input_file>
      <input_file id="fl-100">
         <path>C:\Users\Dell\Desktop\embedded\simplelink_msp432p4_sdk_3_40_01_02\source\ti\grlib\lib\ccs\m4\</path>
         <kind>archive</kind>
         <file>grlib.a</file>
         <name>string.obj</name>
      </input_file>
      <input_file id="fl-101">
         <path>C:\Users\Dell\Desktop\embedded\simplelink_msp432p4_sdk_3_40_01_02\source\ti\devices\msp432p4xx\driverlib\ccs\</path>
         <kind>archive</kind>
         <file>msp432p4xx_driverlib.lib</file>
         <name>adc14.o</name>
      </input_file>
      <input_file id="fl-102">
         <path>C:\Users\Dell\Desktop\embedded\simplelink_msp432p4_sdk_3_40_01_02\source\ti\devices\msp432p4xx\driverlib\ccs\</path>
         <kind>archive</kind>
         <file>msp432p4xx_driverlib.lib</file>
         <name>cs.o</name>
      </input_file>
      <input_file id="fl-103">
         <path>C:\Users\Dell\Desktop\embedded\simplelink_msp432p4_sdk_3_40_01_02\source\ti\devices\msp432p4xx\driverlib\ccs\</path>
         <kind>archive</kind>
         <file>msp432p4xx_driverlib.lib</file>
         <name>gpio.o</name>
      </input_file>
      <input_file id="fl-104">
         <path>C:\Users\Dell\Desktop\embedded\simplelink_msp432p4_sdk_3_40_01_02\source\ti\devices\msp432p4xx\driverlib\ccs\</path>
         <kind>archive</kind>
         <file>msp432p4xx_driverlib.lib</file>
         <name>interrupt.o</name>
      </input_file>
      <input_file id="fl-105">
         <path>C:\Users\Dell\Desktop\embedded\simplelink_msp432p4_sdk_3_40_01_02\source\ti\devices\msp432p4xx\driverlib\ccs\</path>
         <kind>archive</kind>
         <file>msp432p4xx_driverlib.lib</file>
         <name>pcm.o</name>
      </input_file>
      <input_file id="fl-106">
         <path>C:\Users\Dell\Desktop\embedded\simplelink_msp432p4_sdk_3_40_01_02\source\ti\devices\msp432p4xx\driverlib\ccs\</path>
         <kind>archive</kind>
         <file>msp432p4xx_driverlib.lib</file>
         <name>rtc_c.o</name>
      </input_file>
      <input_file id="fl-107">
         <path>C:\Users\Dell\Desktop\embedded\simplelink_msp432p4_sdk_3_40_01_02\source\ti\devices\msp432p4xx\driverlib\ccs\</path>
         <kind>archive</kind>
         <file>msp432p4xx_driverlib.lib</file>
         <name>spi.o</name>
      </input_file>
      <input_file id="fl-108">
         <path>C:\Users\Dell\Desktop\embedded\simplelink_msp432p4_sdk_3_40_01_02\source\ti\devices\msp432p4xx\driverlib\ccs\</path>
         <kind>archive</kind>
         <file>msp432p4xx_driverlib.lib</file>
         <name>sysctl_a.o</name>
      </input_file>
      <input_file id="fl-109">
         <path>C:\Users\Dell\Desktop\embedded\simplelink_msp432p4_sdk_3_40_01_02\source\ti\devices\msp432p4xx\driverlib\ccs\</path>
         <kind>archive</kind>
         <file>msp432p4xx_driverlib.lib</file>
         <name>timer_a.o</name>
      </input_file>
      <input_file id="fl-10a">
         <path>C:\Users\Dell\Desktop\embedded\simplelink_msp432p4_sdk_3_40_01_02\source\ti\devices\msp432p4xx\driverlib\ccs\</path>
         <kind>archive</kind>
         <file>msp432p4xx_driverlib.lib</file>
         <name>wdt_a.o</name>
      </input_file>
      <input_file id="fl-10b">
         <path>C:\Users\Dell\Desktop\embedded\simplelink_msp432p4_sdk_3_40_01_02\source\ti\devices\msp432p4xx\driverlib\ccs\</path>
         <kind>archive</kind>
         <file>msp432p4xx_driverlib.lib</file>
         <name>cpu.o</name>
      </input_file>
   </input_file_list>
   <object_component_list>
      <object_component id="oc-26">
         <name>.intvecs:retain</name>
         <load_address>0x0</load_address>
         <run_address>0x0</run_address>
         <size>0xe4</size>
         <input_file_ref idref="fl-8"/>
      </object_component>
      <object_component id="oc-446">
         <name>.text:__TI_printfi</name>
         <load_address>0xe4</load_address>
         <run_address>0xe4</run_address>
         <size>0xa4e</size>
         <input_file_ref idref="fl-dc"/>
      </object_component>
      <object_component id="oc-3d3">
         <name>.text:_nop</name>
         <load_address>0xb32</load_address>
         <run_address>0xb32</run_address>
         <size>0x2</size>
         <input_file_ref idref="fl-e7"/>
      </object_component>
      <object_component id="oc-1e4">
         <name>.text</name>
         <load_address>0xb34</load_address>
         <run_address>0xb34</run_address>
         <size>0x744</size>
         <input_file_ref idref="fl-3"/>
      </object_component>
      <object_component id="oc-ac">
         <name>.text</name>
         <load_address>0x1278</load_address>
         <run_address>0x1278</run_address>
         <size>0x680</size>
         <input_file_ref idref="fl-d"/>
      </object_component>
      <object_component id="oc-235">
         <name>.text</name>
         <load_address>0x18f8</load_address>
         <run_address>0x18f8</run_address>
         <size>0x5dc</size>
         <input_file_ref idref="fl-2"/>
      </object_component>
      <object_component id="oc-6d">
         <name>.text</name>
         <load_address>0x1ed4</load_address>
         <run_address>0x1ed4</run_address>
         <size>0x4e0</size>
         <input_file_ref idref="fl-6"/>
      </object_component>
      <object_component id="oc-465">
         <name>.text:Graphics_drawString</name>
         <load_address>0x23b4</load_address>
         <run_address>0x23b4</run_address>
         <size>0x47e</size>
         <input_file_ref idref="fl-100"/>
      </object_component>
      <object_component id="oc-42a">
         <name>.text</name>
         <load_address>0x2832</load_address>
         <run_address>0x2832</run_address>
         <size>0x2</size>
         <input_file_ref idref="fl-f4"/>
      </object_component>
      <object_component id="oc-22f">
         <name>.text</name>
         <load_address>0x2834</load_address>
         <run_address>0x2834</run_address>
         <size>0x460</size>
         <input_file_ref idref="fl-4"/>
      </object_component>
      <object_component id="oc-357">
         <name>.text:Graphics_drawImage</name>
         <load_address>0x2c94</load_address>
         <run_address>0x2c94</run_address>
         <size>0x390</size>
         <input_file_ref idref="fl-fd"/>
      </object_component>
      <object_component id="oc-a5">
         <name>.text</name>
         <load_address>0x3024</load_address>
         <run_address>0x3024</run_address>
         <size>0x334</size>
         <input_file_ref idref="fl-9"/>
      </object_component>
      <object_component id="oc-2d4">
         <name>.text:__mktime32</name>
         <load_address>0x3358</load_address>
         <run_address>0x3358</run_address>
         <size>0x2a0</size>
         <input_file_ref idref="fl-d7"/>
      </object_component>
      <object_component id="oc-587">
         <name>.text:_pconv_a</name>
         <load_address>0x35f8</load_address>
         <run_address>0x35f8</run_address>
         <size>0x270</size>
         <input_file_ref idref="fl-dc"/>
      </object_component>
      <object_component id="oc-575">
         <name>.text:_pconv_g</name>
         <load_address>0x3868</load_address>
         <run_address>0x3868</run_address>
         <size>0x1d0</size>
         <input_file_ref idref="fl-dc"/>
      </object_component>
      <object_component id="oc-21d">
         <name>.text</name>
         <load_address>0x3a38</load_address>
         <run_address>0x3a38</run_address>
         <size>0x1cc</size>
         <input_file_ref idref="fl-7"/>
      </object_component>
      <object_component id="oc-627">
         <name>.text</name>
         <load_address>0x3c04</load_address>
         <run_address>0x3c04</run_address>
         <size>0x1b6</size>
         <input_file_ref idref="fl-dd"/>
      </object_component>
      <object_component id="oc-1c2">
         <name>.text:_getIndexForMemRegister</name>
         <load_address>0x3dbc</load_address>
         <run_address>0x3dbc</run_address>
         <size>0x160</size>
         <input_file_ref idref="fl-101"/>
      </object_component>
      <object_component id="oc-581">
         <name>.text:_pconv_e</name>
         <load_address>0x3f1c</load_address>
         <run_address>0x3f1c</run_address>
         <size>0x13c</size>
         <input_file_ref idref="fl-dc"/>
      </object_component>
      <object_component id="oc-386">
         <name>.text</name>
         <load_address>0x4058</load_address>
         <run_address>0x4058</run_address>
         <size>0x136</size>
         <input_file_ref idref="fl-cd"/>
      </object_component>
      <object_component id="oc-1de">
         <name>.text:__localtime32</name>
         <load_address>0x4190</load_address>
         <run_address>0x4190</run_address>
         <size>0x134</size>
         <input_file_ref idref="fl-d6"/>
      </object_component>
      <object_component id="oc-639">
         <name>.text:fcvt</name>
         <load_address>0x42c4</load_address>
         <run_address>0x42c4</run_address>
         <size>0x124</size>
         <input_file_ref idref="fl-dc"/>
      </object_component>
      <object_component id="oc-229">
         <name>.text</name>
         <load_address>0x43e8</load_address>
         <run_address>0x43e8</run_address>
         <size>0x120</size>
         <input_file_ref idref="fl-c"/>
      </object_component>
      <object_component id="oc-2f3">
         <name>.text:Graphics_fillRectangle</name>
         <load_address>0x4508</load_address>
         <run_address>0x4508</run_address>
         <size>0x112</size>
         <input_file_ref idref="fl-ff"/>
      </object_component>
      <object_component id="oc-64d">
         <name>.text:scalbn</name>
         <load_address>0x461c</load_address>
         <run_address>0x461c</run_address>
         <size>0x110</size>
         <input_file_ref idref="fl-f3"/>
      </object_component>
      <object_component id="oc-481">
         <name>.text:_CSComputeCLKFrequency</name>
         <load_address>0x472c</load_address>
         <run_address>0x472c</run_address>
         <size>0x104</size>
         <input_file_ref idref="fl-102"/>
      </object_component>
      <object_component id="oc-38b">
         <name>.text</name>
         <load_address>0x4830</load_address>
         <run_address>0x4830</run_address>
         <size>0xfc</size>
         <input_file_ref idref="fl-ce"/>
      </object_component>
      <object_component id="oc-45f">
         <name>.text:Graphics_getStringWidth</name>
         <load_address>0x492c</load_address>
         <run_address>0x492c</run_address>
         <size>0xfa</size>
         <input_file_ref idref="fl-100"/>
      </object_component>
      <object_component id="oc-5c5">
         <name>.text:CS_getDCOFrequency</name>
         <load_address>0x4a28</load_address>
         <run_address>0x4a28</run_address>
         <size>0xf8</size>
         <input_file_ref idref="fl-102"/>
      </object_component>
      <object_component id="oc-186">
         <name>.text</name>
         <load_address>0x4b20</load_address>
         <run_address>0x4b20</run_address>
         <size>0xcc</size>
         <input_file_ref idref="fl-e"/>
      </object_component>
      <object_component id="oc-dc">
         <name>.text</name>
         <load_address>0x4bec</load_address>
         <run_address>0x4bec</run_address>
         <size>0xb8</size>
         <input_file_ref idref="fl-a"/>
      </object_component>
      <object_component id="oc-d6">
         <name>.text:ADC14_configureConversionMemory</name>
         <load_address>0x4ca4</load_address>
         <run_address>0x4ca4</run_address>
         <size>0xb4</size>
         <input_file_ref idref="fl-101"/>
      </object_component>
      <object_component id="oc-d0">
         <name>.text:ADC14_configureMultiSequenceMode</name>
         <load_address>0x4d58</load_address>
         <run_address>0x4d58</run_address>
         <size>0xb4</size>
         <input_file_ref idref="fl-101"/>
      </object_component>
      <object_component id="oc-56a">
         <name>.text:_ltostr</name>
         <load_address>0x4e0c</load_address>
         <run_address>0x4e0c</run_address>
         <size>0xb1</size>
         <input_file_ref idref="fl-dc"/>
      </object_component>
      <object_component id="oc-27e">
         <name>.text:SPI_initMaster</name>
         <load_address>0x4ebe</load_address>
         <run_address>0x4ebe</run_address>
         <size>0xb0</size>
         <input_file_ref idref="fl-107"/>
      </object_component>
      <object_component id="oc-395">
         <name>.text:Graphics_drawRectangle</name>
         <load_address>0x4f6e</load_address>
         <run_address>0x4f6e</run_address>
         <size>0xa2</size>
         <input_file_ref idref="fl-ff"/>
      </object_component>
      <object_component id="oc-507">
         <name>.text:Graphics_drawLineH</name>
         <load_address>0x5010</load_address>
         <run_address>0x5010</run_address>
         <size>0x9c</size>
         <input_file_ref idref="fl-fe"/>
      </object_component>
      <object_component id="oc-2f9">
         <name>.text:Graphics_drawLineV</name>
         <load_address>0x50ac</load_address>
         <run_address>0x50ac</run_address>
         <size>0x9c</size>
         <input_file_ref idref="fl-fe"/>
      </object_component>
      <object_component id="oc-37">
         <name>.text</name>
         <load_address>0x5148</load_address>
         <run_address>0x5148</run_address>
         <size>0x9c</size>
         <input_file_ref idref="fl-d1"/>
      </object_component>
      <object_component id="oc-553">
         <name>.text</name>
         <load_address>0x51e4</load_address>
         <run_address>0x51e4</run_address>
         <size>0x96</size>
         <input_file_ref idref="fl-e2"/>
      </object_component>
      <object_component id="oc-677">
         <name>.text:SysCtl_A_getTLVInfo</name>
         <load_address>0x527c</load_address>
         <run_address>0x527c</run_address>
         <size>0x94</size>
         <input_file_ref idref="fl-108"/>
      </object_component>
      <object_component id="oc-272">
         <name>.text:GPIO_setAsPeripheralModuleFunctionOutputPin</name>
         <load_address>0x5310</load_address>
         <run_address>0x5310</run_address>
         <size>0x88</size>
         <input_file_ref idref="fl-103"/>
      </object_component>
      <object_component id="oc-570">
         <name>.text:__aeabi_cdcmple</name>
         <load_address>0x5398</load_address>
         <run_address>0x5398</run_address>
         <size>0x86</size>
         <input_file_ref idref="fl-cc"/>
      </object_component>
      <object_component id="oc-390">
         <name>.text:__aeabi_cdrcmple</name>
         <load_address>0x541e</load_address>
         <run_address>0x541e</run_address>
         <size>0x86</size>
         <input_file_ref idref="fl-cc"/>
      </object_component>
      <object_component id="oc-fd">
         <name>.text:GPIO_getEnabledInterruptStatus</name>
         <load_address>0x54a4</load_address>
         <run_address>0x54a4</run_address>
         <size>0x84</size>
         <input_file_ref idref="fl-103"/>
      </object_component>
      <object_component id="oc-e2">
         <name>.text:Interrupt_enableInterrupt</name>
         <load_address>0x5528</load_address>
         <run_address>0x5528</run_address>
         <size>0x80</size>
         <input_file_ref idref="fl-104"/>
      </object_component>
      <object_component id="oc-67d">
         <name>.text:_CSGetDOCFrequency</name>
         <load_address>0x55a8</load_address>
         <run_address>0x55a8</run_address>
         <size>0x7c</size>
         <input_file_ref idref="fl-102"/>
      </object_component>
      <object_component id="oc-8d">
         <name>.text</name>
         <load_address>0x5624</load_address>
         <run_address>0x5624</run_address>
         <size>0x7a</size>
         <input_file_ref idref="fl-df"/>
      </object_component>
      <object_component id="oc-632">
         <name>.text:_mcpy</name>
         <load_address>0x569e</load_address>
         <run_address>0x569e</run_address>
         <size>0x6e</size>
         <input_file_ref idref="fl-dc"/>
      </object_component>
      <object_component id="oc-430">
         <name>.text</name>
         <load_address>0x570c</load_address>
         <run_address>0x570c</run_address>
         <size>0x6e</size>
         <input_file_ref idref="fl-e1"/>
      </object_component>
      <object_component id="oc-4ad">
         <name>.text:Graphics_convertPalette</name>
         <load_address>0x577c</load_address>
         <run_address>0x577c</run_address>
         <size>0x6c</size>
         <input_file_ref idref="fl-fd"/>
      </object_component>
      <object_component id="oc-17">
         <name>.text:decompress:lzss:__TI_decompress_lzss</name>
         <load_address>0x57e8</load_address>
         <run_address>0x57e8</run_address>
         <size>0x68</size>
         <input_file_ref idref="fl-d5"/>
      </object_component>
      <object_component id="oc-647">
         <name>.text:frexp</name>
         <load_address>0x5850</load_address>
         <run_address>0x5850</run_address>
         <size>0x64</size>
         <input_file_ref idref="fl-f2"/>
      </object_component>
      <object_component id="oc-5b9">
         <name>.text:_CSGetDividerValue</name>
         <load_address>0x58b4</load_address>
         <run_address>0x58b4</run_address>
         <size>0x62</size>
         <input_file_ref idref="fl-102"/>
      </object_component>
      <object_component id="oc-302">
         <name>.text:GPIO_setAsInputPinWithPullUpResistor</name>
         <load_address>0x5918</load_address>
         <run_address>0x5918</run_address>
         <size>0x58</size>
         <input_file_ref idref="fl-103"/>
      </object_component>
      <object_component id="oc-57b">
         <name>.text:_pconv_f</name>
         <load_address>0x5970</load_address>
         <run_address>0x5970</run_address>
         <size>0x56</size>
         <input_file_ref idref="fl-dc"/>
      </object_component>
      <object_component id="oc-61c">
         <name>.text:__TI_ltoa</name>
         <load_address>0x59c6</load_address>
         <run_address>0x59c6</run_address>
         <size>0x54</size>
         <input_file_ref idref="fl-e8"/>
      </object_component>
      <object_component id="oc-b2">
         <name>.text:Graphics_initContext</name>
         <load_address>0x5a1a</load_address>
         <run_address>0x5a1a</run_address>
         <size>0x52</size>
         <input_file_ref idref="fl-f7"/>
      </object_component>
      <object_component id="oc-62c">
         <name>.text:_ecpy</name>
         <load_address>0x5a6c</load_address>
         <run_address>0x5a6c</run_address>
         <size>0x52</size>
         <input_file_ref idref="fl-dc"/>
      </object_component>
      <object_component id="oc-564">
         <name>.text:atoi</name>
         <load_address>0x5ac0</load_address>
         <run_address>0x5ac0</run_address>
         <size>0x4c</size>
         <input_file_ref idref="fl-ea"/>
      </object_component>
      <object_component id="oc-2ed">
         <name>.text:Graphics_drawStringCentered</name>
         <load_address>0x5b0c</load_address>
         <run_address>0x5b0c</run_address>
         <size>0x48</size>
         <input_file_ref idref="fl-100"/>
      </object_component>
      <object_component id="oc-2c2">
         <name>.text:HOSTtime</name>
         <load_address>0x5b54</load_address>
         <run_address>0x5b54</run_address>
         <size>0x48</size>
         <input_file_ref idref="fl-ef"/>
      </object_component>
      <object_component id="oc-39b">
         <name>.text</name>
         <load_address>0x5b9c</load_address>
         <run_address>0x5b9c</run_address>
         <size>0x48</size>
         <input_file_ref idref="fl-cf"/>
      </object_component>
      <object_component id="oc-4b3">
         <name>.text:Graphics_drawMultiplePixelsOnDisplay</name>
         <load_address>0x5be4</load_address>
         <run_address>0x5be4</run_address>
         <size>0x46</size>
         <input_file_ref idref="fl-f8"/>
      </object_component>
      <object_component id="oc-150">
         <name>.text:__TI_auto_init_nobinit_nopinit:__TI_auto_init_nobinit_nopinit</name>
         <load_address>0x5c2c</load_address>
         <run_address>0x5c2c</run_address>
         <size>0x44</size>
         <input_file_ref idref="fl-e3"/>
      </object_component>
      <object_component id="oc-278">
         <name>.text:GPIO_setAsOutputPin</name>
         <load_address>0x5c70</load_address>
         <run_address>0x5c70</run_address>
         <size>0x40</size>
         <input_file_ref idref="fl-103"/>
      </object_component>
      <object_component id="oc-5aa">
         <name>.text:Graphics_getNumberOfLeadingZeros</name>
         <load_address>0x5cb0</load_address>
         <run_address>0x5cb0</run_address>
         <size>0x40</size>
         <input_file_ref idref="fl-100"/>
      </object_component>
      <object_component id="oc-3f4">
         <name>.text:is_A_Module</name>
         <load_address>0x5cf0</load_address>
         <run_address>0x5cf0</run_address>
         <size>0x40</size>
         <input_file_ref idref="fl-107"/>
      </object_component>
      <object_component id="oc-2cf">
         <name>.text</name>
         <load_address>0x5d30</load_address>
         <run_address>0x5d30</run_address>
         <size>0x40</size>
         <input_file_ref idref="fl-e0"/>
      </object_component>
      <object_component id="oc-2e7">
         <name>.text:sprintf</name>
         <load_address>0x5d70</load_address>
         <run_address>0x5d70</run_address>
         <size>0x40</size>
         <input_file_ref idref="fl-cb"/>
      </object_component>
      <object_component id="oc-63f">
         <name>.text:_fcpy</name>
         <load_address>0x5db0</load_address>
         <run_address>0x5db0</run_address>
         <size>0x3e</size>
         <input_file_ref idref="fl-dc"/>
      </object_component>
      <object_component id="oc-40e">
         <name>.text:__TI_writemsg</name>
         <load_address>0x5df0</load_address>
         <run_address>0x5df0</run_address>
         <size>0x38</size>
         <input_file_ref idref="fl-f0"/>
      </object_component>
      <object_component id="oc-3a0">
         <name>.text</name>
         <load_address>0x5e28</load_address>
         <run_address>0x5e28</run_address>
         <size>0x38</size>
         <input_file_ref idref="fl-d0"/>
      </object_component>
      <object_component id="oc-5fe">
         <name>.text:Graphics_drawHorizontalLineOnDisplay</name>
         <load_address>0x5e60</load_address>
         <run_address>0x5e60</run_address>
         <size>0x36</size>
         <input_file_ref idref="fl-f8"/>
      </object_component>
      <object_component id="oc-475">
         <name>.text:Graphics_drawVerticalLineOnDisplay</name>
         <load_address>0x5e96</load_address>
         <run_address>0x5e96</run_address>
         <size>0x36</size>
         <input_file_ref idref="fl-f8"/>
      </object_component>
      <object_component id="oc-414">
         <name>.text:__TI_readmsg</name>
         <load_address>0x5ecc</load_address>
         <run_address>0x5ecc</run_address>
         <size>0x34</size>
         <input_file_ref idref="fl-f0"/>
      </object_component>
      <object_component id="oc-55">
         <name>.text:_c_int00_noargs:_c_int00_noargs</name>
         <load_address>0x5f00</load_address>
         <run_address>0x5f00</run_address>
         <size>0x34</size>
         <input_file_ref idref="fl-d9"/>
      </object_component>
      <object_component id="oc-5bf">
         <name>.text:CS_clearInterruptFlag</name>
         <load_address>0x5f34</load_address>
         <run_address>0x5f34</run_address>
         <size>0x30</size>
         <input_file_ref idref="fl-102"/>
      </object_component>
      <object_component id="oc-308">
         <name>.text:GPIO_getInputPinValue</name>
         <load_address>0x5f64</load_address>
         <run_address>0x5f64</run_address>
         <size>0x30</size>
         <input_file_ref idref="fl-103"/>
      </object_component>
      <object_component id="oc-622">
         <name>.text</name>
         <load_address>0x5f94</load_address>
         <run_address>0x5f94</run_address>
         <size>0x2e</size>
         <input_file_ref idref="fl-de"/>
      </object_component>
      <object_component id="oc-4b9">
         <name>.text:Graphics_drawPixelOnDisplay</name>
         <load_address>0x5fc2</load_address>
         <run_address>0x5fc2</run_address>
         <size>0x2c</size>
         <input_file_ref idref="fl-f8"/>
      </object_component>
      <object_component id="oc-ee">
         <name>.text:Timer_A_clearCaptureCompareInterrupt</name>
         <load_address>0x5ff0</load_address>
         <run_address>0x5ff0</run_address>
         <size>0x2c</size>
         <input_file_ref idref="fl-109"/>
      </object_component>
      <object_component id="oc-e8">
         <name>.text:ADC14_getResult</name>
         <load_address>0x601c</load_address>
         <run_address>0x601c</run_address>
         <size>0x28</size>
         <input_file_ref idref="fl-101"/>
      </object_component>
      <object_component id="oc-30e">
         <name>.text:CS_getSMCLK</name>
         <load_address>0x6044</load_address>
         <run_address>0x6044</run_address>
         <size>0x28</size>
         <input_file_ref idref="fl-102"/>
      </object_component>
      <object_component id="oc-103">
         <name>.text:GPIO_clearInterruptFlag</name>
         <load_address>0x606c</load_address>
         <run_address>0x606c</run_address>
         <size>0x28</size>
         <input_file_ref idref="fl-103"/>
      </object_component>
      <object_component id="oc-192">
         <name>.text:GPIO_setOutputHighOnPin</name>
         <load_address>0x6094</load_address>
         <run_address>0x6094</run_address>
         <size>0x28</size>
         <input_file_ref idref="fl-103"/>
      </object_component>
      <object_component id="oc-18c">
         <name>.text:GPIO_setOutputLowOnPin</name>
         <load_address>0x60bc</load_address>
         <run_address>0x60bc</run_address>
         <size>0x28</size>
         <input_file_ref idref="fl-103"/>
      </object_component>
      <object_component id="oc-369">
         <name>.text:GPIO_toggleOutputOnPin</name>
         <load_address>0x60e4</load_address>
         <run_address>0x60e4</run_address>
         <size>0x28</size>
         <input_file_ref idref="fl-103"/>
      </object_component>
      <object_component id="oc-33a">
         <name>.text:PCM_gotoLPM0</name>
         <load_address>0x610c</load_address>
         <run_address>0x610c</run_address>
         <size>0x28</size>
         <input_file_ref idref="fl-105"/>
      </object_component>
      <object_component id="oc-3b7">
         <name>.text:sqrtf</name>
         <load_address>0x6134</load_address>
         <run_address>0x6134</run_address>
         <size>0x28</size>
         <input_file_ref idref="fl-ca"/>
      </object_component>
      <object_component id="oc-207">
         <name>.text:GPIO_getInterruptStatus</name>
         <load_address>0x615c</load_address>
         <run_address>0x615c</run_address>
         <size>0x24</size>
         <input_file_ref idref="fl-103"/>
      </object_component>
      <object_component id="oc-3bd">
         <name>.text</name>
         <load_address>0x6180</load_address>
         <run_address>0x6180</run_address>
         <size>0x20</size>
         <input_file_ref idref="fl-d2"/>
      </object_component>
      <object_component id="oc-46d">
         <name>.text:Graphics_fillRectangleOnDisplay</name>
         <load_address>0x61a0</load_address>
         <run_address>0x61a0</run_address>
         <size>0x1e</size>
         <input_file_ref idref="fl-f8"/>
      </object_component>
      <object_component id="oc-284">
         <name>.text:SPI_enableModule</name>
         <load_address>0x61be</load_address>
         <run_address>0x61be</run_address>
         <size>0x1c</size>
         <input_file_ref idref="fl-107"/>
      </object_component>
      <object_component id="oc-58d">
         <name>.text:memccpy</name>
         <load_address>0x61da</load_address>
         <run_address>0x61da</run_address>
         <size>0x1c</size>
         <input_file_ref idref="fl-ec"/>
      </object_component>
      <object_component id="oc-1b5">
         <name>.text:Graphics_clearDisplayOnDisplay</name>
         <load_address>0x61f6</load_address>
         <run_address>0x61f6</run_address>
         <size>0x1a</size>
         <input_file_ref idref="fl-f8"/>
      </object_component>
      <object_component id="oc-be">
         <name>.text:Graphics_setBackgroundColor</name>
         <load_address>0x6210</load_address>
         <run_address>0x6210</run_address>
         <size>0x1a</size>
         <input_file_ref idref="fl-f7"/>
      </object_component>
      <object_component id="oc-c4">
         <name>.text:Graphics_setFont</name>
         <load_address>0x622a</load_address>
         <run_address>0x622a</run_address>
         <size>0x1a</size>
         <input_file_ref idref="fl-f7"/>
      </object_component>
      <object_component id="oc-6a4">
         <name>.text:copysign</name>
         <load_address>0x6244</load_address>
         <run_address>0x6244</run_address>
         <size>0x1a</size>
         <input_file_ref idref="fl-f6"/>
      </object_component>
      <object_component id="oc-44c">
         <name>.text:_outs</name>
         <load_address>0x625e</load_address>
         <run_address>0x625e</run_address>
         <size>0x18</size>
         <input_file_ref idref="fl-cb"/>
      </object_component>
      <object_component id="oc-3fc">
         <name>.text:EUSCI_A_SPI_enable</name>
         <load_address>0x6276</load_address>
         <run_address>0x6276</run_address>
         <size>0x16</size>
         <input_file_ref idref="fl-107"/>
      </object_component>
      <object_component id="oc-402">
         <name>.text:EUSCI_B_SPI_enable</name>
         <load_address>0x628c</load_address>
         <run_address>0x628c</run_address>
         <size>0x16</size>
         <input_file_ref idref="fl-107"/>
      </object_component>
      <object_component id="oc-b8">
         <name>.text:Graphics_setForegroundColor</name>
         <load_address>0x62a2</load_address>
         <run_address>0x62a2</run_address>
         <size>0x16</size>
         <input_file_ref idref="fl-f7"/>
      </object_component>
      <object_component id="oc-1a7">
         <name>.text:Graphics_translateColorOnDisplay</name>
         <load_address>0x62b8</load_address>
         <run_address>0x62b8</run_address>
         <size>0x16</size>
         <input_file_ref idref="fl-f8"/>
      </object_component>
      <object_component id="oc-653">
         <name>.text:strchr</name>
         <load_address>0x62ce</load_address>
         <run_address>0x62ce</run_address>
         <size>0x16</size>
         <input_file_ref idref="fl-ed"/>
      </object_component>
      <object_component id="oc-55e">
         <name>.text:strlen</name>
         <load_address>0x62e4</load_address>
         <run_address>0x62e4</run_address>
         <size>0x14</size>
         <input_file_ref idref="fl-ee"/>
      </object_component>
      <object_component id="oc-ca">
         <name>.text:Graphics_clearDisplay</name>
         <load_address>0x62f8</load_address>
         <run_address>0x62f8</run_address>
         <size>0x12</size>
         <input_file_ref idref="fl-f7"/>
      </object_component>
      <object_component id="oc-593">
         <name>.text:wcslen</name>
         <load_address>0x630a</load_address>
         <run_address>0x630a</run_address>
         <size>0x12</size>
         <input_file_ref idref="fl-f1"/>
      </object_component>
      <object_component id="oc-1bc">
         <name>.text:ADCIsConversionRunning</name>
         <load_address>0x631c</load_address>
         <run_address>0x631c</run_address>
         <size>0x10</size>
         <input_file_ref idref="fl-101"/>
      </object_component>
      <object_component id="oc-340">
         <name>.text:Interrupt_disableSleepOnIsrExit</name>
         <load_address>0x632c</load_address>
         <run_address>0x632c</run_address>
         <size>0x10</size>
         <input_file_ref idref="fl-104"/>
      </object_component>
      <object_component id="oc-334">
         <name>.text:Interrupt_enableSleepOnIsrExit</name>
         <load_address>0x633c</load_address>
         <run_address>0x633c</run_address>
         <size>0x10</size>
         <input_file_ref idref="fl-104"/>
      </object_component>
      <object_component id="oc-223">
         <name>.text</name>
         <load_address>0x634c</load_address>
         <run_address>0x634c</run_address>
         <size>0x10</size>
         <input_file_ref idref="fl-b"/>
      </object_component>
      <object_component id="oc-1d8">
         <name>.text:__time32</name>
         <load_address>0x635c</load_address>
         <run_address>0x635c</run_address>
         <size>0xe</size>
         <input_file_ref idref="fl-da"/>
      </object_component>
      <object_component id="oc-1d">
         <name>.text:decompress:none:__TI_decompress_none</name>
         <load_address>0x636a</load_address>
         <run_address>0x636a</run_address>
         <size>0xe</size>
         <input_file_ref idref="fl-d4"/>
      </object_component>
      <object_component id="oc-67">
         <name>.text</name>
         <load_address>0x6378</load_address>
         <run_address>0x6378</run_address>
         <size>0xe</size>
         <input_file_ref idref="fl-8"/>
      </object_component>
      <object_component id="oc-49">
         <name>.text:decompress:ZI:__TI_zero_init</name>
         <load_address>0x6386</load_address>
         <run_address>0x6386</run_address>
         <size>0xc</size>
         <input_file_ref idref="fl-d3"/>
      </object_component>
      <object_component id="oc-452">
         <name>.text:_outc</name>
         <load_address>0x6392</load_address>
         <run_address>0x6392</run_address>
         <size>0xa</size>
         <input_file_ref idref="fl-cb"/>
      </object_component>
      <object_component id="oc-521">
         <name>.text:__aeabi_errno_addr</name>
         <load_address>0x639c</load_address>
         <run_address>0x639c</run_address>
         <size>0x8</size>
         <input_file_ref idref="fl-db"/>
      </object_component>
      <object_component id="oc-491">
         <name>.text:CPU_wfi</name>
         <load_address>0x63a4</load_address>
         <run_address>0x63a4</run_address>
         <size>0x4</size>
         <input_file_ref idref="fl-10b"/>
      </object_component>
      <object_component id="oc-93">
         <name>.text:_system_pre_init</name>
         <load_address>0x63a8</load_address>
         <run_address>0x63a8</run_address>
         <size>0x4</size>
         <input_file_ref idref="fl-e4"/>
      </object_component>
      <object_component id="oc-144">
         <name>.text:abort:abort</name>
         <load_address>0x63ac</load_address>
         <run_address>0x63ac</run_address>
         <size>0x4</size>
         <input_file_ref idref="fl-e6"/>
      </object_component>
      <object_component id="oc-49d">
         <name>.const:.string:g_pucCmsc34Data</name>
         <load_address>0x63b0</load_address>
         <run_address>0x63b0</run_address>
         <size>0xfe5</size>
         <input_file_ref idref="fl-fb"/>
      </object_component>
      <object_component id="oc-4ee">
         <name>.const:.string:g_pucCmsc14Data</name>
         <load_address>0x7395</load_address>
         <run_address>0x7395</run_address>
         <size>0x670</size>
         <input_file_ref idref="fl-fa"/>
      </object_component>
      <object_component id="oc-4a3">
         <name>.const:.string:g_pucCmsc12Data</name>
         <load_address>0x7a05</load_address>
         <run_address>0x7a05</run_address>
         <size>0x59a</size>
         <input_file_ref idref="fl-f9"/>
      </object_component>
      <object_component id="oc-4ff">
         <name>.const:.string:pixel_get_ready4BPP_UNCOMP</name>
         <load_address>0x7f9f</load_address>
         <run_address>0x7f9f</run_address>
         <size>0x570</size>
         <input_file_ref idref="fl-5"/>
      </object_component>
      <object_component id="oc-4e1">
         <name>.const:.string:pixel_down_road4BPP_UNCOMP</name>
         <load_address>0x850f</load_address>
         <run_address>0x850f</run_address>
         <size>0x564</size>
         <input_file_ref idref="fl-5"/>
      </object_component>
      <object_component id="oc-4d9">
         <name>.const:.string:pixel_up_road4BPP_UNCOMP</name>
         <load_address>0x8a73</load_address>
         <run_address>0x8a73</run_address>
         <size>0x4ec</size>
         <input_file_ref idref="fl-5"/>
      </object_component>
      <object_component id="oc-4f7">
         <name>.const:.string:pixel_game_over4BPP_UNCOMP</name>
         <load_address>0x8f5f</load_address>
         <run_address>0x8f5f</run_address>
         <size>0x4e0</size>
         <input_file_ref idref="fl-5"/>
      </object_component>
      <object_component id="oc-4d0">
         <name>.const:.string:pixel_flappy_bird4BPP_UNCOMP</name>
         <load_address>0x943f</load_address>
         <run_address>0x943f</run_address>
         <size>0x340</size>
         <input_file_ref idref="fl-5"/>
      </object_component>
      <object_component id="oc-201">
         <name>.const:.string:g_pucFontFixed6x8Data</name>
         <load_address>0x977f</load_address>
         <run_address>0x977f</run_address>
         <size>0x2f8</size>
         <input_file_ref idref="fl-fc"/>
      </object_component>
      <object_component id="oc-4e9">
         <name>.const:.string:pixel_start_button4BPP_UNCOMP</name>
         <load_address>0x9a77</load_address>
         <run_address>0x9a77</run_address>
         <size>0x2d5</size>
         <input_file_ref idref="fl-5"/>
      </object_component>
      <object_component id="oc-615">
         <name>.const:.string:_ctypes_</name>
         <load_address>0x9d4c</load_address>
         <run_address>0x9d4c</run_address>
         <size>0x101</size>
         <input_file_ref idref="fl-eb"/>
      </object_component>
      <object_component id="oc-112">
         <name>.const:handlers</name>
         <load_address>0x9e50</load_address>
         <run_address>0x9e50</run_address>
         <size>0xdc</size>
         <input_file_ref idref="fl-b"/>
      </object_component>
      <object_component id="oc-34f">
         <name>.const:g_sFontCmsc12</name>
         <load_address>0x9f2c</load_address>
         <run_address>0x9f2c</run_address>
         <size>0xc8</size>
         <input_file_ref idref="fl-f9"/>
      </object_component>
      <object_component id="oc-37b">
         <name>.const:g_sFontCmsc14</name>
         <load_address>0x9ff4</load_address>
         <run_address>0x9ff4</run_address>
         <size>0xc8</size>
         <input_file_ref idref="fl-fa"/>
      </object_component>
      <object_component id="oc-34c">
         <name>.const:g_sFontCmsc34</name>
         <load_address>0xa0bc</load_address>
         <run_address>0xa0bc</run_address>
         <size>0xc8</size>
         <input_file_ref idref="fl-fb"/>
      </object_component>
      <object_component id="oc-fa">
         <name>.const:g_sFontFixed6x8</name>
         <load_address>0xa184</load_address>
         <run_address>0xa184</run_address>
         <size>0xc8</size>
         <input_file_ref idref="fl-fc"/>
      </object_component>
      <object_component id="oc-1c8">
         <name>.const:_ctlRegs</name>
         <load_address>0xa24c</load_address>
         <run_address>0xa24c</run_address>
         <size>0x80</size>
         <input_file_ref idref="fl-101"/>
      </object_component>
      <object_component id="oc-435">
         <name>.const:$O1$$</name>
         <load_address>0xa2cc</load_address>
         <run_address>0xa2cc</run_address>
         <size>0x60</size>
         <input_file_ref idref="fl-d7"/>
      </object_component>
      <object_component id="oc-4de">
         <name>.const:palette_down_road4BPP_UNCOMP</name>
         <load_address>0xa32c</load_address>
         <run_address>0xa32c</run_address>
         <size>0x40</size>
         <input_file_ref idref="fl-5"/>
      </object_component>
      <object_component id="oc-4cd">
         <name>.const:palette_flappy_bird4BPP_UNCOMP</name>
         <load_address>0xa36c</load_address>
         <run_address>0xa36c</run_address>
         <size>0x40</size>
         <input_file_ref idref="fl-5"/>
      </object_component>
      <object_component id="oc-4f4">
         <name>.const:palette_game_over4BPP_UNCOMP</name>
         <load_address>0xa3ac</load_address>
         <run_address>0xa3ac</run_address>
         <size>0x40</size>
         <input_file_ref idref="fl-5"/>
      </object_component>
      <object_component id="oc-4fc">
         <name>.const:palette_get_ready4BPP_UNCOMP</name>
         <load_address>0xa3ec</load_address>
         <run_address>0xa3ec</run_address>
         <size>0x40</size>
         <input_file_ref idref="fl-5"/>
      </object_component>
      <object_component id="oc-4d6">
         <name>.const:palette_up_road4BPP_UNCOMP</name>
         <load_address>0xa42c</load_address>
         <run_address>0xa42c</run_address>
         <size>0x40</size>
         <input_file_ref idref="fl-5"/>
      </object_component>
      <object_component id="oc-4e6">
         <name>.const:palette_start_button4BPP_UNCOMP</name>
         <load_address>0xa46c</load_address>
         <run_address>0xa46c</run_address>
         <size>0x3c</size>
         <input_file_ref idref="fl-5"/>
      </object_component>
      <object_component id="oc-20d">
         <name>.const:GPIO_PORT_TO_BASE</name>
         <load_address>0xa4a8</load_address>
         <run_address>0xa4a8</run_address>
         <size>0x30</size>
         <input_file_ref idref="fl-103"/>
      </object_component>
      <object_component id="oc-f7">
         <name>.const:g_sCrystalfontz128x128_funcs</name>
         <load_address>0xa4d8</load_address>
         <run_address>0xa4d8</run_address>
         <size>0x20</size>
         <input_file_ref idref="fl-d"/>
      </object_component>
      <object_component id="oc-28a">
         <name>.const:$P$T0$1</name>
         <load_address>0xa4f8</load_address>
         <run_address>0xa4f8</run_address>
         <size>0x1c</size>
         <input_file_ref idref="fl-e"/>
      </object_component>
      <object_component id="oc-109">
         <name>.const:$P$T0$1</name>
         <load_address>0xa514</load_address>
         <run_address>0xa514</run_address>
         <size>0x18</size>
         <input_file_ref idref="fl-6"/>
      </object_component>
      <object_component id="oc-10c">
         <name>.const:$P$T1$2</name>
         <load_address>0xa52c</load_address>
         <run_address>0xa52c</run_address>
         <size>0x18</size>
         <input_file_ref idref="fl-6"/>
      </object_component>
      <object_component id="oc-314">
         <name>.const:$P$T0$3</name>
         <load_address>0xa544</load_address>
         <run_address>0xa544</run_address>
         <size>0x10</size>
         <input_file_ref idref="fl-3"/>
      </object_component>
      <object_component id="oc-375">
         <name>.const:down_road4BPP_UNCOMP</name>
         <load_address>0xa554</load_address>
         <run_address>0xa554</run_address>
         <size>0x10</size>
         <input_file_ref idref="fl-5"/>
      </object_component>
      <object_component id="oc-36f">
         <name>.const:flappy_bird4BPP_UNCOMP</name>
         <load_address>0xa564</load_address>
         <run_address>0xa564</run_address>
         <size>0x10</size>
         <input_file_ref idref="fl-5"/>
      </object_component>
      <object_component id="oc-37e">
         <name>.const:game_over4BPP_UNCOMP</name>
         <load_address>0xa574</load_address>
         <run_address>0xa574</run_address>
         <size>0x10</size>
         <input_file_ref idref="fl-5"/>
      </object_component>
      <object_component id="oc-382">
         <name>.const:get_ready4BPP_UNCOMP</name>
         <load_address>0xa584</load_address>
         <run_address>0xa584</run_address>
         <size>0x10</size>
         <input_file_ref idref="fl-5"/>
      </object_component>
      <object_component id="oc-366">
         <name>.const:shifter</name>
         <load_address>0xa594</load_address>
         <run_address>0xa594</run_address>
         <size>0x10</size>
         <input_file_ref idref="fl-4"/>
      </object_component>
      <object_component id="oc-378">
         <name>.const:start_button4BPP_UNCOMP</name>
         <load_address>0xa5a4</load_address>
         <run_address>0xa5a4</run_address>
         <size>0x10</size>
         <input_file_ref idref="fl-5"/>
      </object_component>
      <object_component id="oc-372">
         <name>.const:up_road4BPP_UNCOMP</name>
         <load_address>0xa5b4</load_address>
         <run_address>0xa5b4</run_address>
         <size>0x10</size>
         <input_file_ref idref="fl-5"/>
      </object_component>
      <object_component id="oc-1a1">
         <name>.const:$P$T0$1</name>
         <load_address>0xa5c4</load_address>
         <run_address>0xa5c4</run_address>
         <size>0x8</size>
         <input_file_ref idref="fl-d"/>
      </object_component>
      <object_component id="oc-3a8">
         <name>.const:$P$T0$5</name>
         <load_address>0xa5cc</load_address>
         <run_address>0xa5cc</run_address>
         <size>0x8</size>
         <input_file_ref idref="fl-2"/>
      </object_component>
      <object_component id="oc-3ab">
         <name>.const:$P$T1$6</name>
         <load_address>0xa5d4</load_address>
         <run_address>0xa5d4</run_address>
         <size>0x8</size>
         <input_file_ref idref="fl-2"/>
      </object_component>
      <object_component id="oc-3ae">
         <name>.const:$P$T2$7</name>
         <load_address>0xa5dc</load_address>
         <run_address>0xa5dc</run_address>
         <size>0x8</size>
         <input_file_ref idref="fl-2"/>
      </object_component>
      <object_component id="oc-3b1">
         <name>.const:$P$T3$8</name>
         <load_address>0xa5e4</load_address>
         <run_address>0xa5e4</run_address>
         <size>0x8</size>
         <input_file_ref idref="fl-2"/>
      </object_component>
      <object_component id="oc-3b4">
         <name>.const:$P$T4$9</name>
         <load_address>0xa5ec</load_address>
         <run_address>0xa5ec</run_address>
         <size>0x8</size>
         <input_file_ref idref="fl-2"/>
      </object_component>
      <object_component id="oc-1f7">
         <name>.const:g_pulEnRegs</name>
         <load_address>0xa5f4</load_address>
         <run_address>0xa5f4</run_address>
         <size>0x8</size>
         <input_file_ref idref="fl-104"/>
      </object_component>
      <object_component id="oc-709">
         <name>.cinit..data.load</name>
         <load_address>0xa600</load_address>
         <run_address>0xa600</run_address>
         <size>0x57</size>
      </object_component>
      <object_component id="oc-707">
         <name>__TI_handler_table</name>
         <load_address>0xa658</load_address>
         <run_address>0xa658</run_address>
         <size>0xc</size>
      </object_component>
      <object_component id="oc-70a">
         <name>.cinit..bss.load</name>
         <load_address>0xa668</load_address>
         <run_address>0xa668</run_address>
         <size>0x8</size>
      </object_component>
      <object_component id="oc-708">
         <name>__TI_cinit_table</name>
         <load_address>0xa670</load_address>
         <run_address>0xa670</run_address>
         <size>0x10</size>
      </object_component>
      <object_component id="oc-6db">
         <name>.binit</name>
         <load_address>0x0</load_address>
         <run_address>0x0</run_address>
         <size>0x0</size>
      </object_component>
      <object_component id="oc-3a5">
         <name>.data</name>
         <load_address>0x200005a0</load_address>
         <run_address>0x200005a0</run_address>
         <size>0x48</size>
         <input_file_ref idref="fl-2"/>
      </object_component>
      <object_component id="oc-2ff">
         <name>.data</name>
         <load_address>0x2000064c</load_address>
         <run_address>0x2000064c</run_address>
         <size>0x1f</size>
         <input_file_ref idref="fl-3"/>
      </object_component>
      <object_component id="oc-363">
         <name>.data</name>
         <load_address>0x2000068c</load_address>
         <run_address>0x2000068c</run_address>
         <size>0x10</size>
         <input_file_ref idref="fl-4"/>
      </object_component>
      <object_component id="oc-346">
         <name>.data</name>
         <load_address>0x2000069c</load_address>
         <run_address>0x2000069c</run_address>
         <size>0xc</size>
         <input_file_ref idref="fl-7"/>
      </object_component>
      <object_component id="oc-182">
         <name>.data</name>
         <load_address>0x200006bc</load_address>
         <run_address>0x200006bc</run_address>
         <size>0x4</size>
         <input_file_ref idref="fl-9"/>
      </object_component>
      <object_component id="oc-1ea">
         <name>.data:ClockTime</name>
         <load_address>0x2000062c</load_address>
         <run_address>0x2000062c</run_address>
         <size>0x20</size>
         <input_file_ref idref="fl-a"/>
      </object_component>
      <object_component id="oc-1ed">
         <name>.data:ClockDate</name>
         <load_address>0x2000060c</load_address>
         <run_address>0x2000060c</run_address>
         <size>0x20</size>
         <input_file_ref idref="fl-a"/>
      </object_component>
      <object_component id="oc-10f">
         <name>.data</name>
         <load_address>0x2000066b</load_address>
         <run_address>0x2000066b</run_address>
         <size>0x1</size>
         <input_file_ref idref="fl-b"/>
      </object_component>
      <object_component id="oc-352">
         <name>.data</name>
         <load_address>0x200006b0</load_address>
         <run_address>0x200006b0</run_address>
         <size>0x8</size>
         <input_file_ref idref="fl-c"/>
      </object_component>
      <object_component id="oc-f4">
         <name>.data:g_sCrystalfontz128x128</name>
         <load_address>0x2000067c</load_address>
         <run_address>0x2000067c</run_address>
         <size>0x10</size>
         <input_file_ref idref="fl-d"/>
      </object_component>
      <object_component id="oc-2dd">
         <name>.data:local_tm</name>
         <load_address>0x200005e8</load_address>
         <run_address>0x200005e8</run_address>
         <size>0x24</size>
         <input_file_ref idref="fl-d6"/>
      </object_component>
      <object_component id="oc-2da">
         <name>.data:_tz</name>
         <load_address>0x2000066c</load_address>
         <run_address>0x2000066c</run_address>
         <size>0x10</size>
         <input_file_ref idref="fl-d8"/>
      </object_component>
      <object_component id="oc-605">
         <name>.data</name>
         <load_address>0x200006b8</load_address>
         <run_address>0x200006b8</run_address>
         <size>0x4</size>
         <input_file_ref idref="fl-db"/>
      </object_component>
      <object_component id="oc-254">
         <name>.data:$O1$$</name>
         <load_address>0x200006a8</load_address>
         <run_address>0x200006a8</run_address>
         <size>0x8</size>
         <input_file_ref idref="fl-e7"/>
      </object_component>
      <object_component id="oc-545">
         <name>.bss:_CIOBUF_</name>
         <uninitialized>true</uninitialized>
         <run_address>0x20000400</run_address>
         <size>0x120</size>
         <input_file_ref idref="fl-f0"/>
      </object_component>
      <object_component id="oc-5d8">
         <name>.bss:g_pulConvertedPalette</name>
         <uninitialized>true</uninitialized>
         <run_address>0x20000000</run_address>
         <size>0x400</size>
         <input_file_ref idref="fl-fd"/>
      </object_component>
      <object_component id="oc-5cb">
         <name>.bss</name>
         <uninitialized>true</uninitialized>
         <run_address>0x20000574</run_address>
         <size>0x8</size>
         <input_file_ref idref="fl-102"/>
      </object_component>
      <object_component id="oc-35d">
         <name>.common:flappy</name>
         <uninitialized>true</uninitialized>
         <run_address>0x20000520</run_address>
         <size>0x18</size>
      </object_component>
      <object_component id="oc-360">
         <name>.common:pipe1</name>
         <uninitialized>true</uninitialized>
         <run_address>0x20000538</run_address>
         <size>0x18</size>
      </object_component>
      <object_component id="oc-361">
         <name>.common:pipe2</name>
         <uninitialized>true</uninitialized>
         <run_address>0x20000550</run_address>
         <size>0x18</size>
      </object_component>
      <object_component id="oc-362">
         <name>.common:pipe_index</name>
         <uninitialized>true</uninitialized>
         <run_address>0x2000058c</run_address>
         <size>0x4</size>
      </object_component>
      <object_component id="oc-381">
         <name>.common:score_string</name>
         <uninitialized>true</uninitialized>
         <run_address>0x20000568</run_address>
         <size>0xc</size>
      </object_component>
      <object_component id="oc-115">
         <name>.common:conversion_values</name>
         <uninitialized>true</uninitialized>
         <run_address>0x2000057c</run_address>
         <size>0x8</size>
      </object_component>
      <object_component id="oc-1a0">
         <name>.common:Lcd_Orientation</name>
         <uninitialized>true</uninitialized>
         <run_address>0x20000598</run_address>
         <size>0x1</size>
      </object_component>
      <object_component id="oc-198">
         <name>.common:Lcd_ScreenWidth</name>
         <uninitialized>true</uninitialized>
         <run_address>0x20000592</run_address>
         <size>0x2</size>
      </object_component>
      <object_component id="oc-19b">
         <name>.common:Lcd_ScreenHeigth</name>
         <uninitialized>true</uninitialized>
         <run_address>0x20000590</run_address>
         <size>0x2</size>
      </object_component>
      <object_component id="oc-19c">
         <name>.common:Lcd_PenSolid</name>
         <uninitialized>true</uninitialized>
         <run_address>0x20000599</run_address>
         <size>0x1</size>
      </object_component>
      <object_component id="oc-19d">
         <name>.common:Lcd_FontSolid</name>
         <uninitialized>true</uninitialized>
         <run_address>0x20000597</run_address>
         <size>0x1</size>
      </object_component>
      <object_component id="oc-19e">
         <name>.common:Lcd_FlagRead</name>
         <uninitialized>true</uninitialized>
         <run_address>0x20000596</run_address>
         <size>0x1</size>
      </object_component>
      <object_component id="oc-19f">
         <name>.common:Lcd_TouchTrim</name>
         <uninitialized>true</uninitialized>
         <run_address>0x20000594</run_address>
         <size>0x2</size>
      </object_component>
      <object_component id="oc-41a">
         <name>.common:parmbuf</name>
         <uninitialized>true</uninitialized>
         <run_address>0x20000584</run_address>
         <size>0x8</size>
      </object_component>
      <object_component id="oc-29">
         <name>.stack</name>
         <uninitialized>true</uninitialized>
         <run_address>0x2000fe00</run_address>
         <size>0x4</size>
         <input_file_ref idref="fl-d9"/>
      </object_component>
      <object_component id="oc-70c">
         <name>.stack</name>
         <uninitialized>true</uninitialized>
         <run_address>0x2000fe00</run_address>
         <size>0x0</size>
      </object_component>
      <object_component id="oc-24a">
         <name>.debug_info</name>
         <load_address>0x0</load_address>
         <run_address>0x0</run_address>
         <size>0x9f0</size>
         <input_file_ref idref="fl-2"/>
      </object_component>
      <object_component id="oc-3a6">
         <name>.debug_info</name>
         <load_address>0x9f0</load_address>
         <run_address>0x9f0</run_address>
         <size>0x23f</size>
         <input_file_ref idref="fl-2"/>
      </object_component>
      <object_component id="oc-3a9">
         <name>.debug_info</name>
         <load_address>0xc2f</load_address>
         <run_address>0xc2f</run_address>
         <size>0xd1</size>
         <input_file_ref idref="fl-2"/>
      </object_component>
      <object_component id="oc-3ac">
         <name>.debug_info</name>
         <load_address>0xd00</load_address>
         <run_address>0xd00</run_address>
         <size>0xd1</size>
         <input_file_ref idref="fl-2"/>
      </object_component>
      <object_component id="oc-3af">
         <name>.debug_info</name>
         <load_address>0xdd1</load_address>
         <run_address>0xdd1</run_address>
         <size>0xd1</size>
         <input_file_ref idref="fl-2"/>
      </object_component>
      <object_component id="oc-3b2">
         <name>.debug_info</name>
         <load_address>0xea2</load_address>
         <run_address>0xea2</run_address>
         <size>0xd1</size>
         <input_file_ref idref="fl-2"/>
      </object_component>
      <object_component id="oc-3b5">
         <name>.debug_info</name>
         <load_address>0xf73</load_address>
         <run_address>0xf73</run_address>
         <size>0xd1</size>
         <input_file_ref idref="fl-2"/>
      </object_component>
      <object_component id="oc-236">
         <name>.debug_info</name>
         <load_address>0x1044</load_address>
         <run_address>0x1044</run_address>
         <size>0xc14</size>
         <input_file_ref idref="fl-2"/>
      </object_component>
      <object_component id="oc-218">
         <name>.debug_info</name>
         <load_address>0x1c58</load_address>
         <run_address>0x1c58</run_address>
         <size>0x178</size>
         <input_file_ref idref="fl-2"/>
      </object_component>
      <object_component id="oc-512">
         <name>.debug_info</name>
         <load_address>0x1dd0</load_address>
         <run_address>0x1dd0</run_address>
         <size>0x48</size>
         <input_file_ref idref="fl-2"/>
      </object_component>
      <object_component id="oc-4c3">
         <name>.debug_info</name>
         <load_address>0x1e18</load_address>
         <run_address>0x1e18</run_address>
         <size>0xfb</size>
         <input_file_ref idref="fl-2"/>
      </object_component>
      <object_component id="oc-31b">
         <name>.debug_info</name>
         <load_address>0x1f13</load_address>
         <run_address>0x1f13</run_address>
         <size>0xed</size>
         <input_file_ref idref="fl-2"/>
      </object_component>
      <object_component id="oc-12f">
         <name>.debug_info</name>
         <load_address>0x2000</load_address>
         <run_address>0x2000</run_address>
         <size>0x26b</size>
         <input_file_ref idref="fl-2"/>
      </object_component>
      <object_component id="oc-245">
         <name>.debug_info</name>
         <load_address>0x226b</load_address>
         <run_address>0x226b</run_address>
         <size>0x1055</size>
         <input_file_ref idref="fl-2"/>
      </object_component>
      <object_component id="oc-3cc">
         <name>.debug_info</name>
         <load_address>0x32c0</load_address>
         <run_address>0x32c0</run_address>
         <size>0x37e2</size>
         <input_file_ref idref="fl-2"/>
      </object_component>
      <object_component id="oc-11e">
         <name>.debug_info</name>
         <load_address>0x6aa2</load_address>
         <run_address>0x6aa2</run_address>
         <size>0x439</size>
         <input_file_ref idref="fl-2"/>
      </object_component>
      <object_component id="oc-119">
         <name>.debug_info</name>
         <load_address>0x6edb</load_address>
         <run_address>0x6edb</run_address>
         <size>0x341</size>
         <input_file_ref idref="fl-2"/>
      </object_component>
      <object_component id="oc-1cc">
         <name>.debug_info</name>
         <load_address>0x721c</load_address>
         <run_address>0x721c</run_address>
         <size>0x8b</size>
         <input_file_ref idref="fl-2"/>
      </object_component>
      <object_component id="oc-24b">
         <name>.debug_info</name>
         <load_address>0x72a7</load_address>
         <run_address>0x72a7</run_address>
         <size>0x2a4</size>
         <input_file_ref idref="fl-2"/>
      </object_component>
      <object_component id="oc-128">
         <name>.debug_info</name>
         <load_address>0x754b</load_address>
         <run_address>0x754b</run_address>
         <size>0xef</size>
         <input_file_ref idref="fl-2"/>
      </object_component>
      <object_component id="oc-123">
         <name>.debug_info</name>
         <load_address>0x763a</load_address>
         <run_address>0x763a</run_address>
         <size>0xbb</size>
         <input_file_ref idref="fl-2"/>
      </object_component>
      <object_component id="oc-45a">
         <name>.debug_info</name>
         <load_address>0x76f5</load_address>
         <run_address>0x76f5</run_address>
         <size>0x2c</size>
         <input_file_ref idref="fl-2"/>
      </object_component>
      <object_component id="oc-28e">
         <name>.debug_info</name>
         <load_address>0x7721</load_address>
         <run_address>0x7721</run_address>
         <size>0x131</size>
         <input_file_ref idref="fl-2"/>
      </object_component>
      <object_component id="oc-318">
         <name>.debug_info</name>
         <load_address>0x7852</load_address>
         <run_address>0x7852</run_address>
         <size>0xa0c</size>
         <input_file_ref idref="fl-3"/>
      </object_component>
      <object_component id="oc-300">
         <name>.debug_info</name>
         <load_address>0x825e</load_address>
         <run_address>0x825e</run_address>
         <size>0x276</size>
         <input_file_ref idref="fl-3"/>
      </object_component>
      <object_component id="oc-315">
         <name>.debug_info</name>
         <load_address>0x84d4</load_address>
         <run_address>0x84d4</run_address>
         <size>0xc7</size>
         <input_file_ref idref="fl-3"/>
      </object_component>
      <object_component id="oc-1e5">
         <name>.debug_info</name>
         <load_address>0x859b</load_address>
         <run_address>0x859b</run_address>
         <size>0xefa</size>
         <input_file_ref idref="fl-3"/>
      </object_component>
      <object_component id="oc-297">
         <name>.debug_info</name>
         <load_address>0x9495</load_address>
         <run_address>0x9495</run_address>
         <size>0x37e2</size>
         <input_file_ref idref="fl-3"/>
      </object_component>
      <object_component id="oc-324">
         <name>.debug_info</name>
         <load_address>0xcc77</load_address>
         <run_address>0xcc77</run_address>
[...]
      <symbol id="sm-84c">
         <name>__aeabi_memclr</name>
         <value>0x5625</value>
         <object_component_ref idref="oc-8d"/>
      </symbol>
      <symbol id="sm-85b">
         <name>__aeabi_uidivmod</name>
         <value>0x5d31</value>
         <object_component_ref idref="oc-2cf"/>
      </symbol>
      <symbol id="sm-85c">
         <name>__aeabi_uidiv</name>
         <value>0x5d31</value>
         <object_component_ref idref="oc-2cf"/>
      </symbol>
      <symbol id="sm-86a">
         <name>__aeabi_ldivmod</name>
         <value>0x570d</value>
         <object_component_ref idref="oc-430"/>
      </symbol>
      <symbol id="sm-877">
         <name>__aeabi_uldivmod</name>
         <value>0x51e5</value>
         <object_component_ref idref="oc-553"/>
      </symbol>
      <symbol id="sm-89f">
         <name>__TI_auto_init_nobinit_nopinit</name>
         <value>0x5c2d</value>
         <object_component_ref idref="oc-150"/>
      </symbol>
      <symbol id="sm-8a9">
         <name>_system_pre_init</name>
         <value>0x63a9</value>
         <object_component_ref idref="oc-93"/>
      </symbol>
      <symbol id="sm-8b5">
         <name>C$$EXIT</name>
         <value>0x63ad</value>
         <object_component_ref idref="oc-144"/>
      </symbol>
      <symbol id="sm-8b6">
         <name>abort</name>
         <value>0x63ad</value>
         <object_component_ref idref="oc-144"/>
      </symbol>
      <symbol id="sm-8cb">
         <name>_nop</name>
         <value>0xb33</value>
         <object_component_ref idref="oc-3d3"/>
      </symbol>
      <symbol id="sm-8cc">
         <name>_lock</name>
         <value>0x200006a8</value>
         <object_component_ref idref="oc-254"/>
      </symbol>
      <symbol id="sm-8cd">
         <name>_unlock</name>
         <value>0x200006ac</value>
         <object_component_ref idref="oc-254"/>
      </symbol>
      <symbol id="sm-8dc">
         <name>__TI_ltoa</name>
         <value>0x59c7</value>
         <object_component_ref idref="oc-61c"/>
      </symbol>
      <symbol id="sm-8f3">
         <name>atoi</name>
         <value>0x5ac1</value>
         <object_component_ref idref="oc-564"/>
      </symbol>
      <symbol id="sm-8fe">
         <name>_ctypes_</name>
         <value>0x9d4c</value>
         <object_component_ref idref="oc-615"/>
      </symbol>
      <symbol id="sm-90e">
         <name>memccpy</name>
         <value>0x61db</value>
         <object_component_ref idref="oc-58d"/>
      </symbol>
      <symbol id="sm-91e">
         <name>strchr</name>
         <value>0x62cf</value>
         <object_component_ref idref="oc-653"/>
      </symbol>
      <symbol id="sm-92c">
         <name>strlen</name>
         <value>0x62e5</value>
         <object_component_ref idref="oc-55e"/>
      </symbol>
      <symbol id="sm-944">
         <name>HOSTtime</name>
         <value>0x5b55</value>
         <object_component_ref idref="oc-2c2"/>
      </symbol>
      <symbol id="sm-968">
         <name>__TI_readmsg</name>
         <value>0x5ecd</value>
         <object_component_ref idref="oc-414"/>
      </symbol>
      <symbol id="sm-969">
         <name>C$$IO$$</name>
         <value>0x5e1f</value>
         <object_component_ref idref="oc-40e"/>
      </symbol>
      <symbol id="sm-96a">
         <name>__CIOBUF_</name>
         <value>0x20000400</value>
         <object_component_ref idref="oc-545"/>
      </symbol>
      <symbol id="sm-96b">
         <name>__TI_writemsg</name>
         <value>0x5df1</value>
         <object_component_ref idref="oc-40e"/>
      </symbol>
      <symbol id="sm-984">
         <name>wcslen</name>
         <value>0x630b</value>
         <object_component_ref idref="oc-593"/>
      </symbol>
      <symbol id="sm-9a4">
         <name>frexpl</name>
         <value>0x5851</value>
         <object_component_ref idref="oc-647"/>
      </symbol>
      <symbol id="sm-9a5">
         <name>frexp</name>
         <value>0x5851</value>
         <object_component_ref idref="oc-647"/>
      </symbol>
      <symbol id="sm-9c2">
         <name>scalbn</name>
         <value>0x461d</value>
         <object_component_ref idref="oc-64d"/>
      </symbol>
      <symbol id="sm-9c3">
         <name>scalbnl</name>
         <value>0x461d</value>
         <object_component_ref idref="oc-64d"/>
      </symbol>
      <symbol id="sm-9c4">
         <name>ldexpl</name>
         <value>0x461d</value>
         <object_component_ref idref="oc-64d"/>
      </symbol>
      <symbol id="sm-9c5">
         <name>ldexp</name>
         <value>0x461d</value>
         <object_component_ref idref="oc-64d"/>
      </symbol>
      <symbol id="sm-9cf">
         <name>__aeabi_idiv0</name>
         <value>0x2833</value>
         <object_component_ref idref="oc-42a"/>
      </symbol>
      <symbol id="sm-9d0">
         <name>__aeabi_ldiv0</name>
         <value>0x2833</value>
         <object_component_ref idref="oc-42a"/>
      </symbol>
      <symbol id="sm-9d6">
         <name>parmbuf</name>
         <value>0x20000584</value>
      </symbol>
      <symbol id="sm-9e0">
         <name>copysign</name>
         <value>0x6245</value>
         <object_component_ref idref="oc-6a4"/>
      </symbol>
      <symbol id="sm-9e1">
         <name>copysignl</name>
         <value>0x6245</value>
         <object_component_ref idref="oc-6a4"/>
      </symbol>
      <symbol id="sm-a27">
         <name>Graphics_setBackgroundColor</name>
         <value>0x6211</value>
         <object_component_ref idref="oc-be"/>
      </symbol>
      <symbol id="sm-a28">
         <name>Graphics_setFont</name>
         <value>0x622b</value>
         <object_component_ref idref="oc-c4"/>
      </symbol>
      <symbol id="sm-a29">
         <name>Graphics_initContext</name>
         <value>0x5a1b</value>
         <object_component_ref idref="oc-b2"/>
      </symbol>
      <symbol id="sm-a2a">
         <name>Graphics_setForegroundColor</name>
         <value>0x62a3</value>
         <object_component_ref idref="oc-b8"/>
      </symbol>
      <symbol id="sm-a2b">
         <name>Graphics_clearDisplay</name>
         <value>0x62f9</value>
         <object_component_ref idref="oc-ca"/>
      </symbol>
      <symbol id="sm-a68">
         <name>Graphics_clearDisplayOnDisplay</name>
         <value>0x61f7</value>
         <object_component_ref idref="oc-1b5"/>
      </symbol>
      <symbol id="sm-a69">
         <name>Graphics_drawPixelOnDisplay</name>
         <value>0x5fc3</value>
         <object_component_ref idref="oc-4b9"/>
      </symbol>
      <symbol id="sm-a6a">
         <name>Graphics_translateColorOnDisplay</name>
         <value>0x62b9</value>
         <object_component_ref idref="oc-1a7"/>
      </symbol>
      <symbol id="sm-a6b">
         <name>Graphics_drawHorizontalLineOnDisplay</name>
         <value>0x5e61</value>
         <object_component_ref idref="oc-5fe"/>
      </symbol>
      <symbol id="sm-a6c">
         <name>Graphics_drawVerticalLineOnDisplay</name>
         <value>0x5e97</value>
         <object_component_ref idref="oc-475"/>
      </symbol>
      <symbol id="sm-a6d">
         <name>Graphics_drawMultiplePixelsOnDisplay</name>
         <value>0x5be5</value>
         <object_component_ref idref="oc-4b3"/>
      </symbol>
      <symbol id="sm-a6e">
         <name>Graphics_fillRectangleOnDisplay</name>
         <value>0x61a1</value>
         <object_component_ref idref="oc-46d"/>
      </symbol>
      <symbol id="sm-a80">
         <name>g_sFontCmsc12</name>
         <value>0x9f2c</value>
         <object_component_ref idref="oc-34f"/>
      </symbol>
      <symbol id="sm-a92">
         <name>g_sFontCmsc14</name>
         <value>0x9ff4</value>
         <object_component_ref idref="oc-37b"/>
      </symbol>
      <symbol id="sm-aa4">
         <name>g_sFontCmsc34</name>
         <value>0xa0bc</value>
         <object_component_ref idref="oc-34c"/>
      </symbol>
      <symbol id="sm-ab6">
         <name>g_sFontFixed6x8</name>
         <value>0xa184</value>
         <object_component_ref idref="oc-fa"/>
      </symbol>
      <symbol id="sm-aec">
         <name>Graphics_drawImage</name>
         <value>0x2c95</value>
         <object_component_ref idref="oc-357"/>
      </symbol>
      <symbol id="sm-b0d">
         <name>Graphics_drawLineH</name>
         <value>0x5011</value>
         <object_component_ref idref="oc-507"/>
      </symbol>
      <symbol id="sm-b0e">
         <name>Graphics_drawLineV</name>
         <value>0x50ad</value>
         <object_component_ref idref="oc-2f9"/>
      </symbol>
      <symbol id="sm-b2e">
         <name>Graphics_drawRectangle</name>
         <value>0x4f6f</value>
         <object_component_ref idref="oc-395"/>
      </symbol>
      <symbol id="sm-b2f">
         <name>Graphics_fillRectangle</name>
         <value>0x4509</value>
         <object_component_ref idref="oc-2f3"/>
      </symbol>
      <symbol id="sm-b87">
         <name>Graphics_drawStringCentered</name>
         <value>0x5b0d</value>
         <object_component_ref idref="oc-2ed"/>
      </symbol>
      <symbol id="sm-b88">
         <name>Graphics_drawString</name>
         <value>0x23b5</value>
         <object_component_ref idref="oc-465"/>
      </symbol>
      <symbol id="sm-b89">
         <name>Graphics_getStringWidth</name>
         <value>0x492d</value>
         <object_component_ref idref="oc-45f"/>
      </symbol>
      <symbol id="sm-c10">
         <name>ADC14_configureMultiSequenceMode</name>
         <value>0x4d59</value>
         <object_component_ref idref="oc-d0"/>
      </symbol>
      <symbol id="sm-c11">
         <name>ADC14_configureConversionMemory</name>
         <value>0x4ca5</value>
         <object_component_ref idref="oc-d6"/>
      </symbol>
      <symbol id="sm-c12">
         <name>ADC14_getResult</name>
         <value>0x601d</value>
         <object_component_ref idref="oc-e8"/>
      </symbol>
      <symbol id="sm-c99">
         <name>CS_clearInterruptFlag</name>
         <value>0x5f35</value>
         <object_component_ref idref="oc-5bf"/>
      </symbol>
      <symbol id="sm-c9a">
         <name>CS_getDCOFrequency</name>
         <value>0x4a29</value>
         <object_component_ref idref="oc-5c5"/>
      </symbol>
      <symbol id="sm-c9b">
         <name>CS_getSMCLK</name>
         <value>0x6045</value>
         <object_component_ref idref="oc-30e"/>
      </symbol>
      <symbol id="sm-d1b">
         <name>GPIO_setOutputHighOnPin</name>
         <value>0x6095</value>
         <object_component_ref idref="oc-192"/>
      </symbol>
      <symbol id="sm-d1c">
         <name>GPIO_setAsInputPinWithPullUpResistor</name>
         <value>0x5919</value>
         <object_component_ref idref="oc-302"/>
      </symbol>
      <symbol id="sm-d1d">
         <name>GPIO_getInterruptStatus</name>
         <value>0x615d</value>
         <object_component_ref idref="oc-207"/>
      </symbol>
      <symbol id="sm-d1e">
         <name>GPIO_getEnabledInterruptStatus</name>
         <value>0x54a5</value>
         <object_component_ref idref="oc-fd"/>
      </symbol>
      <symbol id="sm-d1f">
         <name>GPIO_setAsOutputPin</name>
         <value>0x5c71</value>
         <object_component_ref idref="oc-278"/>
      </symbol>
      <symbol id="sm-d20">
         <name>GPIO_setOutputLowOnPin</name>
         <value>0x60bd</value>
         <object_component_ref idref="oc-18c"/>
      </symbol>
      <symbol id="sm-d21">
         <name>GPIO_clearInterruptFlag</name>
         <value>0x606d</value>
         <object_component_ref idref="oc-103"/>
      </symbol>
      <symbol id="sm-d22">
         <name>GPIO_toggleOutputOnPin</name>
         <value>0x60e5</value>
         <object_component_ref idref="oc-369"/>
      </symbol>
      <symbol id="sm-d23">
         <name>GPIO_setAsPeripheralModuleFunctionOutputPin</name>
         <value>0x5311</value>
         <object_component_ref idref="oc-272"/>
      </symbol>
      <symbol id="sm-d24">
         <name>GPIO_getInputPinValue</name>
         <value>0x5f65</value>
         <object_component_ref idref="oc-308"/>
      </symbol>
      <symbol id="sm-d55">
         <name>Interrupt_enableSleepOnIsrExit</name>
         <value>0x633d</value>
         <object_component_ref idref="oc-334"/>
      </symbol>
      <symbol id="sm-d56">
         <name>Interrupt_enableInterrupt</name>
         <value>0x5529</value>
         <object_component_ref idref="oc-e2"/>
      </symbol>
      <symbol id="sm-d57">
         <name>Interrupt_disableSleepOnIsrExit</name>
         <value>0x632d</value>
         <object_component_ref idref="oc-340"/>
      </symbol>
      <symbol id="sm-d66">
         <name>PCM_gotoLPM0</name>
         <value>0x610d</value>
         <object_component_ref idref="oc-33a"/>
      </symbol>
      <symbol id="sm-da6">
         <name>EUSCI_B_SPI_enable</name>
         <value>0x628d</value>
         <object_component_ref idref="oc-402"/>
      </symbol>
      <symbol id="sm-da7">
         <name>SPI_enableModule</name>
         <value>0x61bf</value>
         <object_component_ref idref="oc-284"/>
      </symbol>
      <symbol id="sm-da8">
         <name>EUSCI_A_SPI_enable</name>
         <value>0x6277</value>
         <object_component_ref idref="oc-3fc"/>
      </symbol>
      <symbol id="sm-da9">
         <name>SPI_initMaster</name>
         <value>0x4ebf</value>
         <object_component_ref idref="oc-27e"/>
      </symbol>
      <symbol id="sm-dbf">
         <name>SysCtl_A_getTLVInfo</name>
         <value>0x527d</value>
         <object_component_ref idref="oc-677"/>
      </symbol>
      <symbol id="sm-dcb">
         <name>Timer_A_clearCaptureCompareInterrupt</name>
         <value>0x5ff1</value>
         <object_component_ref idref="oc-ee"/>
      </symbol>
      <symbol id="sm-dd6">
         <name>CPU_wfi</name>
         <value>0x63a5</value>
         <object_component_ref idref="oc-491"/>
      </symbol>
      <symbol id="sm-dd7">
         <name>__TI_static_base__</name>
         <value>0x0</value>
      </symbol>
      <symbol id="sm-dda">
         <name>__mpu_init</name>
         <value>0x0</value>
      </symbol>
      <symbol id="sm-ddb">
         <name>_system_post_cinit</name>
         <value>0x0</value>
      </symbol>
      <symbol id="sm-ddc">
         <name>NMI_Handler</name>
         <value>0x6385</value>
      </symbol>
      <symbol id="sm-ddd">
         <name>HardFault_Handler</name>
         <value>0x6385</value>
      </symbol>
      <symbol id="sm-dde">
         <name>MemManage_Handler</name>
         <value>0x6385</value>
      </symbol>
      <symbol id="sm-ddf">
         <name>BusFault_Handler</name>
         <value>0x6385</value>
      </symbol>
      <symbol id="sm-de0">
         <name>UsageFault_Handler</name>
         <value>0x6385</value>
      </symbol>
      <symbol id="sm-de1">
         <name>SVC_Handler</name>
         <value>0x6385</value>
      </symbol>
      <symbol id="sm-de2">
         <name>DebugMon_Handler</name>
         <value>0x6385</value>
      </symbol>
      <symbol id="sm-de3">
         <name>PendSV_Handler</name>
         <value>0x6385</value>
      </symbol>
      <symbol id="sm-de4">
         <name>SysTick_Handler</name>
         <value>0x6385</value>
      </symbol>
      <symbol id="sm-de5">
         <name>PSS_IRQHandler</name>
         <value>0x6385</value>
      </symbol>
      <symbol id="sm-de6">
         <name>CS_IRQHandler</name>
         <value>0x6385</value>
      </symbol>
      <symbol id="sm-de7">
         <name>PCM_IRQHandler</name>
         <value>0x6385</value>
      </symbol>
      <symbol id="sm-de8">
         <name>WDT_A_IRQHandler</name>
         <value>0x6385</value>
      </symbol>
      <symbol id="sm-de9">
         <name>FPU_IRQHandler</name>
         <value>0x6385</value>
      </symbol>
      <symbol id="sm-dea">
         <name>FLCTL_IRQHandler</name>
         <value>0x6385</value>
      </symbol>
      <symbol id="sm-deb">
         <name>COMP_E0_IRQHandler</name>
         <value>0x6385</value>
      </symbol>
      <symbol id="sm-dec">
         <name>COMP_E1_IRQHandler</name>
         <value>0x6385</value>
      </symbol>
      <symbol id="sm-ded">
         <name>TA0_0_IRQHandler</name>
         <value>0x2285</value>
      </symbol>
      <symbol id="sm-dee">
         <name>TA0_N_IRQHandler</name>
         <value>0x6385</value>
      </symbol>
      <symbol id="sm-def">
         <name>TA1_0_IRQHandler</name>
         <value>0x22a9</value>
      </symbol>
      <symbol id="sm-df0">
         <name>TA1_N_IRQHandler</name>
         <value>0x6385</value>
      </symbol>
      <symbol id="sm-df1">
         <name>TA2_0_IRQHandler</name>
         <value>0x6385</value>
      </symbol>
      <symbol id="sm-df2">
         <name>TA2_N_IRQHandler</name>
         <value>0x6385</value>
      </symbol>
      <symbol id="sm-df3">
         <name>TA3_0_IRQHandler</name>
         <value>0x6385</value>
      </symbol>
      <symbol id="sm-df4">
         <name>TA3_N_IRQHandler</name>
         <value>0x6385</value>
      </symbol>
      <symbol id="sm-df5">
         <name>EUSCIA0_IRQHandler</name>
         <value>0x6385</value>
      </symbol>
      <symbol id="sm-df6">
         <name>EUSCIA1_IRQHandler</name>
         <value>0x6385</value>
      </symbol>
      <symbol id="sm-df7">
         <name>EUSCIA2_IRQHandler</name>
         <value>0x6385</value>
      </symbol>
      <symbol id="sm-df8">
         <name>EUSCIA3_IRQHandler</name>
         <value>0x6385</value>
      </symbol>
      <symbol id="sm-df9">
         <name>EUSCIB0_IRQHandler</name>
         <value>0x6385</value>
      </symbol>
      <symbol id="sm-dfa">
         <name>EUSCIB1_IRQHandler</name>
         <value>0x6385</value>
      </symbol>
      <symbol id="sm-dfb">
         <name>EUSCIB2_IRQHandler</name>
         <value>0x6385</value>
      </symbol>
      <symbol id="sm-dfc">
         <name>EUSCIB3_IRQHandler</name>
         <value>0x6385</value>
      </symbol>
      <symbol id="sm-dfd">
         <name>ADC14_IRQHandler</name>
         <value>0x21f9</value>
      </symbol>
      <symbol id="sm-dfe">
         <name>T32_INT1_IRQHandler</name>
         <value>0x6385</value>
      </symbol>
      <symbol id="sm-dff">
         <name>T32_INT2_IRQHandler</name>
         <value>0x6385</value>
      </symbol>
      <symbol id="sm-e00">
         <name>T32_INTC_IRQHandler</name>
         <value>0x6385</value>
      </symbol>
      <symbol id="sm-e01">
         <name>AES256_IRQHandler</name>
         <value>0x6385</value>
      </symbol>
      <symbol id="sm-e02">
         <name>RTC_C_IRQHandler</name>
         <value>0x6385</value>
      </symbol>
      <symbol id="sm-e03">
         <name>DMA_ERR_IRQHandler</name>
         <value>0x6385</value>
      </symbol>
      <symbol id="sm-e04">
         <name>DMA_INT3_IRQHandler</name>
         <value>0x6385</value>
      </symbol>
      <symbol id="sm-e05">
         <name>DMA_INT2_IRQHandler</name>
         <value>0x6385</value>
      </symbol>
      <symbol id="sm-e06">
         <name>DMA_INT1_IRQHandler</name>
         <value>0x6385</value>
      </symbol>
      <symbol id="sm-e07">
         <name>DMA_INT0_IRQHandler</name>
         <value>0x6385</value>
      </symbol>
      <symbol id="sm-e08">
         <name>PORT1_IRQHandler</name>
         <value>0x6385</value>
      </symbol>
      <symbol id="sm-e09">
         <name>PORT2_IRQHandler</name>
         <value>0x6385</value>
      </symbol>
      <symbol id="sm-e0a">
         <name>PORT3_IRQHandler</name>
         <value>0x232d</value>
      </symbol>
      <symbol id="sm-e0b">
         <name>PORT4_IRQHandler</name>
         <value>0x22fd</value>
      </symbol>
      <symbol id="sm-e0c">
         <name>PORT5_IRQHandler</name>
         <value>0x2355</value>
      </symbol>
      <symbol id="sm-e0d">
         <name>PORT6_IRQHandler</name>
         <value>0x6385</value>
      </symbol>
   </symbol_table>
   <title>Link successful</title>
</link_info>
