******************************************************************************
                  TI ARM Linker PC v20.2.7                     
******************************************************************************
>> Linked Thu Feb 12 13:27:55 2026

OUTPUT FILE NAME:   <MSP432_Smart_Watch.out>
ENTRY POINT SYMBOL: "_c_int00_noargs"  address: 00005f01


MEMORY CONFIGURATION

         name            origin    length      used     unused   attr    fill
----------------------  --------  ---------  --------  --------  ----  --------
  MAIN                  00000000   00040000  0000a67c  00035984  R  X
  INFO                  00200000   00004000  00000000  00004000  R  X
  SRAM_CODE             01000000   00010000  000008ba  0000f746  RW X
  SRAM_DATA             20000000   00010000  000008ba  0000f746  RW  


SEGMENT ALLOCATION MAP

run origin  load origin   length   init length attrs members
----------  ----------- ---------- ----------- ----- -------
00000000    00000000    0000a680   0000a680    r-x
  00000000    00000000    000000e4   000000e4    r-- .intvecs
  000000e4    000000e4    000062cc   000062cc    r-x .text
  000063b0    000063b0    0000424c   0000424c    r-- .const
  0000a600    0000a600    00000080   00000080    r-- .cinit
20000000    20000000    000006c0   00000000    rw-
  20000000    20000000    0000059a   00000000    rw- .bss
  200005a0    200005a0    00000120   00000000    rw- .data
2000fe00    2000fe00    00000200   00000000    rw-
  2000fe00    2000fe00    00000200   00000000    rw- .stack


SECTION ALLOCATION MAP

 output                                  attributes/
section   page    origin      length       input sections
--------  ----  ----------  ----------   ----------------
.intvecs   0    00000000    000000e4     
                  00000000    000000e4     startup_msp432p401r_ccs.obj (.intvecs:retain)

.text      0    000000e4    000062cc     
                  000000e4    00000a4e     rtsv7M4_T_le_v4SPD16_eabi.lib : _printfi.c.obj (.text:__TI_printfi)
                  00000b32    00000002                                   : _lock.c.obj (.text:_nop)
                  00000b34    00000744     alarm.obj (.text)
                  00001278    00000680     Crystalfontz128x128_ST7735.obj (.text)
                  000018f8    000005dc     activity_tracker.obj (.text)
                  00001ed4    000004e0     main.obj (.text)
                  000023b4    0000047e     grlib.a : string.obj (.text:Graphics_drawString)
                  00002832    00000002     rtsv7M4_T_le_v4SPD16_eabi.lib : div0.asm.obj (.text)
                  00002834    00000460     game.obj (.text)
                  00002c94    00000390     grlib.a : image.obj (.text:Graphics_drawImage)
                  00003024    00000334     system_msp432p401r.obj (.text)
                  00003358    000002a0     rtsv7M4_T_le_v4SPD16_eabi.lib : mktime.c.obj (.text:__mktime32)
                  000035f8    00000270                                   : _printfi.c.obj (.text:_pconv_a)
                  00003868    000001d0                                   : _printfi.c.obj (.text:_pconv_g)
                  00003a38    000001cc     main_page.obj (.text)
                  00003c04    000001b6     rtsv7M4_T_le_v4SPD16_eabi.lib : fd_add_t2.asm.obj (.text)
                  00003dba    00000002     --HOLE-- [fill = 0]
                  00003dbc    00000160     msp432p4xx_driverlib.lib : adc14.o (.text:_getIndexForMemRegister)
                  00003f1c    0000013c     rtsv7M4_T_le_v4SPD16_eabi.lib : _printfi.c.obj (.text:_pconv_e)
                  00004058    00000136                                   : fd_div_t2.asm.obj (.text)
                  0000418e    00000002     --HOLE-- [fill = 0]
                  00004190    00000134                                   : localtim.c.obj (.text:__localtime32)
                  000042c4    00000124                                   : _printfi.c.obj (.text:fcvt)
                  000043e8    00000120     time_display.obj (.text)
                  00004508    00000112     grlib.a : rectangle.obj (.text:Graphics_fillRectangle)
                  0000461a    00000002     --HOLE-- [fill = 0]
                  0000461c    00000110     rtsv7M4_T_le_v4SPD16_eabi.lib : s_scalbn.c.obj (.text:scalbn)
                  0000472c    00000104     msp432p4xx_driverlib.lib : cs.o (.text:_CSComputeCLKFrequency)
                  00004830    000000fc     rtsv7M4_T_le_v4SPD16_eabi.lib : fd_mul_t2.asm.obj (.text)
                  0000492c    000000fa     grlib.a : string.obj (.text:Graphics_getStringWidth)
                  00004a26    00000002     --HOLE-- [fill = 0]
                  00004a28    000000f8     msp432p4xx_driverlib.lib : cs.o (.text:CS_getDCOFrequency)
                  00004b20    000000cc     HAL_MSP_EXP432P401R_Crystalfontz128x128_ST7735.obj (.text)
                  00004bec    000000b8     system_time.obj (.text)
                  00004ca4    000000b4     msp432p4xx_driverlib.lib : adc14.o (.text:ADC14_configureConversionMemory)
                  00004d58    000000b4                              : adc14.o (.text:ADC14_configureMultiSequenceMode)
                  00004e0c    000000b1     rtsv7M4_T_le_v4SPD16_eabi.lib : _printfi.c.obj (.text:_ltostr)
                  00004ebd    00000001     --HOLE-- [fill = 0]
                  00004ebe    000000b0     msp432p4xx_driverlib.lib : spi.o (.text:SPI_initMaster)
                  00004f6e    000000a2     grlib.a : rectangle.obj (.text:Graphics_drawRectangle)
                  00005010    0000009c             : line.obj (.text:Graphics_drawLineH)
                  000050ac    0000009c             : line.obj (.text:Graphics_drawLineV)
                  00005148    0000009c     rtsv7M4_T_le_v4SPD16_eabi.lib : memcpy_t2.asm.obj (.text)
                  000051e4    00000096                                   : ull_div_t2.asm.obj (.text)
                  0000527a    00000002     --HOLE-- [fill = 0]
                  0000527c    00000094     msp432p4xx_driverlib.lib : sysctl_a.o (.text:SysCtl_A_getTLVInfo)
                  00005310    00000088                              : gpio.o (.text:GPIO_setAsPeripheralModuleFunctionOutputPin)
                  00005398    00000086     rtsv7M4_T_le_v4SPD16_eabi.lib : fd_cmp_t2.asm.obj (.text:__aeabi_cdcmple)
                  0000541e    00000086                                   : fd_cmp_t2.asm.obj (.text:__aeabi_cdrcmple)
                  000054a4    00000084     msp432p4xx_driverlib.lib : gpio.o (.text:GPIO_getEnabledInterruptStatus)
                  00005528    00000080                              : interrupt.o (.text:Interrupt_enableInterrupt)
                  000055a8    0000007c                              : cs.o (.text:_CSGetDOCFrequency)
                  00005624    0000007a     rtsv7M4_T_le_v4SPD16_eabi.lib : memset_t2.asm.obj (.text)
                  0000569e    0000006e                                   : _printfi.c.obj (.text:_mcpy)
                  0000570c    0000006e                                   : ll_div_t2.asm.obj (.text)
                  0000577a    00000002     --HOLE-- [fill = 0]
                  0000577c    0000006c     grlib.a : image.obj (.text:Graphics_convertPalette)
                  000057e8    00000068     rtsv7M4_T_le_v4SPD16_eabi.lib : copy_decompress_lzss.c.obj (.text:decompress:lzss:__TI_decompress_lzss)
                  00005850    00000064                                   : s_frexp.c.obj (.text:frexp)
                  000058b4    00000062     msp432p4xx_driverlib.lib : cs.o (.text:_CSGetDividerValue)
                  00005916    00000002     --HOLE-- [fill = 0]
                  00005918    00000058                              : gpio.o (.text:GPIO_setAsInputPinWithPullUpResistor)
                  00005970    00000056     rtsv7M4_T_le_v4SPD16_eabi.lib : _printfi.c.obj (.text:_pconv_f)
                  000059c6    00000054                                   : _ltoa.c.obj (.text:__TI_ltoa)
                  00005a1a    00000052     grlib.a : context.obj (.text:Graphics_initContext)
                  00005a6c    00000052     rtsv7M4_T_le_v4SPD16_eabi.lib : _printfi.c.obj (.text:_ecpy)
                  00005abe    00000002     --HOLE-- [fill = 0]
                  00005ac0    0000004c                                   : atoi.c.obj (.text:atoi)
                  00005b0c    00000048     grlib.a : string.obj (.text:Graphics_drawStringCentered)
                  00005b54    00000048     rtsv7M4_T_le_v4SPD16_eabi.lib : hosttime.c.obj (.text:HOSTtime)
                  00005b9c    00000048                                   : fd_toi_t2.asm.obj (.text)
                  00005be4    00000046     grlib.a : display.obj (.text:Graphics_drawMultiplePixelsOnDisplay)
                  00005c2a    00000002     --HOLE-- [fill = 0]
                  00005c2c    00000044     rtsv7M4_T_le_v4SPD16_eabi.lib : autoinit.c.obj (.text:__TI_auto_init_nobinit_nopinit:__TI_auto_init_nobinit_nopinit)
                  00005c70    00000040     msp432p4xx_driverlib.lib : gpio.o (.text:GPIO_setAsOutputPin)
                  00005cb0    00000040     grlib.a : string.obj (.text:Graphics_getNumberOfLeadingZeros)
                  00005cf0    00000040     msp432p4xx_driverlib.lib : spi.o (.text:is_A_Module)
                  00005d30    00000040     rtsv7M4_T_le_v4SPD16_eabi.lib : u_divt2.asm.obj (.text)
                  00005d70    00000040                                   : sprintf.c.obj (.text:sprintf)
                  00005db0    0000003e                                   : _printfi.c.obj (.text:_fcpy)
                  00005dee    00000002     --HOLE-- [fill = 0]
                  00005df0    00000038                                   : trgmsg.c.obj (.text:__TI_writemsg)
                  00005e28    00000038                                   : fs_tod_t2.asm.obj (.text)
                  00005e60    00000036     grlib.a : display.obj (.text:Graphics_drawHorizontalLineOnDisplay)
                  00005e96    00000036             : display.obj (.text:Graphics_drawVerticalLineOnDisplay)
                  00005ecc    00000034     rtsv7M4_T_le_v4SPD16_eabi.lib : trgmsg.c.obj (.text:__TI_readmsg)
                  00005f00    00000034                                   : boot_cortex_m.c.obj (.text:_c_int00_noargs:_c_int00_noargs)
                  00005f34    00000030     msp432p4xx_driverlib.lib : cs.o (.text:CS_clearInterruptFlag)
                  00005f64    00000030                              : gpio.o (.text:GPIO_getInputPinValue)
                  00005f94    0000002e     rtsv7M4_T_le_v4SPD16_eabi.lib : i_tofd_t2.asm.obj (.text)
                  00005fc2    0000002c     grlib.a : display.obj (.text:Graphics_drawPixelOnDisplay)
                  00005fee    00000002     --HOLE-- [fill = 0]
                  00005ff0    0000002c     msp432p4xx_driverlib.lib : timer_a.o (.text:Timer_A_clearCaptureCompareInterrupt)
                  0000601c    00000028                              : adc14.o (.text:ADC14_getResult)
                  00006044    00000028                              : cs.o (.text:CS_getSMCLK)
                  0000606c    00000028                              : gpio.o (.text:GPIO_clearInterruptFlag)
                  00006094    00000028                              : gpio.o (.text:GPIO_setOutputHighOnPin)
                  000060bc    00000028                              : gpio.o (.text:GPIO_setOutputLowOnPin)
                  000060e4    00000028                              : gpio.o (.text:GPIO_toggleOutputOnPin)
                  0000610c    00000028                              : pcm.o (.text:PCM_gotoLPM0)
                  00006134    00000028     rtsv7M4_T_le_v4SPD16_eabi.lib : e_sqrtf.c.obj (.text:sqrtf)
                  0000615c    00000024     msp432p4xx_driverlib.lib : gpio.o (.text:GPIO_getInterruptStatus)
                  00006180    00000020     rtsv7M4_T_le_v4SPD16_eabi.lib : u_tofd_t2.asm.obj (.text)
                  000061a0    0000001e     grlib.a : display.obj (.text:Graphics_fillRectangleOnDisplay)
                  000061be    0000001c     msp432p4xx_driverlib.lib : spi.o (.text:SPI_enableModule)
                  000061da    0000001c     rtsv7M4_T_le_v4SPD16_eabi.lib : memccpy.c.obj (.text:memccpy)
                  000061f6    0000001a     grlib.a : display.obj (.text:Graphics_clearDisplayOnDisplay)
                  00006210    0000001a             : context.obj (.text:Graphics_setBackgroundColor)
                  0000622a    0000001a             : context.obj (.text:Graphics_setFont)
                  00006244    0000001a     rtsv7M4_T_le_v4SPD16_eabi.lib : s_copysign.c.obj (.text:copysign)
                  0000625e    00000018                                   : sprintf.c.obj (.text:_outs)
                  00006276    00000016     msp432p4xx_driverlib.lib : spi.o (.text:EUSCI_A_SPI_enable)
                  0000628c    00000016                              : spi.o (.text:EUSCI_B_SPI_enable)
                  000062a2    00000016     grlib.a : context.obj (.text:Graphics_setForegroundColor)
                  000062b8    00000016             : display.obj (.text:Graphics_translateColorOnDisplay)
                  000062ce    00000016     rtsv7M4_T_le_v4SPD16_eabi.lib : strchr.c.obj (.text:strchr)
                  000062e4    00000014                                   : strlen.c.obj (.text:strlen)
                  000062f8    00000012     grlib.a : context.obj (.text:Graphics_clearDisplay)
                  0000630a    00000012     rtsv7M4_T_le_v4SPD16_eabi.lib : wcslen.c.obj (.text:wcslen)
                  0000631c    00000010     msp432p4xx_driverlib.lib : adc14.o (.text:ADCIsConversionRunning)
                  0000632c    00000010                              : interrupt.o (.text:Interrupt_disableSleepOnIsrExit)
                  0000633c    00000010                              : interrupt.o (.text:Interrupt_enableSleepOnIsrExit)
                  0000634c    00000010     tasks.obj (.text)
                  0000635c    0000000e     rtsv7M4_T_le_v4SPD16_eabi.lib : time.c.obj (.text:__time32)
                  0000636a    0000000e                                   : copy_decompress_none.c.obj (.text:decompress:none:__TI_decompress_none)
                  00006378    0000000e     startup_msp432p401r_ccs.obj (.text)
                  00006386    0000000c     rtsv7M4_T_le_v4SPD16_eabi.lib : copy_zero_init.c.obj (.text:decompress:ZI:__TI_zero_init)
                  00006392    0000000a                                   : sprintf.c.obj (.text:_outc)
                  0000639c    00000008                                   : errno.c.obj (.text:__aeabi_errno_addr)
                  000063a4    00000004     msp432p4xx_driverlib.lib : cpu.o (.text:CPU_wfi)
                  000063a8    00000004     rtsv7M4_T_le_v4SPD16_eabi.lib : pre_init.c.obj (.text:_system_pre_init)
                  000063ac    00000004                                   : exit.c.obj (.text:abort:abort)

.const     0    000063b0    0000424c     
                  000063b0    00000fe5     grlib.a : fontcmsc34.obj (.const:.string:g_pucCmsc34Data)
                  00007395    00000670             : fontcmsc14.obj (.const:.string:g_pucCmsc14Data)
                  00007a05    0000059a             : fontcmsc12.obj (.const:.string:g_pucCmsc12Data)
                  00007f9f    00000570     images.obj (.const:.string:pixel_get_ready4BPP_UNCOMP)
                  0000850f    00000564     images.obj (.const:.string:pixel_down_road4BPP_UNCOMP)
                  00008a73    000004ec     images.obj (.const:.string:pixel_up_road4BPP_UNCOMP)
                  00008f5f    000004e0     images.obj (.const:.string:pixel_game_over4BPP_UNCOMP)
                  0000943f    00000340     images.obj (.const:.string:pixel_flappy_bird4BPP_UNCOMP)
                  0000977f    000002f8     grlib.a : fontfixed6x8.obj (.const:.string:g_pucFontFixed6x8Data)
                  00009a77    000002d5     images.obj (.const:.string:pixel_start_button4BPP_UNCOMP)
                  00009d4c    00000101     rtsv7M4_T_le_v4SPD16_eabi.lib : ctype.c.obj (.const:.string:_ctypes_)
                  00009e4d    00000003     --HOLE-- [fill = 0]
                  00009e50    000000dc     tasks.obj (.const:handlers)
                  00009f2c    000000c8     grlib.a : fontcmsc12.obj (.const:g_sFontCmsc12)
                  00009ff4    000000c8             : fontcmsc14.obj (.const:g_sFontCmsc14)
                  0000a0bc    000000c8             : fontcmsc34.obj (.const:g_sFontCmsc34)
                  0000a184    000000c8             : fontfixed6x8.obj (.const:g_sFontFixed6x8)
                  0000a24c    00000080     msp432p4xx_driverlib.lib : adc14.o (.const:_ctlRegs)
                  0000a2cc    00000060     rtsv7M4_T_le_v4SPD16_eabi.lib : mktime.c.obj (.const:$O1$$)
                  0000a32c    00000040     images.obj (.const:palette_down_road4BPP_UNCOMP)
                  0000a36c    00000040     images.obj (.const:palette_flappy_bird4BPP_UNCOMP)
                  0000a3ac    00000040     images.obj (.const:palette_game_over4BPP_UNCOMP)
                  0000a3ec    00000040     images.obj (.const:palette_get_ready4BPP_UNCOMP)
                  0000a42c    00000040     images.obj (.const:palette_up_road4BPP_UNCOMP)
                  0000a46c    0000003c     images.obj (.const:palette_start_button4BPP_UNCOMP)
                  0000a4a8    00000030     msp432p4xx_driverlib.lib : gpio.o (.const:GPIO_PORT_TO_BASE)
                  0000a4d8    00000020     Crystalfontz128x128_ST7735.obj (.const:g_sCrystalfontz128x128_funcs)
                  0000a4f8    0000001c     HAL_MSP_EXP432P401R_Crystalfontz128x128_ST7735.obj (.const:$P$T0$1)
                  0000a514    00000018     main.obj (.const:$P$T0$1)
                  0000a52c    00000018     main.obj (.const:$P$T1$2)
                  0000a544    00000010     alarm.obj (.const:$P$T0$3)
                  0000a554    00000010     images.obj (.const:down_road4BPP_UNCOMP)
                  0000a564    00000010     images.obj (.const:flappy_bird4BPP_UNCOMP)
                  0000a574    00000010     images.obj (.const:game_over4BPP_UNCOMP)
                  0000a584    00000010     images.obj (.const:get_ready4BPP_UNCOMP)
                  0000a594    00000010     game.obj (.const:shifter)
                  0000a5a4    00000010     images.obj (.const:start_button4BPP_UNCOMP)
                  0000a5b4    00000010     images.obj (.const:up_road4BPP_UNCOMP)
                  0000a5c4    00000008     Crystalfontz128x128_ST7735.obj (.const:$P$T0$1)
                  0000a5cc    00000008     activity_tracker.obj (.const:$P$T0$5)
                  0000a5d4    00000008     activity_tracker.obj (.const:$P$T1$6)
                  0000a5dc    00000008     activity_tracker.obj (.const:$P$T2$7)
                  0000a5e4    00000008     activity_tracker.obj (.const:$P$T3$8)
                  0000a5ec    00000008     activity_tracker.obj (.const:$P$T4$9)
                  0000a5f4    00000008     msp432p4xx_driverlib.lib : interrupt.o (.const:g_pulEnRegs)

.cinit     0    0000a600    00000080     
                  0000a600    00000057     (.cinit..data.load) [load image, compression = lzss]
                  0000a657    00000001     --HOLE-- [fill = 0]
                  0000a658    0000000c     (__TI_handler_table)
                  0000a664    00000004     --HOLE-- [fill = 0]
                  0000a668    00000008     (.cinit..bss.load) [load image, compression = zero_init]
                  0000a670    00000010     (__TI_cinit_table)

.init_array 
*          0    00000000    00000000     UNINITIALIZED

.binit     0    00000000    00000000     

.bss       0    20000000    0000059a     UNINITIALIZED
                  20000000    00000400     grlib.a : image.obj (.bss:g_pulConvertedPalette)
                  20000400    00000120     rtsv7M4_T_le_v4SPD16_eabi.lib : trgmsg.c.obj (.bss:_CIOBUF_)
                  20000520    00000018     (.common:flappy)
                  20000538    00000018     (.common:pipe1)
                  20000550    00000018     (.common:pipe2)
                  20000568    0000000c     (.common:score_string)
                  20000574    00000008     msp432p4xx_driverlib.lib : cs.o (.bss)
                  2000057c    00000008     (.common:conversion_values)
                  20000584    00000008     (.common:parmbuf)
                  2000058c    00000004     (.common:pipe_index)
                  20000590    00000002     (.common:Lcd_ScreenHeigth)
                  20000592    00000002     (.common:Lcd_ScreenWidth)
                  20000594    00000002     (.common:Lcd_TouchTrim)
                  20000596    00000001     (.common:Lcd_FlagRead)
                  20000597    00000001     (.common:Lcd_FontSolid)
                  20000598    00000001     (.common:Lcd_Orientation)
                  20000599    00000001     (.common:Lcd_PenSolid)

.data      0    200005a0    00000120     UNINITIALIZED
                  200005a0    00000048     activity_tracker.obj (.data)
                  200005e8    00000024     rtsv7M4_T_le_v4SPD16_eabi.lib : localtim.c.obj (.data:local_tm)
                  2000060c    00000020     system_time.obj (.data:ClockDate)
                  2000062c    00000020     system_time.obj (.data:ClockTime)
                  2000064c    0000001f     alarm.obj (.data)
                  2000066b    00000001     tasks.obj (.data)
                  2000066c    00000010     rtsv7M4_T_le_v4SPD16_eabi.lib : tmzone.c.obj (.data:_tz)
                  2000067c    00000010     Crystalfontz128x128_ST7735.obj (.data:g_sCrystalfontz128x128)
                  2000068c    00000010     game.obj (.data)
                  2000069c    0000000c     main_page.obj (.data)
                  200006a8    00000008     rtsv7M4_T_le_v4SPD16_eabi.lib : _lock.c.obj (.data:$O1$$)
                  200006b0    00000008     time_display.obj (.data)
                  200006b8    00000004     rtsv7M4_T_le_v4SPD16_eabi.lib : errno.c.obj (.data)
                  200006bc    00000004     system_msp432p401r.obj (.data)

.stack     0    2000fe00    00000200     UNINITIALIZED
                  2000fe00    00000004     rtsv7M4_T_le_v4SPD16_eabi.lib : boot_cortex_m.c.obj (.stack)
                  2000fe04    000001fc     --HOLE--

__llvm_prf_cnts 
*          0    20000000    00000000     UNINITIALIZED

MODULE SUMMARY

       Module                                               code    ro data   rw data
       ------                                               ----    -------   -------
    .\
       images.obj                                           0       7313      0      
       alarm.obj                                            1860    16        62     
       activity_tracker.obj                                 1500    40        144    
       game.obj                                             1120    16        208    
       main.obj                                             1248    48        16     
       system_msp432p401r.obj                               820     0         8      
       main_page.obj                                        460     0         24     
       system_time.obj                                      184     0         128    
       time_display.obj                                     288     0         16     
       startup_msp432p401r_ccs.obj                          14      228       0      
       tasks.obj                                            16      220       2      
    +--+----------------------------------------------------+-------+---------+---------+
       Total:                                               7510    7881      608    
                                                                                     
    .\LcdDriver\
       Crystalfontz128x128_ST7735.obj                       1664    40        52     
       HAL_MSP_EXP432P401R_Crystalfontz128x128_ST7735.obj   204     28        0      
    +--+----------------------------------------------------+-------+---------+---------+
       Total:                                               1868    68        52     
                                                                                     
    C:/Users/Dell/Desktop/embedded/simplelink_msp432p4_sdk_3_40_01_02/source/ti/devices/msp432p4xx/driverlib/ccs/msp432p4xx_driverlib.lib
       adc14.o                                              768     128       0      
       cs.o                                                 818     0         16     
       gpio.o                                               664     48        0      
       spi.o                                                312     0         0      
       interrupt.o                                          160     8         0      
       sysctl_a.o                                           148     0         0      
       timer_a.o                                            44      0         0      
       pcm.o                                                40      0         0      
       cpu.o                                                4       0         0      
    +--+----------------------------------------------------+-------+---------+---------+
       Total:                                               2958    184       16     
                                                                                     
    C:/Users/Dell/Desktop/embedded/simplelink_msp432p4_sdk_3_40_01_02/source/ti/grlib/lib/ccs/m4/grlib.a
       fontcmsc34.obj                                       0       4269      0      
       image.obj                                            1020    0         2048   
       fontcmsc14.obj                                       0       1848      0      
       fontcmsc12.obj                                       0       1634      0      
       string.obj                                           1536    0         0      
       fontfixed6x8.obj                                     0       960       0      
       rectangle.obj                                        436     0         0      
       line.obj                                             312     0         0      
       display.obj                                          300     0         0      
       context.obj                                          174     0         0      
    +--+----------------------------------------------------+-------+---------+---------+
       Total:                                               3778    8711      2048   
                                                                                     
    C:\ti\ccs1280\ccs\tools\compiler\ti-cgt-arm_20.2.7.LTS\lib\rtsv7M4_T_le_v4SPD16_eabi.lib
       _printfi.c.obj                                       4851    0         0      
       mktime.c.obj                                         672     96        0      
       trgmsg.c.obj                                         108     0         576    
       fd_add_t2.asm.obj                                    438     0         0      
       localtim.c.obj                                       308     0         72     
       fd_div_t2.asm.obj                                    310     0         0      
       s_scalbn.c.obj                                       272     0         0      
       fd_cmp_t2.asm.obj                                    268     0         0      
       ctype.c.obj                                          0       257       0      
       fd_mul_t2.asm.obj                                    252     0         0      
       memcpy_t2.asm.obj                                    156     0         0      
       ull_div_t2.asm.obj                                   150     0         0      
       memset_t2.asm.obj                                    122     0         0      
       ll_div_t2.asm.obj                                    110     0         0      
       copy_decompress_lzss.c.obj                           104     0         0      
       s_frexp.c.obj                                        100     0         0      
       sprintf.c.obj                                        98      0         0      
       _ltoa.c.obj                                          84      0         0      
       atoi.c.obj                                           76      0         0      
       fd_toi_t2.asm.obj                                    72      0         0      
       hosttime.c.obj                                       72      0         0      
       autoinit.c.obj                                       68      0         0      
       u_divt2.asm.obj                                      64      0         0      
       fs_tod_t2.asm.obj                                    56      0         0      
       boot_cortex_m.c.obj                                  52      0         0      
       i_tofd_t2.asm.obj                                    46      0         0      
       e_sqrtf.c.obj                                        40      0         0      
       tmzone.c.obj                                         0       0         32     
       u_tofd_t2.asm.obj                                    32      0         0      
       memccpy.c.obj                                        28      0         0      
       s_copysign.c.obj                                     26      0         0      
       strchr.c.obj                                         22      0         0      
       strlen.c.obj                                         20      0         0      
       _lock.c.obj                                          2       0         16     
       wcslen.c.obj                                         18      0         0      
       errno.c.obj                                          8       0         8      
       hostopen.c.obj                                       0       0         16     
       copy_decompress_none.c.obj                           14      0         0      
       time.c.obj                                           14      0         0      
       copy_zero_init.c.obj                                 12      0         0      
       exit.c.obj                                           4       0         0      
       pre_init.c.obj                                       4       0         0      
       div0.asm.obj                                         2       0         0      
    +--+----------------------------------------------------+-------+---------+---------+
       Total:                                               9155    353       720    
                                                                                     
       Stack:                                               0       0         1024   
       Linker Generated:                                    0       123       0      
    +--+----------------------------------------------------+-------+---------+---------+
       Grand Total:                                         25269   17320     4468   


LINKER GENERATED COPY TABLES

__TI_cinit_table @ 0000a670 records: 2, size/record: 8, table size: 16
	.data: load addr=0000a600, load size=00000057 bytes, run addr=200005a0, run size=00000120 bytes, compression=lzss
	.bss: load addr=0000a668, load size=00000008 bytes, run addr=20000000, run size=0000059a bytes, compression=zero_init


LINKER GENERATED HANDLER TABLE

__TI_handler_table @ 0000a658 records: 3, size/record: 4, table size: 12
	index: 0, handler: __TI_decompress_lzss
	index: 1, handler: __TI_decompress_none
	index: 2, handler: __TI_zero_init


GLOBAL SYMBOLS: SORTED ALPHABETICALLY BY Name 

address   name                                       
-------   ----                                       
000021f9  ADC14_IRQHandler                           
000021f9  ADC14_IRQHandler                           
00004ca5  ADC14_configureConversionMemory            
00004d59  ADC14_configureMultiSequenceMode           
0000601d  ADC14_getResult                            
00006385  AES256_IRQHandler                          
00006385  BusFault_Handler                           
000063ad  C$$EXIT                                    
00005e1f  C$$IO$$                                    
00006385  COMP_E0_IRQHandler                         
00006385  COMP_E1_IRQHandler                         
000063a5  CPU_wfi                                    
00006385  CS_IRQHandler                              
00005f35  CS_clearInterruptFlag                      
00004a29  CS_getDCOFrequency                         
00006045  CS_getSMCLK                                
2000060c  ClockDate                                  
2000062c  ClockTime                                  
00001279  Crystalfontz128x128_Init                   
0000138d  Crystalfontz128x128_SetDrawFrame           
000014bb  Crystalfontz128x128_SetOrientation         
00006385  DMA_ERR_IRQHandler                         
00006385  DMA_INT0_IRQHandler                        
00006385  DMA_INT1_IRQHandler                        
00006385  DMA_INT2_IRQHandler                        
00006385  DMA_INT3_IRQHandler                        
00006385  DebugMon_Handler                           
00006385  Default_Handler                            
00004423  DrawDate                                   
000043e9  DrawTime                                   
00006385  EUSCIA0_IRQHandler                         
00006385  EUSCIA1_IRQHandler                         
00006385  EUSCIA2_IRQHandler                         
00006385  EUSCIA3_IRQHandler                         
00006385  EUSCIB0_IRQHandler                         
00006385  EUSCIB1_IRQHandler                         
00006385  EUSCIB2_IRQHandler                         
00006385  EUSCIB3_IRQHandler                         
00006277  EUSCI_A_SPI_enable                         
0000628d  EUSCI_B_SPI_enable                         
00006385  FLCTL_IRQHandler                           
00006385  FPU_IRQHandler                             
0000606d  GPIO_clearInterruptFlag                    
000054a5  GPIO_getEnabledInterruptStatus             
00005f65  GPIO_getInputPinValue                      
0000615d  GPIO_getInterruptStatus                    
00005919  GPIO_setAsInputPinWithPullUpResistor       
00005c71  GPIO_setAsOutputPin                        
00005311  GPIO_setAsPeripheralModuleFunctionOutputPin
00006095  GPIO_setOutputHighOnPin                    
000060bd  GPIO_setOutputLowOnPin                     
000060e5  GPIO_toggleOutputOnPin                     
000062f9  Graphics_clearDisplay                      
000061f7  Graphics_clearDisplayOnDisplay             
00005e61  Graphics_drawHorizontalLineOnDisplay       
00002c95  Graphics_drawImage                         
00005011  Graphics_drawLineH                         
000050ad  Graphics_drawLineV                         
00005be5  Graphics_drawMultiplePixelsOnDisplay       
00005fc3  Graphics_drawPixelOnDisplay                
00004f6f  Graphics_drawRectangle                     
000023b5  Graphics_drawString                        
00005b0d  Graphics_drawStringCentered                
00005e97  Graphics_drawVerticalLineOnDisplay         
00004509  Graphics_fillRectangle                     
000061a1  Graphics_fillRectangleOnDisplay            
0000492d  Graphics_getStringWidth                    
00005a1b  Graphics_initContext                       
00006211  Graphics_setBackgroundColor                
0000622b  Graphics_setFont                           
000062a3  Graphics_setForegroundColor                
000062b9  Graphics_translateColorOnDisplay           
00004b21  HAL_LCD_PortInit                           
00004b51  HAL_LCD_SpiInit                            
00004b87  HAL_LCD_writeCommand                       
00004bb7  HAL_LCD_writeData                          
00005b55  HOSTtime                                   
00006385  HardFault_Handler                          
00002835  Init                                       
0000632d  Interrupt_disableSleepOnIsrExit            
00005529  Interrupt_enableInterrupt                  
0000633d  Interrupt_enableSleepOnIsrExit             
20000596  Lcd_FlagRead                               
20000597  Lcd_FontSolid                              
20000598  Lcd_Orientation                            
20000599  Lcd_PenSolid                               
20000590  Lcd_ScreenHeigth                           
20000592  Lcd_ScreenWidth                            
20000594  Lcd_TouchTrim                              
00006385  MemManage_Handler                          
00006385  NMI_Handler                                
00006385  PCM_IRQHandler                             
0000610d  PCM_gotoLPM0                               
00006385  PORT1_IRQHandler                           
00006385  PORT2_IRQHandler                           
0000232d  PORT3_IRQHandler                           
0000232d  PORT3_IRQHandler                           
000022fd  PORT4_IRQHandler                           
000022fd  PORT4_IRQHandler                           
00002355  PORT5_IRQHandler                           
00002355  PORT5_IRQHandler                           
00006385  PORT6_IRQHandler                           
00006385  PSS_IRQHandler                             
00006385  PendSV_Handler                             
00006385  RTC_C_IRQHandler                           
00006379  Reset_Handler                              
000061bf  SPI_enableModule                           
00004ebf  SPI_initMaster                             
00006385  SVC_Handler                                
0000527d  SysCtl_A_getTLVInfo                        
00006385  SysTick_Handler                            
200006bc  SystemCoreClock                            
00003025  SystemCoreClockUpdate                      
0000329d  SystemInit                                 
00006385  T32_INT1_IRQHandler                        
00006385  T32_INT2_IRQHandler                        
00006385  T32_INTC_IRQHandler                        
00002285  TA0_0_IRQHandler                           
00002285  TA0_0_IRQHandler                           
00006385  TA0_N_IRQHandler                           
000022a9  TA1_0_IRQHandler                           
000022a9  TA1_0_IRQHandler                           
00006385  TA1_N_IRQHandler                           
00006385  TA2_0_IRQHandler                           
00006385  TA2_N_IRQHandler                           
00006385  TA3_0_IRQHandler                           
00006385  TA3_N_IRQHandler                           
00005ff1  Timer_A_clearCaptureCompareInterrupt       
00006385  UsageFault_Handler                         
4000480c  WDTCTL_SYM                                 
00006385  WDT_A_IRQHandler                           
20000400  __CIOBUF_                                  
20010000  __STACK_END                                
00000200  __STACK_SIZE                               
0000a670  __TI_CINIT_Base                            
0000a680  __TI_CINIT_Limit                           
0000a658  __TI_Handler_Table_Base                    
0000a664  __TI_Handler_Table_Limit                   
00005c2d  __TI_auto_init_nobinit_nopinit             
000057e9  __TI_decompress_lzss                       
0000636b  __TI_decompress_none                       
000059c7  __TI_ltoa                                  
ffffffff  __TI_pprof_out_hndl                        
000000e5  __TI_printfi                               
ffffffff  __TI_prof_data_size                        
ffffffff  __TI_prof_data_start                       
00005ecd  __TI_readmsg                               
00000000  __TI_static_base__                         
00005df1  __TI_writemsg                              
00006387  __TI_zero_init                             
00005399  __aeabi_cdcmpeq                            
00005399  __aeabi_cdcmple                            
0000541f  __aeabi_cdrcmple                           
00005b9d  __aeabi_d2iz                               
00003c0f  __aeabi_dadd                               
00004059  __aeabi_ddiv                               
00004831  __aeabi_dmul                               
00003c05  __aeabi_dsub                               
0000639d  __aeabi_errno_addr                         
00005e29  __aeabi_f2d                                
00005f95  __aeabi_i2d                                
00002833  __aeabi_idiv0                              
00002833  __aeabi_ldiv0                              
0000570d  __aeabi_ldivmod                            
00005625  __aeabi_memclr                             
00005625  __aeabi_memclr4                            
00005625  __aeabi_memclr8                            
00005149  __aeabi_memcpy                             
00005149  __aeabi_memcpy4                            
00005149  __aeabi_memcpy8                            
00005627  __aeabi_memset                             
00005627  __aeabi_memset4                            
00005627  __aeabi_memset8                            
00006181  __aeabi_ui2d                               
00005d31  __aeabi_uidiv                              
00005d31  __aeabi_uidivmod                           
000051e5  __aeabi_uldivmod                           
ffffffff  __binit__                                  
ffffffff  __c_args__                                 
00004191  __localtime32                              
00003359  __mktime32                                 
UNDEFED   __mpu_init                                 
2000fe00  __stack                                    
20000000  __start___llvm_prf_cnts                    
20000000  __stop___llvm_prf_cnts                     
0000635d  __time32                                   
0000118b  _buzzerInit                                
00005f01  _c_int00_noargs                            
00009d4c  _ctypes_                                   
200006a8  _lock                                      
00000b33  _nop                                       
UNDEFED   _system_post_cinit                         
000063a9  _system_pre_init                           
2000066c  _tz                                        
200006ac  _unlock                                    
000063ad  abort                                      
00001c61  activity_tracker_adc_handler               
00001e47  activity_tracker_timer_tick                
00004c85  alarmTriggered                             
00000fff  alarm_adc                                  
000010c7  alarm_button1_handler                      
00001129  alarm_button2_handler                      
00001039  alarm_check                                
00001207  alarm_task                                 
00005ac1  atoi                                       
ffffffff  binit                                      
0000109b  buttonsInit                                
000011f1  buzzerOff                                  
000011d9  buzzerOn                                   
200006a0  chosen_task                                
20000695  clear_screen_flag                          
2000057c  conversion_values                          
00006245  copysign                                   
00006245  copysignl                                  
2000066b  current_task                               
200005b0  distance_cm                                
0000a554  down_road4BPP_UNCOMP                       
00000b9d  drawAlarmScreen                            
00000b35  drawCurrentTime                            
00003b5d  draw_menu_text                             
00002985  draw_screen_game_over                      
000029cf  draw_screen_get_ready                      
00002957  draw_screen_start                          
20000694  draw_screen_start_flag                     
200006b8  errno                                      
20000520  flappy                                     
0000a564  flappy_bird4BPP_UNCOMP                     
00005851  frexp                                      
00005851  frexpl                                     
20000658  g_alarmHour                                
2000065c  g_alarmMinute                              
20000661  g_alarmRinging                             
20000660  g_alarmSet                                 
2000064c  g_hour                                     
20000662  g_joyX                                     
20000664  g_joyY                                     
20000650  g_minute                                   
20000667  g_prevSnoozeButton                         
20000666  g_prevStopButton                           
2000067c  g_sCrystalfontz128x128                     
0000a4d8  g_sCrystalfontz128x128_funcs               
00009f2c  g_sFontCmsc12                              
00009ff4  g_sFontCmsc14                              
0000a0bc  g_sFontCmsc34                              
0000a184  g_sFontFixed6x8                            
20000654  g_selectedField                            
00002bfd  game_button1_handler                       
00002c29  game_button2_handler                       
20000696  game_current_state                         
00002c3f  game_exit_handler                          
0000a574  game_over4BPP_UNCOMP                       
2000068c  game_redraw                                
00002ba9  game_ta0_handler                           
00002bc3  game_ta1_handler                           
00002a11  game_task                                  
0000a584  get_ready4BPP_UNCOMP                       
00009e50  handlers                                   
00001fa9  initADC                                    
00001ee1  initGraphics                               
00002141  initStickPush                              
0000209f  initTimer_TA_0                             
000020f1  initTimer_TA_1                             
200006b4  init_display                               
00000000  interruptVectors                           
00001085  isAlarmRinging                             
0000461d  ldexp                                      
0000461d  ldexpl                                     
00004191  localtime                                  
000021ab  main                                       
00003a59  main_page_adc                              
00003bc9  main_page_button                           
00003be1  main_page_exit                             
00003a39  main_page_task                             
000061db  memccpy                                    
00005149  memcpy                                     
0000562d  memset                                     
00003359  mktime                                     
0000634d  no_op_adc_task                             
0000635b  no_op_task                                 
2000069c  pContext                                   
20000584  parmbuf                                    
20000538  pipe1                                      
20000550  pipe2                                      
2000068d  pipe_active                                
2000058c  pipe_index                                 
0000108b  readJoystickX                              
00001093  readJoystickY                              
00002915  redraw_game                                
00001ed5  reset_device                               
000028c3  restart_pipes                              
0000461d  scalbn                                     
0000461d  scalbnl                                    
20000690  score                                      
20000568  score_string                               
00003b43  set_colored_foreground                     
00003b29  set_colored_text                           
0000a594  shifter                                    
00005d71  sprintf                                    
00006135  sqrtf                                      
0000a5a4  start_button4BPP_UNCOMP                    
200005a8  stepCount                                  
00001e71  step_counter_button_handler                
00001bf5  step_counter_enter_task                    
00001bc9  step_counter_reset_screen                  
00001b53  step_counter_task                          
00003b0d  stick_tilted_down                          
00003af3  stick_tilted_up                            
000062cf  strchr                                     
000062e5  strlen                                     
00004bed  syncTime                                   
0000635d  time                                       
200006b0  timeUpdateFlag                             
0000445d  time_display                               
000044ab  time_display_exit                          
000044a3  time_display_ta1_handler                   
0000a5b4  up_road4BPP_UNCOMP                         
00000ef1  updateFromJoystick                         
00004c3d  updateTime                                 
0000630b  wcslen                                     


GLOBAL SYMBOLS: SORTED BY Symbol Address 

address   name                                       
-------   ----                                       
00000000  __TI_static_base__                         
00000000  interruptVectors                           
000000e5  __TI_printfi                               
00000200  __STACK_SIZE                               
00000b33  _nop                                       
00000b35  drawCurrentTime                            
00000b9d  drawAlarmScreen                            
00000ef1  updateFromJoystick                         
00000fff  alarm_adc                                  
00001039  alarm_check                                
00001085  isAlarmRinging                             
0000108b  readJoystickX                              
00001093  readJoystickY                              
0000109b  buttonsInit                                
000010c7  alarm_button1_handler                      
00001129  alarm_button2_handler                      
0000118b  _buzzerInit                                
000011d9  buzzerOn                                   
000011f1  buzzerOff                                  
00001207  alarm_task                                 
00001279  Crystalfontz128x128_Init                   
0000138d  Crystalfontz128x128_SetDrawFrame           
000014bb  Crystalfontz128x128_SetOrientation         
00001b53  step_counter_task                          
00001bc9  step_counter_reset_screen                  
00001bf5  step_counter_enter_task                    
00001c61  activity_tracker_adc_handler               
00001e47  activity_tracker_timer_tick                
00001e71  step_counter_button_handler                
00001ed5  reset_device                               
00001ee1  initGraphics                               
00001fa9  initADC                                    
0000209f  initTimer_TA_0                             
000020f1  initTimer_TA_1                             
00002141  initStickPush                              
000021ab  main                                       
000021f9  ADC14_IRQHandler                           
000021f9  ADC14_IRQHandler                           
00002285  TA0_0_IRQHandler                           
00002285  TA0_0_IRQHandler                           
000022a9  TA1_0_IRQHandler                           
000022a9  TA1_0_IRQHandler                           
000022fd  PORT4_IRQHandler                           
000022fd  PORT4_IRQHandler                           
0000232d  PORT3_IRQHandler                           
0000232d  PORT3_IRQHandler                           
00002355  PORT5_IRQHandler                           
00002355  PORT5_IRQHandler                           
000023b5  Graphics_drawString                        
00002833  __aeabi_idiv0                              
00002833  __aeabi_ldiv0                              
00002835  Init                                       
000028c3  restart_pipes                              
00002915  redraw_game                                
00002957  draw_screen_start                          
00002985  draw_screen_game_over                      
000029cf  draw_screen_get_ready                      
00002a11  game_task                                  
00002ba9  game_ta0_handler                           
00002bc3  game_ta1_handler                           
00002bfd  game_button1_handler                       
00002c29  game_button2_handler                       
00002c3f  game_exit_handler                          
00002c95  Graphics_drawImage                         
00003025  SystemCoreClockUpdate                      
0000329d  SystemInit                                 
00003359  __mktime32                                 
00003359  mktime                                     
00003a39  main_page_task                             
00003a59  main_page_adc                              
00003af3  stick_tilted_up                            
00003b0d  stick_tilted_down                          
00003b29  set_colored_text                           
00003b43  set_colored_foreground                     
00003b5d  draw_menu_text                             
00003bc9  main_page_button                           
00003be1  main_page_exit                             
00003c05  __aeabi_dsub                               
00003c0f  __aeabi_dadd                               
00004059  __aeabi_ddiv                               
00004191  __localtime32                              
00004191  localtime                                  
000043e9  DrawTime                                   
00004423  DrawDate                                   
0000445d  time_display                               
000044a3  time_display_ta1_handler                   
000044ab  time_display_exit                          
00004509  Graphics_fillRectangle                     
0000461d  ldexp                                      
0000461d  ldexpl                                     
0000461d  scalbn                                     
0000461d  scalbnl                                    
00004831  __aeabi_dmul                               
0000492d  Graphics_getStringWidth                    
00004a29  CS_getDCOFrequency                         
00004b21  HAL_LCD_PortInit                           
00004b51  HAL_LCD_SpiInit                            
00004b87  HAL_LCD_writeCommand                       
00004bb7  HAL_LCD_writeData                          
00004bed  syncTime                                   
00004c3d  updateTime                                 
00004c85  alarmTriggered                             
00004ca5  ADC14_configureConversionMemory            
00004d59  ADC14_configureMultiSequenceMode           
00004ebf  SPI_initMaster                             
00004f6f  Graphics_drawRectangle                     
00005011  Graphics_drawLineH                         
000050ad  Graphics_drawLineV                         
00005149  __aeabi_memcpy                             
00005149  __aeabi_memcpy4                            
00005149  __aeabi_memcpy8                            
00005149  memcpy                                     
000051e5  __aeabi_uldivmod                           
0000527d  SysCtl_A_getTLVInfo                        
00005311  GPIO_setAsPeripheralModuleFunctionOutputPin
00005399  __aeabi_cdcmpeq                            
00005399  __aeabi_cdcmple                            
0000541f  __aeabi_cdrcmple                           
000054a5  GPIO_getEnabledInterruptStatus             
00005529  Interrupt_enableInterrupt                  
00005625  __aeabi_memclr                             
00005625  __aeabi_memclr4                            
00005625  __aeabi_memclr8                            
00005627  __aeabi_memset                             
00005627  __aeabi_memset4                            
00005627  __aeabi_memset8                            
0000562d  memset                                     
0000570d  __aeabi_ldivmod                            
000057e9  __TI_decompress_lzss                       
00005851  frexp                                      
00005851  frexpl                                     
00005919  GPIO_setAsInputPinWithPullUpResistor       
000059c7  __TI_ltoa                                  
00005a1b  Graphics_initContext                       
00005ac1  atoi                                       
00005b0d  Graphics_drawStringCentered                
00005b55  HOSTtime                                   
00005b9d  __aeabi_d2iz                               
00005be5  Graphics_drawMultiplePixelsOnDisplay       
00005c2d  __TI_auto_init_nobinit_nopinit             
00005c71  GPIO_setAsOutputPin                        
00005d31  __aeabi_uidiv                              
00005d31  __aeabi_uidivmod                           
00005d71  sprintf                                    
00005df1  __TI_writemsg                              
00005e1f  C$$IO$$                                    
00005e29  __aeabi_f2d                                
00005e61  Graphics_drawHorizontalLineOnDisplay       
00005e97  Graphics_drawVerticalLineOnDisplay         
00005ecd  __TI_readmsg                               
00005f01  _c_int00_noargs                            
00005f35  CS_clearInterruptFlag                      
00005f65  GPIO_getInputPinValue                      
00005f95  __aeabi_i2d                                
00005fc3  Graphics_drawPixelOnDisplay                
00005ff1  Timer_A_clearCaptureCompareInterrupt       
0000601d  ADC14_getResult                            
00006045  CS_getSMCLK                                
0000606d  GPIO_clearInterruptFlag                    
00006095  GPIO_setOutputHighOnPin                    
000060bd  GPIO_setOutputLowOnPin                     
000060e5  GPIO_toggleOutputOnPin                     
0000610d  PCM_gotoLPM0                               
00006135  sqrtf                                      
0000615d  GPIO_getInterruptStatus                    
00006181  __aeabi_ui2d                               
000061a1  Graphics_fillRectangleOnDisplay            
000061bf  SPI_enableModule                           
000061db  memccpy                                    
000061f7  Graphics_clearDisplayOnDisplay             
00006211  Graphics_setBackgroundColor                
0000622b  Graphics_setFont                           
00006245  copysign                                   
00006245  copysignl                                  
00006277  EUSCI_A_SPI_enable                         
0000628d  EUSCI_B_SPI_enable                         
000062a3  Graphics_setForegroundColor                
000062b9  Graphics_translateColorOnDisplay           
000062cf  strchr                                     
000062e5  strlen                                     
000062f9  Graphics_clearDisplay                      
0000630b  wcslen                                     
0000632d  Interrupt_disableSleepOnIsrExit            
0000633d  Interrupt_enableSleepOnIsrExit             
0000634d  no_op_adc_task                             
0000635b  no_op_task                                 
0000635d  __time32                                   
0000635d  time                                       
0000636b  __TI_decompress_none                       
00006379  Reset_Handler                              
00006385  AES256_IRQHandler                          
00006385  BusFault_Handler                           
00006385  COMP_E0_IRQHandler                         
00006385  COMP_E1_IRQHandler                         
00006385  CS_IRQHandler                              
00006385  DMA_ERR_IRQHandler                         
00006385  DMA_INT0_IRQHandler                        
00006385  DMA_INT1_IRQHandler                        
00006385  DMA_INT2_IRQHandler                        
00006385  DMA_INT3_IRQHandler                        
00006385  DebugMon_Handler                           
00006385  Default_Handler                            
00006385  EUSCIA0_IRQHandler                         
00006385  EUSCIA1_IRQHandler                         
00006385  EUSCIA2_IRQHandler                         
00006385  EUSCIA3_IRQHandler                         
00006385  EUSCIB0_IRQHandler                         
00006385  EUSCIB1_IRQHandler                         
00006385  EUSCIB2_IRQHandler                         
00006385  EUSCIB3_IRQHandler                         
00006385  FLCTL_IRQHandler                           
00006385  FPU_IRQHandler                             
00006385  HardFault_Handler                          
00006385  MemManage_Handler                          
00006385  NMI_Handler                                
00006385  PCM_IRQHandler                             
00006385  PORT1_IRQHandler                           
00006385  PORT2_IRQHandler                           
00006385  PORT6_IRQHandler                           
00006385  PSS_IRQHandler                             
00006385  PendSV_Handler                             
00006385  RTC_C_IRQHandler                           
00006385  SVC_Handler                                
00006385  SysTick_Handler                            
00006385  T32_INT1_IRQHandler                        
00006385  T32_INT2_IRQHandler                        
00006385  T32_INTC_IRQHandler                        
00006385  TA0_N_IRQHandler                           
00006385  TA1_N_IRQHandler                           
00006385  TA2_0_IRQHandler                           
00006385  TA2_N_IRQHandler                           
00006385  TA3_0_IRQHandler                           
00006385  TA3_N_IRQHandler                           
00006385  UsageFault_Handler                         
00006385  WDT_A_IRQHandler                           
00006387  __TI_zero_init                             
0000639d  __aeabi_errno_addr                         
000063a5  CPU_wfi                                    
000063a9  _system_pre_init                           
000063ad  C$$EXIT                                    
000063ad  abort                                      
00009d4c  _ctypes_                                   
00009e50  handlers                                   
00009f2c  g_sFontCmsc12                              
00009ff4  g_sFontCmsc14                              
0000a0bc  g_sFontCmsc34                              
0000a184  g_sFontFixed6x8                            
0000a4d8  g_sCrystalfontz128x128_funcs               
0000a554  down_road4BPP_UNCOMP                       
0000a564  flappy_bird4BPP_UNCOMP                     
0000a574  game_over4BPP_UNCOMP                       
0000a584  get_ready4BPP_UNCOMP                       
0000a594  shifter                                    
0000a5a4  start_button4BPP_UNCOMP                    
0000a5b4  up_road4BPP_UNCOMP                         
0000a658  __TI_Handler_Table_Base                    
0000a664  __TI_Handler_Table_Limit                   
0000a670  __TI_CINIT_Base                            
0000a680  __TI_CINIT_Limit                           
20000000  __start___llvm_prf_cnts                    
20000000  __stop___llvm_prf_cnts                     
20000400  __CIOBUF_                                  
20000520  flappy                                     
20000538  pipe1                                      
20000550  pipe2                                      
20000568  score_string                               
2000057c  conversion_values                          
20000584  parmbuf                                    
2000058c  pipe_index                                 
20000590  Lcd_ScreenHeigth                           
20000592  Lcd_ScreenWidth                            
20000594  Lcd_TouchTrim                              
20000596  Lcd_FlagRead                               
20000597  Lcd_FontSolid                              
20000598  Lcd_Orientation                            
20000599  Lcd_PenSolid                               
200005a8  stepCount                                  
200005b0  distance_cm                                
2000060c  ClockDate                                  
2000062c  ClockTime                                  
2000064c  g_hour                                     
20000650  g_minute                                   
20000654  g_selectedField                            
20000658  g_alarmHour                                
2000065c  g_alarmMinute                              
20000660  g_alarmSet                                 
20000661  g_alarmRinging                             
20000662  g_joyX                                     
20000664  g_joyY                                     
20000666  g_prevStopButton                           
20000667  g_prevSnoozeButton                         
2000066b  current_task                               
2000066c  _tz                                        
2000067c  g_sCrystalfontz128x128                     
2000068c  game_redraw                                
2000068d  pipe_active                                
20000690  score                                      
20000694  draw_screen_start_flag                     
20000695  clear_screen_flag                          
20000696  game_current_state                         
2000069c  pContext                                   
200006a0  chosen_task                                
200006a8  _lock                                      
200006ac  _unlock                                    
200006b0  timeUpdateFlag                             
200006b4  init_display                               
200006b8  errno                                      
200006bc  SystemCoreClock                            
2000fe00  __stack                                    
20010000  __STACK_END                                
4000480c  WDTCTL_SYM                                 
ffffffff  __TI_pprof_out_hndl                        
ffffffff  __TI_prof_data_size                        
ffffffff  __TI_prof_data_start                       
ffffffff  __binit__                                  
ffffffff  __c_args__                                 
ffffffff  binit                                      
UNDEFED   __mpu_init                                 
UNDEFED   _system_post_cinit                         

[319 symbols]
